Component: ARM Compiler 5.06 update 6 (build 750) Tool: armlink [4d35ed]

==============================================================================

Section Cross References

    comunication.o(i.COM_Conf) refers to comunication.o(i.__NVIC_EnableIRQ) for __NVIC_EnableIRQ
    comunication.o(i.COM_Conf) refers to main.o(.data) for pC
    comunication.o(i.COM_PrepareFrameMotpos) refers to comunication.o(i.ClearStr) for ClearStr
    comunication.o(i.COM_PrepareFrameMotpos) refers to dmul.o(x$fpl$dmul) for __aeabi_dmul
    comunication.o(i.COM_PrepareFrameMotpos) refers to dfix.o(x$fpl$dfix) for __aeabi_d2iz
    comunication.o(i.COM_PrepareFrameMotpos) refers to dfixu.o(x$fpl$dfixu) for __aeabi_d2uiz
    comunication.o(i.COM_PrepareFrameMotpos) refers to comunication.o(i.crc16) for crc16
    comunication.o(i.COM_PrepareFrameMotpos) refers to main.o(.data) for pC
    comunication.o(i.COM_PrepareFrameTelemetry) refers to comunication.o(i.crc16) for crc16
    comunication.o(i.COM_PrepareFrameTelemetry) refers to main.o(.data) for pC
    comunication.o(i.COM_ReadEmergencyStopFrame) refers to comunication.o(i.crc16) for crc16
    comunication.o(i.COM_ReadEmergencyStopFrame) refers to comunication.o(i.ClearStr) for ClearStr
    comunication.o(i.COM_ReadEmergencyStopFrame) refers to main.o(.data) for pC
    comunication.o(i.COM_ReadFromHost) refers to comunication.o(i.COM_ReadLabFrameGeneral) for COM_ReadLabFrameGeneral
    comunication.o(i.COM_ReadFromHost) refers to comunication.o(i.COM_ReadLabFrameOnlyCmd) for COM_ReadLabFrameOnlyCmd
    comunication.o(i.COM_ReadFromHost) refers to comunication.o(i.COM_ReadEmergencyStopFrame) for COM_ReadEmergencyStopFrame
    comunication.o(i.COM_ReadFromHost) refers to main.o(.data) for pC
    comunication.o(i.COM_ReadLabFrameGeneral) refers to comunication.o(i.crc16) for crc16
    comunication.o(i.COM_ReadLabFrameGeneral) refers to comunication.o(i.ClearStr) for ClearStr
    comunication.o(i.COM_ReadLabFrameGeneral) refers to main.o(.data) for pC
    comunication.o(i.COM_ReadLabFrameOnlyCmd) refers to comunication.o(i.crc16) for crc16
    comunication.o(i.COM_ReadLabFrameOnlyCmd) refers to comunication.o(i.ClearStr) for ClearStr
    comunication.o(i.COM_ReadLabFrameOnlyCmd) refers to main.o(.data) for pC
    comunication.o(i.COM_SendToHost) refers to comunication.o(i.COM_PrepareFrameTelemetry) for COM_PrepareFrameTelemetry
    comunication.o(i.COM_SendToHost) refers to comunication.o(i.COM_PrepareFrameMotpos) for COM_PrepareFrameMotpos
    comunication.o(i.COM_SendToHost) refers to comunication.o(i.ClearStr) for ClearStr
    comunication.o(i.COM_SendToHost) refers to main.o(.data) for pC
    comunication.o(i.TIM6_DAC_IRQHandler) refers to comunication.o(i.COM_SendToHost) for COM_SendToHost
    comunication.o(i.UART4_IRQHandler) refers to comunication.o(i.COM_ReadFromHost) for COM_ReadFromHost
    comunication.o(i.UART5_IRQHandler) refers to comunication.o(i.COM_ReadFromHost) for COM_ReadFromHost
    comunication.o(i.USART2_IRQHandler) refers to comunication.o(i.COM_ReadFromHost) for COM_ReadFromHost
    control.o(i.Control_Conf) refers to control.o(i.RCC_SystemInit) for RCC_SystemInit
    control.o(i.Control_Conf) refers to control.o(i.RCC_Conf) for RCC_Conf
    control.o(i.Control_Conf) refers to control.o(i.Led_Conf) for Led_Conf
    control.o(i.Control_Conf) refers to control.o(i.Control_StructConf) for Control_StructConf
    control.o(i.Control_Conf) refers to control.o(i.Control_IWDGConf) for Control_IWDGConf
    control.o(i.Control_StructConf) refers to comunication.o(i.ClearStr) for ClearStr
    control.o(i.Control_StructConf) refers to main.o(.data) for pC
    control.o(i.SysTick_Handler) refers to main.o(.data) for pC
    control.o(i.delay_ms) refers to main.o(.data) for pC
    drive.o(i.Drive_Act) refers to drive.o(i.Drive_ReadCmd) for Drive_ReadCmd
    drive.o(i.Drive_Act) refers to drive.o(i.Drive_ReadMode) for Drive_ReadMode
    drive.o(i.Drive_Act) refers to drive.o(i.Drive_ReadButtons) for Drive_ReadButtons
    drive.o(i.Drive_Act) refers to drive.o(i.Drive_MotReadPos) for Drive_MotReadPos
    drive.o(i.Drive_Act) refers to drive.o(i.Drive_WriteBackup) for Drive_WriteBackup
    drive.o(i.Drive_Act) refers to drive.o(i.Drive_MotReadCurrent) for Drive_MotReadCurrent
    drive.o(i.Drive_Act) refers to control.o(i.Led_OnOff) for Led_OnOff
    drive.o(i.Drive_Act) refers to drive.o(i.Drive_MotManualAct) for Drive_MotManualAct
    drive.o(i.Drive_Act) refers to drive.o(i.Drive_MotSetPosref) for Drive_MotSetPosref
    drive.o(i.Drive_Act) refers to drive.o(i.Drive_MotRegulator) for Drive_MotRegulator
    drive.o(i.Drive_Act) refers to drive.o(i.Drive_ReadHardwareLimits) for Drive_ReadHardwareLimits
    drive.o(i.Drive_Act) refers to drive.o(i.Drive_SerwAct) for Drive_SerwAct
    drive.o(i.Drive_Act) refers to drive.o(i.Drive_ReadSoftwareLimits) for Drive_ReadSoftwareLimits
[...]
    drive.o(i.Drive_ReadCmd) refers to drive.o(i.Drive_AutoNextPoint) for Drive_AutoNextPoint
    drive.o(i.Drive_ReadCmd) refers to drive.o(i.Drive_AutoPreviousPoint) for Drive_AutoPreviousPoint
    drive.o(i.Drive_ReadHardwareLimits) refers to drive.o(i.Drive_MotSetHomePosition) for Drive_MotSetHomePosition
    drive.o(i.Drive_ReadHardwareLimits) refers to dflt_clz.o(x$fpl$dflt) for __aeabi_i2d
    drive.o(i.Drive_ReadHardwareLimits) refers to dleqf.o(x$fpl$dleqf) for __aeabi_cdcmple
    drive.o(i.Drive_ReadHardwareLimits) refers to drive.o(i.Drive_MotStopOneMot) for Drive_MotStopOneMot
    drive.o(i.Drive_ReadHardwareLimits) refers to main.o(.data) for pC
    drive.o(i.Drive_ReadMode) refers to main.o(.data) for pC
    drive.o(i.Drive_ReadSoftwareLimits) refers to dleqf.o(x$fpl$dleqf) for __aeabi_cdcmple
    drive.o(i.Drive_ReadSoftwareLimits) refers to dflt_clz.o(x$fpl$dflt) for __aeabi_i2d
    drive.o(i.Drive_ReadSoftwareLimits) refers to drive.o(i.Drive_MotStopOneMot) for Drive_MotStopOneMot
    drive.o(i.Drive_ReadSoftwareLimits) refers to drleqf.o(x$fpl$drleqf) for __aeabi_cdrcmple
    drive.o(i.Drive_ReadSoftwareLimits) refers to main.o(.data) for pC
    drive.o(i.Drive_SerwAct) refers to main.o(.data) for pC
    drive.o(i.Drive_TimConf) refers to main.o(.data) for pC
    drive.o(i.Drive_WriteBackup) refers to dmul.o(x$fpl$dmul) for __aeabi_dmul
    drive.o(i.Drive_WriteBackup) refers to dfix.o(x$fpl$dfix) for __aeabi_d2iz
    drive.o(i.Drive_WriteBackup) refers to main.o(.data) for pC
    drive.o(i.TIM7_IRQHandler) refers to drive.o(i.Drive_Act) for Drive_Act
    main.o(i.main) refers to control.o(i.Control_Conf) for Control_Conf
    main.o(i.main) refers to drive.o(i.Drive_Conf) for Drive_Conf
    main.o(i.main) refers to comunication.o(i.COM_Conf) for COM_Conf
    main.o(i.main) refers to control.o(i.delay_ms) for delay_ms
    main.o(.data) refers to main.o(.bss) for Control
    startup_stm32f407xx.o(STACK) refers (Special) to heapauxi.o(.text) for __use_two_region_memory
    startup_stm32f407xx.o(HEAP) refers (Special) to heapauxi.o(.text) for __use_two_region_memory
    startup_stm32f407xx.o(RESET) refers (Special) to heapauxi.o(.text) for __use_two_region_memory
    startup_stm32f407xx.o(RESET) refers to startup_stm32f407xx.o(STACK) for __initial_sp
    startup_stm32f407xx.o(RESET) refers to startup_stm32f407xx.o(.text) for Reset_Handler
    startup_stm32f407xx.o(RESET) refers to control.o(i.SysTick_Handler) for SysTick_Handler
    startup_stm32f407xx.o(RESET) refers to comunication.o(i.USART2_IRQHandler) for USART2_IRQHandler
    startup_stm32f407xx.o(RESET) refers to comunication.o(i.UART4_IRQHandler) for UART4_IRQHandler
    startup_stm32f407xx.o(RESET) refers to comunication.o(i.UART5_IRQHandler) for UART5_IRQHandler
    startup_stm32f407xx.o(RESET) refers to comunication.o(i.TIM6_DAC_IRQHandler) for TIM6_DAC_IRQHandler
    startup_stm32f407xx.o(RESET) refers to drive.o(i.TIM7_IRQHandler) for TIM7_IRQHandler
    startup_stm32f407xx.o(.text) refers (Special) to heapauxi.o(.text) for __use_two_region_memory
    startup_stm32f407xx.o(.text) refers to system_stm32f4xx.o(i.SystemInit) for SystemInit
    startup_stm32f407xx.o(.text) refers to __main.o(!!!main) for __main
    startup_stm32f407xx.o(.text) refers to startup_stm32f407xx.o(HEAP) for Heap_Mem
    startup_stm32f407xx.o(.text) refers to startup_stm32f407xx.o(STACK) for Stack_Mem
    system_stm32f4xx.o(i.SystemCoreClockUpdate) refers to system_stm32f4xx.o(.data) for SystemCoreClock
    system_stm32f4xx.o(i.SystemCoreClockUpdate) refers to system_stm32f4xx.o(.constdata) for AHBPrescTable
    __main.o(!!!main) refers to __rtentry.o(.ARM.Collect$$rtentry$$00000000) for __rt_entry
    basic.o(x$fpl$basic) refers (Special) to usenofp.o(x$fpl$usenofp) for __I$use$fp
    daddsub_clz.o(x$fpl$dadd) refers (Special) to usenofp.o(x$fpl$usenofp) for __I$use$fp
    daddsub_clz.o(x$fpl$dadd) refers to daddsub_clz.o(x$fpl$dsub) for _dsub1
    daddsub_clz.o(x$fpl$dadd) refers to dretinf.o(x$fpl$dretinf) for __fpl_dretinf
    daddsub_clz.o(x$fpl$dadd) refers to dnaninf.o(x$fpl$dnaninf) for __fpl_dnaninf
    daddsub_clz.o(x$fpl$drsb) refers (Special) to usenofp.o(x$fpl$usenofp) for __I$use$fp
    daddsub_clz.o(x$fpl$drsb) refers to daddsub_clz.o(x$fpl$dadd) for _dadd1
    daddsub_clz.o(x$fpl$drsb) refers to daddsub_clz.o(x$fpl$dsub) for _dsub1
    daddsub_clz.o(x$fpl$dsub) refers (Special) to usenofp.o(x$fpl$usenofp) for __I$use$fp
    daddsub_clz.o(x$fpl$dsub) refers to daddsub_clz.o(x$fpl$dadd) for _dadd1
    daddsub_clz.o(x$fpl$dsub) refers to dnaninf.o(x$fpl$dnaninf) for __fpl_dnaninf
    ddiv.o(x$fpl$drdiv) refers (Special) to usenofp.o(x$fpl$usenofp) for __I$use$fp
    ddiv.o(x$fpl$drdiv) refers to ddiv.o(x$fpl$ddiv) for ddiv_entry
    ddiv.o(x$fpl$ddiv) refers (Special) to usenofp.o(x$fpl$usenofp) for __I$use$fp
    ddiv.o(x$fpl$ddiv) refers to dretinf.o(x$fpl$dretinf) for __fpl_dretinf
    ddiv.o(x$fpl$ddiv) refers to dnaninf.o(x$fpl$dnaninf) for __fpl_dnaninf
    dfix.o(x$fpl$dfix) refers (Special) to usenofp.o(x$fpl$usenofp) for __I$use$fp
    dfix.o(x$fpl$dfix) refers to dnaninf.o(x$fpl$dnaninf) for __fpl_dnaninf
    dfix.o(x$fpl$dfixr) refers (Special) to usenofp.o(x$fpl$usenofp) for __I$use$fp
    dfix.o(x$fpl$dfixr) refers to dnaninf.o(x$fpl$dnaninf) for __fpl_dnaninf
    dfixu.o(x$fpl$dfixu) refers (Special) to usenofp.o(x$fpl$usenofp) for __I$use$fp
    dfixu.o(x$fpl$dfixu) refers to dnaninf.o(x$fpl$dnaninf) for __fpl_dnaninf
    dfixu.o(x$fpl$dfixur) refers (Special) to usenofp.o(x$fpl$usenofp) for __I$use$fp
    dfixu.o(x$fpl$dfixur) refers to dnaninf.o(x$fpl$dnaninf) for __fpl_dnaninf
    dflt_clz.o(x$fpl$dfltu) refers (Special) to usenofp.o(x$fpl$usenofp) for __I$use$fp
    dflt_clz.o(x$fpl$dflt) refers (Special) to usenofp.o(x$fpl$usenofp) for __I$use$fp
    dflt_clz.o(x$fpl$dfltn) refers (Special) to usenofp.o(x$fpl$usenofp) for __I$use$fp
    dleqf.o(x$fpl$dleqf) refers (Special) to usenofp.o(x$fpl$usenofp) for __I$use$fp
    dleqf.o(x$fpl$dleqf) refers to dnaninf.o(x$fpl$dnaninf) for __fpl_dnaninf
    dleqf.o(x$fpl$dleqf) refers to dcmpi.o(x$fpl$dcmpinf) for __fpl_dcmp_Inf
    dmul.o(x$fpl$dmul) refers (Special) to usenofp.o(x$fpl$usenofp) for __I$use$fp
    dmul.o(x$fpl$dmul) refers to dretinf.o(x$fpl$dretinf) for __fpl_dretinf
    dmul.o(x$fpl$dmul) refers to dnaninf.o(x$fpl$dnaninf) for __fpl_dnaninf
    drleqf.o(x$fpl$drleqf) refers (Special) to usenofp.o(x$fpl$usenofp) for __I$use$fp
    drleqf.o(x$fpl$drleqf) refers to dleqf.o(x$fpl$dleqf) for __fpl_dcmple_InfNaN
    fabs.o(i.__hardfp_fabs) refers (Special) to usenofp.o(x$fpl$usenofp) for __I$use$fp
    fabs.o(i.__softfp_fabs) refers (Special) to usenofp.o(x$fpl$usenofp) for __I$use$fp
    fabs.o(i.fabs) refers (Special) to usenofp.o(x$fpl$usenofp) for __I$use$fp
    __rtentry.o(.ARM.Collect$$rtentry$$00000000) refers (Special) to __rtentry2.o(.ARM.Collect$$rtentry$$0000000A) for __rt_entry_li
    __rtentry.o(.ARM.Collect$$rtentry$$00000000) refers (Special) to __rtentry2.o(.ARM.Collect$$rtentry$$0000000D) for __rt_entry_main
    __rtentry.o(.ARM.Collect$$rtentry$$00000000) refers (Special) to __rtentry2.o(.ARM.Collect$$rtentry$$0000000C) for __rt_entry_postli_1
    __rtentry.o(.ARM.Collect$$rtentry$$00000000) refers (Special) to __rtentry2.o(.ARM.Collect$$rtentry$$00000009) for __rt_entry_postsh_1
    __rtentry.o(.ARM.Collect$$rtentry$$00000000) refers (Special) to __rtentry2.o(.ARM.Collect$$rtentry$$00000002) for __rt_entry_presh_1
    __rtentry.o(.ARM.Collect$$rtentry$$00000000) refers (Special) to __rtentry4.o(.ARM.Collect$$rtentry$$00000004) for __rt_entry_sh
    dcmpi.o(x$fpl$dcmpinf) refers (Special) to usenofp.o(x$fpl$usenofp) for __I$use$fp
    dnaninf.o(x$fpl$dnaninf) refers (Special) to usenofp.o(x$fpl$usenofp) for __I$use$fp
    dretinf.o(x$fpl$dretinf) refers (Special) to usenofp.o(x$fpl$usenofp) for __I$use$fp
    __rtentry2.o(.ARM.Collect$$rtentry$$00000008) refers to boardinit2.o(.text) for _platform_post_stackheap_init
    __rtentry2.o(.ARM.Collect$$rtentry$$0000000A) refers to libinit.o(.ARM.Collect$$libinit$$00000000) for __rt_lib_init
    __rtentry2.o(.ARM.Collect$$rtentry$$0000000B) refers to boardinit3.o(.text) for _platform_post_lib_init
    __rtentry2.o(.ARM.Collect$$rtentry$$0000000D) refers to main.o(i.main) for main
    __rtentry2.o(.ARM.Collect$$rtentry$$0000000D) refers to exit.o(.text) for exit
    __rtentry2.o(.ARM.exidx) refers to __rtentry2.o(.ARM.Collect$$rtentry$$00000001) for .ARM.Collect$$rtentry$$00000001
    __rtentry2.o(.ARM.exidx) refers to __rtentry2.o(.ARM.Collect$$rtentry$$00000008) for .ARM.Collect$$rtentry$$00000008
    __rtentry2.o(.ARM.exidx) refers to __rtentry2.o(.ARM.Collect$$rtentry$$0000000A) for .ARM.Collect$$rtentry$$0000000A
    __rtentry2.o(.ARM.exidx) refers to __rtentry2.o(.ARM.Collect$$rtentry$$0000000B) for .ARM.Collect$$rtentry$$0000000B
    __rtentry2.o(.ARM.exidx) refers to __rtentry2.o(.ARM.Collect$$rtentry$$0000000D) for .ARM.Collect$$rtentry$$0000000D
    __rtentry4.o(.ARM.Collect$$rtentry$$00000004) refers to sys_stackheap_outer.o(.text) for __user_setup_stackheap
    __rtentry4.o(.ARM.exidx) refers to __rtentry4.o(.ARM.Collect$$rtentry$$00000004) for .ARM.Collect$$rtentry$$00000004
    sys_stackheap_outer.o(.text) refers to libspace.o(.text) for __user_perproc_libspace
    sys_stackheap_outer.o(.text) refers to startup_stm32f407xx.o(.text) for __user_initial_stackheap
    exit.o(.text) refers to rtexit.o(.ARM.Collect$$rtexit$$00000000) for __rt_exit
    libinit.o(.ARM.Collect$$libinit$$00000000) refers (Special) to libinit2.o(.ARM.Collect$$libinit$$0000002E) for __rt_lib_init_alloca_1
    libinit.o(.ARM.Collect$$libinit$$00000000) refers (Special) to libinit2.o(.ARM.Collect$$libinit$$0000002C) for __rt_lib_init_argv_1
    libinit.o(.ARM.Collect$$libinit$$00000000) refers (Special) to libinit2.o(.ARM.Collect$$libinit$$0000001B) for __rt_lib_init_atexit_1
    libinit.o(.ARM.Collect$$libinit$$00000000) refers (Special) to libinit2.o(.ARM.Collect$$libinit$$00000021) for __rt_lib_init_clock_1
    libinit.o(.ARM.Collect$$libinit$$00000000) refers (Special) to libinit2.o(.ARM.Collect$$libinit$$00000032) for __rt_lib_init_cpp_1
    libinit.o(.ARM.Collect$$libinit$$00000000) refers (Special) to libinit2.o(.ARM.Collect$$libinit$$00000030) for __rt_lib_init_exceptions_1
    libinit.o(.ARM.Collect$$libinit$$00000000) refers (Special) to libinit2.o(.ARM.Collect$$libinit$$00000001) for __rt_lib_init_fp_1
    libinit.o(.ARM.Collect$$libinit$$00000000) refers (Special) to libinit2.o(.ARM.Collect$$libinit$$0000001F) for __rt_lib_init_fp_trap_1
    libinit.o(.ARM.Collect$$libinit$$00000000) refers (Special) to libinit2.o(.ARM.Collect$$libinit$$00000023) for __rt_lib_init_getenv_1
    libinit.o(.ARM.Collect$$libinit$$00000000) refers (Special) to libinit2.o(.ARM.Collect$$libinit$$0000000A) for __rt_lib_init_heap_1
    libinit.o(.ARM.Collect$$libinit$$00000000) refers (Special) to libinit2.o(.ARM.Collect$$libinit$$00000011) for __rt_lib_init_lc_collate_1
    libinit.o(.ARM.Collect$$libinit$$00000000) refers (Special) to libinit2.o(.ARM.Collect$$libinit$$00000013) for __rt_lib_init_lc_ctype_1
    libinit.o(.ARM.Collect$$libinit$$00000000) refers (Special) to libinit2.o(.ARM.Collect$$libinit$$00000015) for __rt_lib_init_lc_monetary_1
    libinit.o(.ARM.Collect$$libinit$$00000000) refers (Special) to libinit2.o(.ARM.Collect$$libinit$$00000017) for __rt_lib_init_lc_numeric_1
    libinit.o(.ARM.Collect$$libinit$$00000000) refers (Special) to libinit2.o(.ARM.Collect$$libinit$$00000019) for __rt_lib_init_lc_time_1
    libinit.o(.ARM.Collect$$libinit$$00000000) refers (Special) to libinit2.o(.ARM.Collect$$libinit$$00000004) for __rt_lib_init_preinit_1
    libinit.o(.ARM.Collect$$libinit$$00000000) refers (Special) to libinit2.o(.ARM.Collect$$libinit$$0000000E) for __rt_lib_init_rand_1
    libinit.o(.ARM.Collect$$libinit$$00000000) refers (Special) to libinit2.o(.ARM.Collect$$libinit$$00000033) for __rt_lib_init_return
    libinit.o(.ARM.Collect$$libinit$$00000000) refers (Special) to libinit2.o(.ARM.Collect$$libinit$$0000001D) for __rt_lib_init_signal_1
    libinit.o(.ARM.Collect$$libinit$$00000000) refers (Special) to libinit2.o(.ARM.Collect$$libinit$$00000025) for __rt_lib_init_stdio_1
    libinit.o(.ARM.Collect$$libinit$$00000000) refers (Special) to libinit2.o(.ARM.Collect$$libinit$$0000000C) for __rt_lib_init_user_alloc_1
    libspace.o(.text) refers to libspace.o(.bss) for __libspace_start
    rtexit.o(.ARM.Collect$$rtexit$$00000000) refers (Special) to rtexit2.o(.ARM.Collect$$rtexit$$00000004) for __rt_exit_exit
    rtexit.o(.ARM.Collect$$rtexit$$00000000) refers (Special) to rtexit2.o(.ARM.Collect$$rtexit$$00000003) for __rt_exit_ls
    rtexit.o(.ARM.Collect$$rtexit$$00000000) refers (Special) to rtexit2.o(.ARM.Collect$$rtexit$$00000002) for __rt_exit_prels_1
    rtexit.o(.ARM.exidx) refers (Special) to rtexit2.o(.ARM.Collect$$rtexit$$00000004) for __rt_exit_exit
    rtexit.o(.ARM.exidx) refers (Special) to rtexit2.o(.ARM.Collect$$rtexit$$00000003) for __rt_exit_ls
    rtexit.o(.ARM.exidx) refers (Special) to rtexit2.o(.ARM.Collect$$rtexit$$00000002) for __rt_exit_prels_1
    rtexit.o(.ARM.exidx) refers to rtexit.o(.ARM.Collect$$rtexit$$00000000) for .ARM.Collect$$rtexit$$00000000
    libinit2.o(.ARM.Collect$$libinit$$00000001) refers to fpinit.o(x$fpl$fpinit) for _fp_init
    libinit2.o(.ARM.Collect$$libinit$$00000010) refers to libinit2.o(.ARM.Collect$$libinit$$0000000F) for .ARM.Collect$$libinit$$0000000F
    libinit2.o(.ARM.Collect$$libinit$$00000012) refers to libinit2.o(.ARM.Collect$$libinit$$0000000F) for .ARM.Collect$$libinit$$0000000F
    libinit2.o(.ARM.Collect$$libinit$$00000014) refers to libinit2.o(.ARM.Collect$$libinit$$0000000F) for .ARM.Collect$$libinit$$0000000F
    libinit2.o(.ARM.Collect$$libinit$$00000016) refers to libinit2.o(.ARM.Collect$$libinit$$0000000F) for .ARM.Collect$$libinit$$0000000F
    libinit2.o(.ARM.Collect$$libinit$$00000018) refers to libinit2.o(.ARM.Collect$$libinit$$0000000F) for .ARM.Collect$$libinit$$0000000F
    libinit2.o(.ARM.Collect$$libinit$$00000026) refers to argv_veneer.o(.emb_text) for __ARM_argv_veneer
    libinit2.o(.ARM.Collect$$libinit$$00000027) refers to argv_veneer.o(.emb_text) for __ARM_argv_veneer
    rtexit2.o(.ARM.Collect$$rtexit$$00000003) refers to libshutdown.o(.ARM.Collect$$libshutdown$$00000000) for __rt_lib_shutdown
    rtexit2.o(.ARM.Collect$$rtexit$$00000004) refers to sys_exit.o(.text) for _sys_exit
    rtexit2.o(.ARM.exidx) refers to rtexit2.o(.ARM.Collect$$rtexit$$00000001) for .ARM.Collect$$rtexit$$00000001
    rtexit2.o(.ARM.exidx) refers to rtexit2.o(.ARM.Collect$$rtexit$$00000003) for .ARM.Collect$$rtexit$$00000003
    rtexit2.o(.ARM.exidx) refers to rtexit2.o(.ARM.Collect$$rtexit$$00000004) for .ARM.Collect$$rtexit$$00000004
    argv_veneer.o(.emb_text) refers to no_argv.o(.text) for __ARM_get_argv
    sys_exit.o(.text) refers (Special) to use_no_semi.o(.text) for __I$use$semihosting
    sys_exit.o(.text) refers (Special) to indicate_semi.o(.text) for __semihosting_library_function
    _get_argv_nomalloc.o(.text) refers (Special) to hrguard.o(.text) for __heap_region$guard
    _get_argv_nomalloc.o(.text) refers to defsig_rtmem_outer.o(.text) for __rt_SIGRTMEM
    _get_argv_nomalloc.o(.text) refers to sys_command.o(.text) for _sys_command_string
    libshutdown.o(.ARM.Collect$$libshutdown$$00000000) refers (Special) to libshutdown2.o(.ARM.Collect$$libshutdown$$00000002) for __rt_lib_shutdown_cpp_1
    libshutdown.o(.ARM.Collect$$libshutdown$$00000000) refers (Special) to libshutdown2.o(.ARM.Collect$$libshutdown$$00000007) for __rt_lib_shutdown_fp_trap_1
    libshutdown.o(.ARM.Collect$$libshutdown$$00000000) refers (Special) to libshutdown2.o(.ARM.Collect$$libshutdown$$0000000F) for __rt_lib_shutdown_heap_1
    libshutdown.o(.ARM.Collect$$libshutdown$$00000000) refers (Special) to libshutdown2.o(.ARM.Collect$$libshutdown$$00000010) for __rt_lib_shutdown_return
    libshutdown.o(.ARM.Collect$$libshutdown$$00000000) refers (Special) to libshutdown2.o(.ARM.Collect$$libshutdown$$0000000A) for __rt_lib_shutdown_signal_1
    libshutdown.o(.ARM.Collect$$libshutdown$$00000000) refers (Special) to libshutdown2.o(.ARM.Collect$$libshutdown$$00000004) for __rt_lib_shutdown_stdio_1
    libshutdown.o(.ARM.Collect$$libshutdown$$00000000) refers (Special) to libshutdown2.o(.ARM.Collect$$libshutdown$$0000000C) for __rt_lib_shutdown_user_alloc_1
    sys_command.o(.text) refers (Special) to use_no_semi.o(.text) for __I$use$semihosting
    sys_command.o(.text) refers (Special) to indicate_semi.o(.text) for __semihosting_library_function
    defsig_rtmem_outer.o(.text) refers to defsig_rtmem_inner.o(.text) for __rt_SIGRTMEM_inner
    defsig_rtmem_outer.o(.text) refers to defsig_exit.o(.text) for __sig_exit
    defsig_rtmem_formal.o(.text) refers to rt_raise.o(.text) for __rt_raise
    rt_raise.o(.text) refers to __raise.o(.text) for __raise
    rt_raise.o(.text) refers to sys_exit.o(.text) for _sys_exit
    defsig_exit.o(.text) refers to sys_exit.o(.text) for _sys_exit
    defsig_rtmem_inner.o(.text) refers to defsig_general.o(.text) for __default_signal_display
    __raise.o(.text) refers to defsig.o(CL$$defsig) for __default_signal_handler
    defsig_general.o(.text) refers to sys_wrch.o(.text) for _ttywrch
    sys_wrch.o(.text) refers (Special) to use_no_semi.o(.text) for __I$use$semihosting
    sys_wrch.o(.text) refers (Special) to indicate_semi.o(.text) for __semihosting_library_function
    defsig.o(CL$$defsig) refers to defsig_rtmem_inner.o(.text) for __rt_SIGRTMEM_inner
    defsig_abrt_inner.o(.text) refers to defsig_general.o(.text) for __default_signal_display
    defsig_fpe_inner.o(.text) refers to defsig_general.o(.text) for __default_signal_display
    defsig_rtred_inner.o(.text) refers to defsig_general.o(.text) for __default_signal_display
    defsig_stak_inner.o(.text) refers to defsig_general.o(.text) for __default_signal_display
    defsig_pvfn_inner.o(.text) refers to defsig_general.o(.text) for __default_signal_display
    defsig_cppl_inner.o(.text) refers to defsig_general.o(.text) for __default_signal_display
    defsig_segv_inner.o(.text) refers to defsig_general.o(.text) for __default_signal_display
    defsig_other.o(.text) refers to defsig_general.o(.text) for __default_signal_display


==============================================================================

Removing Unused input sections from the image.

    Removing comunication.o(.rev16_text), (4 bytes).
    Removing comunication.o(.revsh_text), (4 bytes).
    Removing comunication.o(.rrx_text), (6 bytes).
    Removing control.o(.rev16_text), (4 bytes).
    Removing control.o(.revsh_text), (4 bytes).
    Removing control.o(.rrx_text), (6 bytes).
    Removing drive.o(.rev16_text), (4 bytes).
    Removing drive.o(.revsh_text), (4 bytes).
    Removing drive.o(.rrx_text), (6 bytes).
    Removing main.o(.rev16_text), (4 bytes).
    Removing main.o(.revsh_text), (4 bytes).
    Removing main.o(.rrx_text), (6 bytes).
    Removing system_stm32f4xx.o(.rev16_text), (4 bytes).
    Removing system_stm32f4xx.o(.revsh_text), (4 bytes).
    Removing system_stm32f4xx.o(.rrx_text), (6 bytes).
    Removing system_stm32f4xx.o(i.SystemCoreClockUpdate), (192 bytes).
    Removing system_stm32f4xx.o(.constdata), (24 bytes).
    Removing system_stm32f4xx.o(.data), (4 bytes).

18 unused section(s) (total 290 bytes) removed from the image.

==============================================================================

Image Symbol Table

    Local Symbols

    Symbol Name                              Value     Ov Type        Size  Object(Section)

    ../clib/angel/boardlib.s                 0x00000000   Number         0  boardinit3.o ABSOLUTE
    ../clib/angel/boardlib.s                 0x00000000   Number         0  boardinit2.o ABSOLUTE
    ../clib/angel/boardlib.s                 0x00000000   Number         0  boardinit1.o ABSOLUTE
    ../clib/angel/boardlib.s                 0x00000000   Number         0  boardshut.o ABSOLUTE
    ../clib/angel/handlers.s                 0x00000000   Number         0  __scatter_zi.o ABSOLUTE
    ../clib/angel/handlers.s                 0x00000000   Number         0  __scatter_copy.o ABSOLUTE
    ../clib/angel/kernel.s                   0x00000000   Number         0  __rtentry2.o ABSOLUTE
    ../clib/angel/kernel.s                   0x00000000   Number         0  rtexit.o ABSOLUTE
    ../clib/angel/kernel.s                   0x00000000   Number         0  __rtentry4.o ABSOLUTE
    ../clib/angel/kernel.s                   0x00000000   Number         0  __rtentry.o ABSOLUTE
    ../clib/angel/kernel.s                   0x00000000   Number         0  rtexit2.o ABSOLUTE
    ../clib/angel/rt.s                       0x00000000   Number         0  rt_raise.o ABSOLUTE
    ../clib/angel/scatter.s                  0x00000000   Number         0  __scatter.o ABSOLUTE
    ../clib/angel/startup.s                  0x00000000   Number         0  __main.o ABSOLUTE
    ../clib/angel/sys.s                      0x00000000   Number         0  libspace.o ABSOLUTE
    ../clib/angel/sys.s                      0x00000000   Number         0  sys_stackheap_outer.o ABSOLUTE
    ../clib/angel/sys.s                      0x00000000   Number         0  indicate_semi.o ABSOLUTE
    ../clib/angel/sys.s                      0x00000000   Number         0  use_no_semi.o ABSOLUTE
    ../clib/angel/sysapp.c                   0x00000000   Number         0  sys_wrch.o ABSOLUTE
    ../clib/angel/sysapp.c                   0x00000000   Number         0  sys_exit.o ABSOLUTE
    ../clib/angel/sysapp.c                   0x00000000   Number         0  sys_command.o ABSOLUTE
    ../clib/armsys.c                         0x00000000   Number         0  argv_veneer.o ABSOLUTE
    ../clib/armsys.c                         0x00000000   Number         0  _get_argv_nomalloc.o ABSOLUTE
    ../clib/armsys.c                         0x00000000   Number         0  no_argv.o ABSOLUTE
    ../clib/armsys.c                         0x00000000   Number         0  argv_veneer.o ABSOLUTE
    ../clib/heapalloc.c                      0x00000000   Number         0  hrguard.o ABSOLUTE
    ../clib/heapaux.c                        0x00000000   Number         0  heapauxi.o ABSOLUTE
    ../clib/libinit.s                        0x00000000   Number         0  libinit.o ABSOLUTE
    ../clib/libinit.s                        0x00000000   Number         0  libshutdown2.o ABSOLUTE
    ../clib/libinit.s                        0x00000000   Number         0  libshutdown.o ABSOLUTE
    ../clib/libinit.s                        0x00000000   Number         0  libinit2.o ABSOLUTE
    ../clib/memcpset.s                       0x00000000   Number         0  rt_memcpy_w.o ABSOLUTE
    ../clib/signal.c                         0x00000000   Number         0  defsig_exit.o ABSOLUTE
    ../clib/signal.c                         0x00000000   Number         0  defsig_rtmem_formal.o ABSOLUTE
    ../clib/signal.c                         0x00000000   Number         0  defsig_rtmem_inner.o ABSOLUTE
    ../clib/signal.c                         0x00000000   Number         0  defsig_rtmem_outer.o ABSOLUTE
    ../clib/signal.c                         0x00000000   Number         0  __raise.o ABSOLUTE
    ../clib/signal.c                         0x00000000   Number         0  defsig_general.o ABSOLUTE
    ../clib/signal.c                         0x00000000   Number         0  defsig_abrt_inner.o ABSOLUTE
    ../clib/signal.c                         0x00000000   Number         0  defsig_fpe_inner.o ABSOLUTE
    ../clib/signal.c                         0x00000000   Number         0  defsig_rtred_inner.o ABSOLUTE
    ../clib/signal.c                         0x00000000   Number         0  defsig_other.o ABSOLUTE
    ../clib/signal.c                         0x00000000   Number         0  defsig_stak_inner.o ABSOLUTE
    ../clib/signal.c                         0x00000000   Number         0  defsig_pvfn_inner.o ABSOLUTE
    ../clib/signal.c                         0x00000000   Number         0  defsig_cppl_inner.o ABSOLUTE
    ../clib/signal.c                         0x00000000   Number         0  defsig_segv_inner.o ABSOLUTE
    ../clib/signal.s                         0x00000000   Number         0  defsig.o ABSOLUTE
    ../clib/stdlib.c                         0x00000000   Number         0  exit.o ABSOLUTE
    ../fplib/basic.s                         0x00000000   Number         0  basic.o ABSOLUTE
    ../fplib/daddsub.s                       0x00000000   Number         0  daddsub_clz.o ABSOLUTE
    ../fplib/dcmpi.s                         0x00000000   Number         0  dcmpi.o ABSOLUTE
    ../fplib/ddiv.s                          0x00000000   Number         0  ddiv.o ABSOLUTE
    ../fplib/dfix.s                          0x00000000   Number         0  dfix.o ABSOLUTE
    ../fplib/dfixu.s                         0x00000000   Number         0  dfixu.o ABSOLUTE
    ../fplib/dflt.s                          0x00000000   Number         0  dflt_clz.o ABSOLUTE
    ../fplib/dleqf.s                         0x00000000   Number         0  dleqf.o ABSOLUTE
    ../fplib/dmul.s                          0x00000000   Number         0  dmul.o ABSOLUTE
    ../fplib/dnaninf.s                       0x00000000   Number         0  dnaninf.o ABSOLUTE
    ../fplib/dretinf.s                       0x00000000   Number         0  dretinf.o ABSOLUTE
    ../fplib/drleqf.s                        0x00000000   Number         0  drleqf.o ABSOLUTE
    ../fplib/fpinit.s                        0x00000000   Number         0  fpinit.o ABSOLUTE
    ../fplib/usenofp.s                       0x00000000   Number         0  usenofp.o ABSOLUTE
    ../mathlib/fabs.c                        0x00000000   Number         0  fabs.o ABSOLUTE
    Comunication.c                           0x00000000   Number         0  comunication.o ABSOLUTE
    Comunication.c                           0x00000000   Number         0  comunication.o ABSOLUTE
    Control.c                                0x00000000   Number         0  control.o ABSOLUTE
    Control.c                                0x00000000   Number         0  control.o ABSOLUTE
    Drive.c                                  0x00000000   Number         0  drive.o ABSOLUTE
    Drive.c                                  0x00000000   Number         0  drive.o ABSOLUTE
    RTE\Device\STM32F407VGTx\startup_stm32f407xx.s 0x00000000   Number         0  startup_stm32f407xx.o ABSOLUTE
    RTE\Device\STM32F407VGTx\system_stm32f4xx.c 0x00000000   Number         0  system_stm32f4xx.o ABSOLUTE
    RTE\\Device\\STM32F407VGTx\\system_stm32f4xx.c 0x00000000   Number         0  system_stm32f4xx.o ABSOLUTE
    dc.s                                     0x00000000   Number         0  dc.o ABSOLUTE
    main.c                                   0x00000000   Number         0  main.o ABSOLUTE
    main.c                                   0x00000000   Number         0  main.o ABSOLUTE
    RESET                                    0x08000000   Section      392  startup_stm32f407xx.o(RESET)
    !!!main                                  0x08000188   Section        8  __main.o(!!!main)
    !!!scatter                               0x08000190   Section       52  __scatter.o(!!!scatter)
    !!handler_copy                           0x080001c4   Section       26  __scatter_copy.o(!!handler_copy)
    !!handler_zi                             0x080001e0   Section       28  __scatter_zi.o(!!handler_zi)
    .ARM.Collect$$libinit$$00000000          0x080001fc   Section        2  libinit.o(.ARM.Collect$$libinit$$00000000)
    .ARM.Collect$$libinit$$00000001          0x080001fe   Section        4  libinit2.o(.ARM.Collect$$libinit$$00000001)
    .ARM.Collect$$libinit$$00000004          0x08000202   Section        0  libinit2.o(.ARM.Collect$$libinit$$00000004)
    .ARM.Collect$$libinit$$0000000A          0x08000202   Section        0  libinit2.o(.ARM.Collect$$libinit$$0000000A)
    .ARM.Collect$$libinit$$0000000C          0x08000202   Section        0  libinit2.o(.ARM.Collect$$libinit$$0000000C)
    .ARM.Collect$$libinit$$0000000E          0x08000202   Section        0  libinit2.o(.ARM.Collect$$libinit$$0000000E)
    .ARM.Collect$$libinit$$00000011          0x08000202   Section        0  libinit2.o(.ARM.Collect$$libinit$$00000011)
    .ARM.Collect$$libinit$$00000013          0x08000202   Section        0  libinit2.o(.ARM.Collect$$libinit$$00000013)
    .ARM.Collect$$libinit$$00000015          0x08000202   Section        0  libinit2.o(.ARM.Collect$$libinit$$00000015)
    .ARM.Collect$$libinit$$00000017          0x08000202   Section        0  libinit2.o(.ARM.Collect$$libinit$$00000017)
    .ARM.Collect$$libinit$$00000019          0x08000202   Section        0  libinit2.o(.ARM.Collect$$libinit$$00000019)
    .ARM.Collect$$libinit$$0000001B          0x08000202   Section        0  libinit2.o(.ARM.Collect$$libinit$$0000001B)
    .ARM.Collect$$libinit$$0000001D          0x08000202   Section        0  libinit2.o(.ARM.Collect$$libinit$$0000001D)
    .ARM.Collect$$libinit$$0000001F          0x08000202   Section        0  libinit2.o(.ARM.Collect$$libinit$$0000001F)
    .ARM.Collect$$libinit$$00000021          0x08000202   Section        0  libinit2.o(.ARM.Collect$$libinit$$00000021)
    .ARM.Collect$$libinit$$00000023          0x08000202   Section        0  libinit2.o(.ARM.Collect$$libinit$$00000023)
    .ARM.Collect$$libinit$$00000025          0x08000202   Section        0  libinit2.o(.ARM.Collect$$libinit$$00000025)
    .ARM.Collect$$libinit$$0000002C          0x08000202   Section        0  libinit2.o(.ARM.Collect$$libinit$$0000002C)
    .ARM.Collect$$libinit$$0000002E          0x08000202   Section        0  libinit2.o(.ARM.Collect$$libinit$$0000002E)
    .ARM.Collect$$libinit$$00000030          0x08000202   Section        0  libinit2.o(.ARM.Collect$$libinit$$00000030)
    .ARM.Collect$$libinit$$00000032          0x08000202   Section        0  libinit2.o(.ARM.Collect$$libinit$$00000032)
    .ARM.Collect$$libinit$$00000033          0x08000202   Section        2  libinit2.o(.ARM.Collect$$libinit$$00000033)
    .ARM.Collect$$libshutdown$$00000000      0x08000204   Section        2  libshutdown.o(.ARM.Collect$$libshutdown$$00000000)
    .ARM.Collect$$libshutdown$$00000002      0x08000206   Section        0  libshutdown2.o(.ARM.Collect$$libshutdown$$00000002)
    .ARM.Collect$$libshutdown$$00000004      0x08000206   Section        0  libshutdown2.o(.ARM.Collect$$libshutdown$$00000004)
    .ARM.Collect$$libshutdown$$00000007      0x08000206   Section        0  libshutdown2.o(.ARM.Collect$$libshutdown$$00000007)
    .ARM.Collect$$libshutdown$$0000000A      0x08000206   Section        0  libshutdown2.o(.ARM.Collect$$libshutdown$$0000000A)
    .ARM.Collect$$libshutdown$$0000000C      0x08000206   Section        0  libshutdown2.o(.ARM.Collect$$libshutdown$$0000000C)
    .ARM.Collect$$libshutdown$$0000000F      0x08000206   Section        0  libshutdown2.o(.ARM.Collect$$libshutdown$$0000000F)
    .ARM.Collect$$libshutdown$$00000010      0x08000206   Section        2  libshutdown2.o(.ARM.Collect$$libshutdown$$00000010)
    .ARM.Collect$$rtentry$$00000000          0x08000208   Section        0  __rtentry.o(.ARM.Collect$$rtentry$$00000000)
    .ARM.Collect$$rtentry$$00000002          0x08000208   Section        0  __rtentry2.o(.ARM.Collect$$rtentry$$00000002)
    .ARM.Collect$$rtentry$$00000004          0x08000208   Section        6  __rtentry4.o(.ARM.Collect$$rtentry$$00000004)
    .ARM.Collect$$rtentry$$00000009          0x0800020e   Section        0  __rtentry2.o(.ARM.Collect$$rtentry$$00000009)
    .ARM.Collect$$rtentry$$0000000A          0x0800020e   Section        4  __rtentry2.o(.ARM.Collect$$rtentry$$0000000A)
    .ARM.Collect$$rtentry$$0000000C          0x08000212   Section        0  __rtentry2.o(.ARM.Collect$$rtentry$$0000000C)
    .ARM.Collect$$rtentry$$0000000D          0x08000212   Section        8  __rtentry2.o(.ARM.Collect$$rtentry$$0000000D)
    .ARM.Collect$$rtexit$$00000000           0x0800021a   Section        2  rtexit.o(.ARM.Collect$$rtexit$$00000000)
    .ARM.Collect$$rtexit$$00000002           0x0800021c   Section        0  rtexit2.o(.ARM.Collect$$rtexit$$00000002)
    .ARM.Collect$$rtexit$$00000003           0x0800021c   Section        4  rtexit2.o(.ARM.Collect$$rtexit$$00000003)
    .ARM.Collect$$rtexit$$00000004           0x08000220   Section        6  rtexit2.o(.ARM.Collect$$rtexit$$00000004)
    .text                                    0x08000228   Section       64  startup_stm32f407xx.o(.text)
    $v0                                      0x08000228   Number         0  startup_stm32f407xx.o(.text)
    .text                                    0x08000268   Section      100  rt_memcpy_w.o(.text)
    .text                                    0x080002cc   Section        0  heapauxi.o(.text)
    .text                                    0x080002d2   Section       74  sys_stackheap_outer.o(.text)
    .text                                    0x0800031c   Section        0  exit.o(.text)
    .text                                    0x08000330   Section        8  libspace.o(.text)
    .text                                    0x08000338   Section        0  sys_exit.o(.text)
    .text                                    0x08000344   Section        2  use_no_semi.o(.text)
    .text                                    0x08000346   Section        0  indicate_semi.o(.text)
    i.COM_Conf                               0x08000348   Section        0  comunication.o(i.COM_Conf)
    i.COM_PrepareFrameMotpos                 0x080005a8   Section        0  comunication.o(i.COM_PrepareFrameMotpos)
    COM_PrepareFrameMotpos                   0x080005a9   Thumb Code   272  comunication.o(i.COM_PrepareFrameMotpos)
    i.COM_PrepareFrameTelemetry              0x080006c4   Section        0  comunication.o(i.COM_PrepareFrameTelemetry)
    COM_PrepareFrameTelemetry                0x080006c5   Thumb Code   326  comunication.o(i.COM_PrepareFrameTelemetry)
    i.COM_ReadEmergencyStopFrame             0x08000810   Section        0  comunication.o(i.COM_ReadEmergencyStopFrame)
    COM_ReadEmergencyStopFrame               0x08000811   Thumb Code   180  comunication.o(i.COM_ReadEmergencyStopFrame)
    i.COM_ReadFromHost                       0x080008d4   Section        0  comunication.o(i.COM_ReadFromHost)
    COM_ReadFromHost                         0x080008d5   Thumb Code   184  comunication.o(i.COM_ReadFromHost)
    i.COM_ReadLabFrameGeneral                0x08000994   Section        0  comunication.o(i.COM_ReadLabFrameGeneral)
    COM_ReadLabFrameGeneral                  0x08000995   Thumb Code   134  comunication.o(i.COM_ReadLabFrameGeneral)
    i.COM_ReadLabFrameOnlyCmd                0x08000a20   Section        0  comunication.o(i.COM_ReadLabFrameOnlyCmd)
    COM_ReadLabFrameOnlyCmd                  0x08000a21   Thumb Code    62  comunication.o(i.COM_ReadLabFrameOnlyCmd)
    i.COM_SendToHost                         0x08000a64   Section        0  comunication.o(i.COM_SendToHost)
    COM_SendToHost                           0x08000a65   Thumb Code   400  comunication.o(i.COM_SendToHost)
    i.ClearStr                               0x08000bfc   Section        0  comunication.o(i.ClearStr)
    i.Control_Conf                           0x08000c10   Section        0  control.o(i.Control_Conf)
    i.Control_IWDGConf                       0x08000c78   Section        0  control.o(i.Control_IWDGConf)
    Control_IWDGConf                         0x08000c79   Thumb Code    56  control.o(i.Control_IWDGConf)
    i.Control_StructConf                     0x08000cb8   Section        0  control.o(i.Control_StructConf)
    Control_StructConf                       0x08000cb9   Thumb Code  2486  control.o(i.Control_StructConf)
    i.Drive_Act                              0x08001674   Section        0  drive.o(i.Drive_Act)
    Drive_Act                                0x08001675   Thumb Code   188  drive.o(i.Drive_Act)
    i.Drive_AdcConf                          0x08001734   Section        0  drive.o(i.Drive_AdcConf)
    Drive_AdcConf                            0x08001735   Thumb Code   150  drive.o(i.Drive_AdcConf)
    i.Drive_AutoNextPoint                    0x080017e4   Section        0  drive.o(i.Drive_AutoNextPoint)
    Drive_AutoNextPoint                      0x080017e5   Thumb Code   192  drive.o(i.Drive_AutoNextPoint)
    i.Drive_AutoPreviousPoint                0x080018a8   Section        0  drive.o(i.Drive_AutoPreviousPoint)
    Drive_AutoPreviousPoint                  0x080018a9   Thumb Code   144  drive.o(i.Drive_AutoPreviousPoint)
    i.Drive_AutoSetPosref                    0x0800193c   Section        0  drive.o(i.Drive_AutoSetPosref)
    Drive_AutoSetPosref                      0x0800193d   Thumb Code   982  drive.o(i.Drive_AutoSetPosref)
    i.Drive_BackupConf                       0x08001d18   Section        0  drive.o(i.Drive_BackupConf)
    Drive_BackupConf                         0x08001d19   Thumb Code    28  drive.o(i.Drive_BackupConf)
    i.Drive_Conf                             0x08001d38   Section        0  drive.o(i.Drive_Conf)
    i.Drive_GpioConf                         0x08001d50   Section        0  drive.o(i.Drive_GpioConf)
    Drive_GpioConf                           0x08001d51   Thumb Code   232  drive.o(i.Drive_GpioConf)
    i.Drive_MotManualAct                     0x08001e50   Section        0  drive.o(i.Drive_MotManualAct)
    Drive_MotManualAct                       0x08001e51   Thumb Code  1084  drive.o(i.Drive_MotManualAct)
    i.Drive_MotPwmDirAct                     0x08002290   Section        0  drive.o(i.Drive_MotPwmDirAct)
    Drive_MotPwmDirAct                       0x08002291   Thumb Code   924  drive.o(i.Drive_MotPwmDirAct)
    i.Drive_MotReadCurrent                   0x08002654   Section        0  drive.o(i.Drive_MotReadCurrent)
    Drive_MotReadCurrent                     0x08002655   Thumb Code   228  drive.o(i.Drive_MotReadCurrent)
    i.Drive_MotReadPos                       0x0800275c   Section        0  drive.o(i.Drive_MotReadPos)
    Drive_MotReadPos                         0x0800275d   Thumb Code  1224  drive.o(i.Drive_MotReadPos)
    i.Drive_MotRegulator                     0x08002c30   Section        0  drive.o(i.Drive_MotRegulator)
    Drive_MotRegulator                       0x08002c31   Thumb Code  1054  drive.o(i.Drive_MotRegulator)
    i.Drive_MotSetHomePosition               0x08003050   Section        0  drive.o(i.Drive_MotSetHomePosition)
    Drive_MotSetHomePosition                 0x08003051   Thumb Code   192  drive.o(i.Drive_MotSetHomePosition)
    i.Drive_MotSetPosref                     0x0800311c   Section        0  drive.o(i.Drive_MotSetPosref)
    Drive_MotSetPosref                       0x0800311d   Thumb Code   136  drive.o(i.Drive_MotSetPosref)
    i.Drive_MotStop                          0x080031a8   Section        0  drive.o(i.Drive_MotStop)
    Drive_MotStop                            0x080031a9   Thumb Code    22  drive.o(i.Drive_MotStop)
    i.Drive_MotStopOneMot                    0x080031c0   Section        0  drive.o(i.Drive_MotStopOneMot)
    Drive_MotStopOneMot                      0x080031c1   Thumb Code    86  drive.o(i.Drive_MotStopOneMot)
    i.Drive_ReadBackup                       0x08003224   Section        0  drive.o(i.Drive_ReadBackup)
    Drive_ReadBackup                         0x08003225   Thumb Code   110  drive.o(i.Drive_ReadBackup)
    i.Drive_ReadButtons                      0x080032a4   Section        0  drive.o(i.Drive_ReadButtons)
    Drive_ReadButtons                        0x080032a5   Thumb Code   298  drive.o(i.Drive_ReadButtons)
    i.Drive_ReadCmd                          0x080033d8   Section        0  drive.o(i.Drive_ReadCmd)
    Drive_ReadCmd                            0x080033d9   Thumb Code  5634  drive.o(i.Drive_ReadCmd)
    i.Drive_ReadHardwareLimits               0x080049e0   Section        0  drive.o(i.Drive_ReadHardwareLimits)
    Drive_ReadHardwareLimits                 0x080049e1   Thumb Code   530  drive.o(i.Drive_ReadHardwareLimits)
    i.Drive_ReadMode                         0x08004c04   Section        0  drive.o(i.Drive_ReadMode)
    Drive_ReadMode                           0x08004c05   Thumb Code   116  drive.o(i.Drive_ReadMode)
    i.Drive_ReadSoftwareLimits               0x08004c7c   Section        0  drive.o(i.Drive_ReadSoftwareLimits)
    Drive_ReadSoftwareLimits                 0x08004c7d   Thumb Code   252  drive.o(i.Drive_ReadSoftwareLimits)
    i.Drive_SerwAct                          0x08004d84   Section        0  drive.o(i.Drive_SerwAct)
    Drive_SerwAct                            0x08004d85   Thumb Code    44  drive.o(i.Drive_SerwAct)
    i.Drive_TimConf                          0x08004db8   Section        0  drive.o(i.Drive_TimConf)
    Drive_TimConf                            0x08004db9   Thumb Code  1342  drive.o(i.Drive_TimConf)
    i.Drive_WriteBackup                      0x0800530c   Section        0  drive.o(i.Drive_WriteBackup)
    Drive_WriteBackup                        0x0800530d   Thumb Code    88  drive.o(i.Drive_WriteBackup)
    i.Led_Conf                               0x08005374   Section        0  control.o(i.Led_Conf)
    Led_Conf                                 0x08005375   Thumb Code    30  control.o(i.Led_Conf)
    i.Led_OnOff                              0x08005398   Section        0  control.o(i.Led_OnOff)
    i.RCC_Conf                               0x080054ec   Section        0  control.o(i.RCC_Conf)
    RCC_Conf                                 0x080054ed   Thumb Code    44  control.o(i.RCC_Conf)
    i.RCC_SystemInit                         0x08005528   Section        0  control.o(i.RCC_SystemInit)
    RCC_SystemInit                           0x08005529   Thumb Code   150  control.o(i.RCC_SystemInit)
    i.SysTick_Handler                        0x080055c8   Section        0  control.o(i.SysTick_Handler)
    i.SystemInit                             0x08005674   Section        0  system_stm32f4xx.o(i.SystemInit)
    i.TIM6_DAC_IRQHandler                    0x080056d8   Section        0  comunication.o(i.TIM6_DAC_IRQHandler)
    i.TIM7_IRQHandler                        0x080056fc   Section        0  drive.o(i.TIM7_IRQHandler)
    i.UART4_IRQHandler                       0x08005720   Section        0  comunication.o(i.UART4_IRQHandler)
    i.UART5_IRQHandler                       0x08005740   Section        0  comunication.o(i.UART5_IRQHandler)
    i.USART2_IRQHandler                      0x08005760   Section        0  comunication.o(i.USART2_IRQHandler)
    i.__NVIC_EnableIRQ                       0x08005780   Section        0  comunication.o(i.__NVIC_EnableIRQ)
    __NVIC_EnableIRQ                         0x08005781   Thumb Code    26  comunication.o(i.__NVIC_EnableIRQ)
    i.__hardfp_fabs                          0x0800579a   Section        0  fabs.o(i.__hardfp_fabs)
    i.crc16                                  0x080057ae   Section        0  comunication.o(i.crc16)
    i.delay_ms                               0x080057f0   Section        0  control.o(i.delay_ms)
    i.main                                   0x0800580c   Section        0  main.o(i.main)
    x$fpl$basic                              0x08005822   Section       24  basic.o(x$fpl$basic)
    $v0                                      0x08005822   Number         0  basic.o(x$fpl$basic)
    x$fpl$dadd                               0x0800583c   Section      336  daddsub_clz.o(x$fpl$dadd)
    $v0                                      0x0800583c   Number         0  daddsub_clz.o(x$fpl$dadd)
    _dadd1                                   0x0800584d   Thumb Code     0  daddsub_clz.o(x$fpl$dadd)
    x$fpl$dcmpinf                            0x0800598c   Section       24  dcmpi.o(x$fpl$dcmpinf)
    $v0                                      0x0800598c   Number         0  dcmpi.o(x$fpl$dcmpinf)
    x$fpl$ddiv                               0x080059a4   Section      688  ddiv.o(x$fpl$ddiv)
    $v0                                      0x080059a4   Number         0  ddiv.o(x$fpl$ddiv)
    ddiv_entry                               0x080059ab   Thumb Code     0  ddiv.o(x$fpl$ddiv)
    x$fpl$dfix                               0x08005c54   Section       94  dfix.o(x$fpl$dfix)
    $v0                                      0x08005c54   Number         0  dfix.o(x$fpl$dfix)
    x$fpl$dfixu                              0x08005cb4   Section       90  dfixu.o(x$fpl$dfixu)
    $v0                                      0x08005cb4   Number         0  dfixu.o(x$fpl$dfixu)
    x$fpl$dflt                               0x08005d0e   Section       46  dflt_clz.o(x$fpl$dflt)
    $v0                                      0x08005d0e   Number         0  dflt_clz.o(x$fpl$dflt)
    x$fpl$dfltu                              0x08005d3c   Section       38  dflt_clz.o(x$fpl$dfltu)
    $v0                                      0x08005d3c   Number         0  dflt_clz.o(x$fpl$dfltu)
    x$fpl$dleqf                              0x08005d64   Section      120  dleqf.o(x$fpl$dleqf)
    $v0                                      0x08005d64   Number         0  dleqf.o(x$fpl$dleqf)
    x$fpl$dmul                               0x08005ddc   Section      340  dmul.o(x$fpl$dmul)
    $v0                                      0x08005ddc   Number         0  dmul.o(x$fpl$dmul)
    x$fpl$dnaninf                            0x08005f30   Section      156  dnaninf.o(x$fpl$dnaninf)
    $v0                                      0x08005f30   Number         0  dnaninf.o(x$fpl$dnaninf)
    x$fpl$dretinf                            0x08005fcc   Section       12  dretinf.o(x$fpl$dretinf)
    $v0                                      0x08005fcc   Number         0  dretinf.o(x$fpl$dretinf)
    x$fpl$drleqf                             0x08005fd8   Section      108  drleqf.o(x$fpl$drleqf)
    $v0                                      0x08005fd8   Number         0  drleqf.o(x$fpl$drleqf)
    x$fpl$drsb                               0x08006044   Section       22  daddsub_clz.o(x$fpl$drsb)
    $v0                                      0x08006044   Number         0  daddsub_clz.o(x$fpl$drsb)
    x$fpl$dsub                               0x0800605c   Section      468  daddsub_clz.o(x$fpl$dsub)
    $v0                                      0x0800605c   Number         0  daddsub_clz.o(x$fpl$dsub)
    _dsub1                                   0x0800606d   Thumb Code     0  daddsub_clz.o(x$fpl$dsub)
    x$fpl$fpinit                             0x08006230   Section       10  fpinit.o(x$fpl$fpinit)
    $v0                                      0x08006230   Number         0  fpinit.o(x$fpl$fpinit)
    x$fpl$usenofp                            0x0800623a   Section        0  usenofp.o(x$fpl$usenofp)
    .data                                    0x20000000   Section        4  main.o(.data)
    .bss                                     0x20000008   Section    33816  main.o(.bss)
    .bss                                     0x20008420   Section       96  libspace.o(.bss)
    HEAP                                     0x20008480   Section      512  startup_stm32f407xx.o(HEAP)
    Heap_Mem                                 0x20008480   Data         512  startup_stm32f407xx.o(HEAP)
    STACK                                    0x20008680   Section     1024  startup_stm32f407xx.o(STACK)
    Stack_Mem                                0x20008680   Data        1024  startup_stm32f407xx.o(STACK)
    __initial_sp                             0x20008a80   Data           0  startup_stm32f407xx.o(STACK)

    Global Symbols

    Symbol Name                              Value     Ov Type        Size  Object(Section)

    BuildAttributes$$THM_ISAv4$E$P$D$K$B$S$7EM$VFPi3$EXTD16$VFPS$VFMA$PE$A:L22UL41UL21$X:L11$S22US41US21$IEEE1$IW$USESV6$~STKCKD$USESV7$~SHL$OTIME$ROPI$IEEEJ$EBA8$UX$STANDARDLIB$REQ8$PRES8$EABIv2 0x00000000   Number         0  anon$$obj.o ABSOLUTE
    __ARM_use_no_argv                        0x00000000   Number         0  main.o ABSOLUTE
    __ARM_exceptions_init                     - Undefined Weak Reference
    __alloca_initialize                       - Undefined Weak Reference
    __arm_preinit_                            - Undefined Weak Reference
    __cpp_initialize__aeabi_                  - Undefined Weak Reference
    __cxa_finalize                            - Undefined Weak Reference
    __rt_locale                               - Undefined Weak Reference
    __sigvec_lookup                           - Undefined Weak Reference
    _atexit_init                              - Undefined Weak Reference
    _call_atexit_fns                          - Undefined Weak Reference
    _clock_init                               - Undefined Weak Reference
    _fp_trap_init                             - Undefined Weak Reference
    _fp_trap_shutdown                         - Undefined Weak Reference
    _get_lc_collate                           - Undefined Weak Reference
    _get_lc_ctype                             - Undefined Weak Reference
    _get_lc_monetary                          - Undefined Weak Reference
    _get_lc_numeric                           - Undefined Weak Reference
    _get_lc_time                              - Undefined Weak Reference
    _getenv_init                              - Undefined Weak Reference
    _handle_redirection                       - Undefined Weak Reference
    _init_alloc                               - Undefined Weak Reference
    _init_user_alloc                          - Undefined Weak Reference
    _initio                                   - Undefined Weak Reference
    _rand_init                                - Undefined Weak Reference
    _signal_finish                            - Undefined Weak Reference
    _signal_init                              - Undefined Weak Reference
    _terminate_alloc                          - Undefined Weak Reference
    _terminate_user_alloc                     - Undefined Weak Reference
    _terminateio                              - Undefined Weak Reference
    __Vectors_Size                           0x00000188   Number         0  startup_stm32f407xx.o ABSOLUTE
    __Vectors                                0x08000000   Data           4  startup_stm32f407xx.o(RESET)
    __Vectors_End                            0x08000188   Data           0  startup_stm32f407xx.o(RESET)
    __main                                   0x08000189   Thumb Code     8  __main.o(!!!main)
    __scatterload                            0x08000191   Thumb Code     0  __scatter.o(!!!scatter)
    __scatterload_rt2                        0x08000191   Thumb Code    44  __scatter.o(!!!scatter)
    __scatterload_rt2_thumb_only             0x08000191   Thumb Code     0  __scatter.o(!!!scatter)
    __scatterload_null                       0x0800019f   Thumb Code     0  __scatter.o(!!!scatter)
    __scatterload_copy                       0x080001c5   Thumb Code    26  __scatter_copy.o(!!handler_copy)
    __scatterload_zeroinit                   0x080001e1   Thumb Code    28  __scatter_zi.o(!!handler_zi)
    __rt_lib_init                            0x080001fd   Thumb Code     0  libinit.o(.ARM.Collect$$libinit$$00000000)
    __rt_lib_init_fp_1                       0x080001ff   Thumb Code     0  libinit2.o(.ARM.Collect$$libinit$$00000001)
    __rt_lib_init_alloca_1                   0x08000203   Thumb Code     0  libinit2.o(.ARM.Collect$$libinit$$0000002E)
    __rt_lib_init_argv_1                     0x08000203   Thumb Code     0  libinit2.o(.ARM.Collect$$libinit$$0000002C)
    __rt_lib_init_atexit_1                   0x08000203   Thumb Code     0  libinit2.o(.ARM.Collect$$libinit$$0000001B)
    __rt_lib_init_clock_1                    0x08000203   Thumb Code     0  libinit2.o(.ARM.Collect$$libinit$$00000021)
    __rt_lib_init_cpp_1                      0x08000203   Thumb Code     0  libinit2.o(.ARM.Collect$$libinit$$00000032)
    __rt_lib_init_exceptions_1               0x08000203   Thumb Code     0  libinit2.o(.ARM.Collect$$libinit$$00000030)
    __rt_lib_init_fp_trap_1                  0x08000203   Thumb Code     0  libinit2.o(.ARM.Collect$$libinit$$0000001F)
    __rt_lib_init_getenv_1                   0x08000203   Thumb Code     0  libinit2.o(.ARM.Collect$$libinit$$00000023)
    __rt_lib_init_heap_1                     0x08000203   Thumb Code     0  libinit2.o(.ARM.Collect$$libinit$$0000000A)
    __rt_lib_init_lc_collate_1               0x08000203   Thumb Code     0  libinit2.o(.ARM.Collect$$libinit$$00000011)
    __rt_lib_init_lc_ctype_1                 0x08000203   Thumb Code     0  libinit2.o(.ARM.Collect$$libinit$$00000013)
    __rt_lib_init_lc_monetary_1              0x08000203   Thumb Code     0  libinit2.o(.ARM.Collect$$libinit$$00000015)
    __rt_lib_init_lc_numeric_1               0x08000203   Thumb Code     0  libinit2.o(.ARM.Collect$$libinit$$00000017)
    __rt_lib_init_lc_time_1                  0x08000203   Thumb Code     0  libinit2.o(.ARM.Collect$$libinit$$00000019)
    __rt_lib_init_preinit_1                  0x08000203   Thumb Code     0  libinit2.o(.ARM.Collect$$libinit$$00000004)
    __rt_lib_init_rand_1                     0x08000203   Thumb Code     0  libinit2.o(.ARM.Collect$$libinit$$0000000E)
    __rt_lib_init_return                     0x08000203   Thumb Code     0  libinit2.o(.ARM.Collect$$libinit$$00000033)
    __rt_lib_init_signal_1                   0x08000203   Thumb Code     0  libinit2.o(.ARM.Collect$$libinit$$0000001D)
    __rt_lib_init_stdio_1                    0x08000203   Thumb Code     0  libinit2.o(.ARM.Collect$$libinit$$00000025)
    __rt_lib_init_user_alloc_1               0x08000203   Thumb Code     0  libinit2.o(.ARM.Collect$$libinit$$0000000C)
    __rt_lib_shutdown                        0x08000205   Thumb Code     0  libshutdown.o(.ARM.Collect$$libshutdown$$00000000)
    __rt_lib_shutdown_cpp_1                  0x08000207   Thumb Code     0  libshutdown2.o(.ARM.Collect$$libshutdown$$00000002)
    __rt_lib_shutdown_fp_trap_1              0x08000207   Thumb Code     0  libshutdown2.o(.ARM.Collect$$libshutdown$$00000007)
    __rt_lib_shutdown_heap_1                 0x08000207   Thumb Code     0  libshutdown2.o(.ARM.Collect$$libshutdown$$0000000F)
    __rt_lib_shutdown_return                 0x08000207   Thumb Code     0  libshutdown2.o(.ARM.Collect$$libshutdown$$00000010)
    __rt_lib_shutdown_signal_1               0x08000207   Thumb Code     0  libshutdown2.o(.ARM.Collect$$libshutdown$$0000000A)
    __rt_lib_shutdown_stdio_1                0x08000207   Thumb Code     0  libshutdown2.o(.ARM.Collect$$libshutdown$$00000004)
    __rt_lib_shutdown_user_alloc_1           0x08000207   Thumb Code     0  libshutdown2.o(.ARM.Collect$$libshutdown$$0000000C)
    __rt_entry                               0x08000209   Thumb Code     0  __rtentry.o(.ARM.Collect$$rtentry$$00000000)
    __rt_entry_presh_1                       0x08000209   Thumb Code     0  __rtentry2.o(.ARM.Collect$$rtentry$$00000002)
    __rt_entry_sh                            0x08000209   Thumb Code     0  __rtentry4.o(.ARM.Collect$$rtentry$$00000004)
    __rt_entry_li                            0x0800020f   Thumb Code     0  __rtentry2.o(.ARM.Collect$$rtentry$$0000000A)
    __rt_entry_postsh_1                      0x0800020f   Thumb Code     0  __rtentry2.o(.ARM.Collect$$rtentry$$00000009)
    __rt_entry_main                          0x08000213   Thumb Code     0  __rtentry2.o(.ARM.Collect$$rtentry$$0000000D)
    __rt_entry_postli_1                      0x08000213   Thumb Code     0  __rtentry2.o(.ARM.Collect$$rtentry$$0000000C)
    __rt_exit                                0x0800021b   Thumb Code     0  rtexit.o(.ARM.Collect$$rtexit$$00000000)
    __rt_exit_ls                             0x0800021d   Thumb Code     0  rtexit2.o(.ARM.Collect$$rtexit$$00000003)
    __rt_exit_prels_1                        0x0800021d   Thumb Code     0  rtexit2.o(.ARM.Collect$$rtexit$$00000002)
    __rt_exit_exit                           0x08000221   Thumb Code     0  rtexit2.o(.ARM.Collect$$rtexit$$00000004)
    Reset_Handler                            0x08000229   Thumb Code     8  startup_stm32f407xx.o(.text)
    NMI_Handler                              0x08000231   Thumb Code     2  startup_stm32f407xx.o(.text)
    HardFault_Handler                        0x08000233   Thumb Code     2  startup_stm32f407xx.o(.text)
    MemManage_Handler                        0x08000235   Thumb Code     2  startup_stm32f407xx.o(.text)
    BusFault_Handler                         0x08000237   Thumb Code     2  startup_stm32f407xx.o(.text)
    UsageFault_Handler                       0x08000239   Thumb Code     2  startup_stm32f407xx.o(.text)
    SVC_Handler                              0x0800023b   Thumb Code     2  startup_stm32f407xx.o(.text)
    DebugMon_Handler                         0x0800023d   Thumb Code     2  startup_stm32f407xx.o(.text)
    PendSV_Handler                           0x0800023f   Thumb Code     2  startup_stm32f407xx.o(.text)
    ADC_IRQHandler                           0x08000243   Thumb Code     0  startup_stm32f407xx.o(.text)
    CAN1_RX0_IRQHandler                      0x08000243   Thumb Code     0  startup_stm32f407xx.o(.text)
    CAN1_RX1_IRQHandler                      0x08000243   Thumb Code     0  startup_stm32f407xx.o(.text)
    CAN1_SCE_IRQHandler                      0x08000243   Thumb Code     0  startup_stm32f407xx.o(.text)
    CAN1_TX_IRQHandler                       0x08000243   Thumb Code     0  startup_stm32f407xx.o(.text)
    CAN2_RX0_IRQHandler                      0x08000243   Thumb Code     0  startup_stm32f407xx.o(.text)
    CAN2_RX1_IRQHandler                      0x08000243   Thumb Code     0  startup_stm32f407xx.o(.text)
    CAN2_SCE_IRQHandler                      0x08000243   Thumb Code     0  startup_stm32f407xx.o(.text)
    CAN2_TX_IRQHandler                       0x08000243   Thumb Code     0  startup_stm32f407xx.o(.text)
    DCMI_IRQHandler                          0x08000243   Thumb Code     0  startup_stm32f407xx.o(.text)
    DMA1_Stream0_IRQHandler                  0x08000243   Thumb Code     0  startup_stm32f407xx.o(.text)
    DMA1_Stream1_IRQHandler                  0x08000243   Thumb Code     0  startup_stm32f407xx.o(.text)
    DMA1_Stream2_IRQHandler                  0x08000243   Thumb Code     0  startup_stm32f407xx.o(.text)
    DMA1_Stream3_IRQHandler                  0x08000243   Thumb Code     0  startup_stm32f407xx.o(.text)
    DMA1_Stream4_IRQHandler                  0x08000243   Thumb Code     0  startup_stm32f407xx.o(.text)
    DMA1_Stream5_IRQHandler                  0x08000243   Thumb Code     0  startup_stm32f407xx.o(.text)
    DMA1_Stream6_IRQHandler                  0x08000243   Thumb Code     0  startup_stm32f407xx.o(.text)
    DMA1_Stream7_IRQHandler                  0x08000243   Thumb Code     0  startup_stm32f407xx.o(.text)
    DMA2_Stream0_IRQHandler                  0x08000243   Thumb Code     0  startup_stm32f407xx.o(.text)
    DMA2_Stream1_IRQHandler                  0x08000243   Thumb Code     0  startup_stm32f407xx.o(.text)
    DMA2_Stream2_IRQHandler                  0x08000243   Thumb Code     0  startup_stm32f407xx.o(.text)
    DMA2_Stream3_IRQHandler                  0x08000243   Thumb Code     0  startup_stm32f407xx.o(.text)
    DMA2_Stream4_IRQHandler                  0x08000243   Thumb Code     0  startup_stm32f407xx.o(.text)
    DMA2_Stream5_IRQHandler                  0x08000243   Thumb Code     0  startup_stm32f407xx.o(.text)
    DMA2_Stream6_IRQHandler                  0x08000243   Thumb Code     0  startup_stm32f407xx.o(.text)
    DMA2_Stream7_IRQHandler                  0x08000243   Thumb Code     0  startup_stm32f407xx.o(.text)
    ETH_IRQHandler                           0x08000243   Thumb Code     0  startup_stm32f407xx.o(.text)
    ETH_WKUP_IRQHandler                      0x08000243   Thumb Code     0  startup_stm32f407xx.o(.text)
    EXTI0_IRQHandler                         0x08000243   Thumb Code     0  startup_stm32f407xx.o(.text)
    EXTI15_10_IRQHandler                     0x08000243   Thumb Code     0  startup_stm32f407xx.o(.text)
    EXTI1_IRQHandler                         0x08000243   Thumb Code     0  startup_stm32f407xx.o(.text)
    EXTI2_IRQHandler                         0x08000243   Thumb Code     0  startup_stm32f407xx.o(.text)
    EXTI3_IRQHandler                         0x08000243   Thumb Code     0  startup_stm32f407xx.o(.text)
    EXTI4_IRQHandler                         0x08000243   Thumb Code     0  startup_stm32f407xx.o(.text)
    EXTI9_5_IRQHandler                       0x08000243   Thumb Code     0  startup_stm32f407xx.o(.text)
    FLASH_IRQHandler                         0x08000243   Thumb Code     0  startup_stm32f407xx.o(.text)
    FMC_IRQHandler                           0x08000243   Thumb Code     0  startup_stm32f407xx.o(.text)
    FPU_IRQHandler                           0x08000243   Thumb Code     0  startup_stm32f407xx.o(.text)
    HASH_RNG_IRQHandler                      0x08000243   Thumb Code     0  startup_stm32f407xx.o(.text)
    I2C1_ER_IRQHandler                       0x08000243   Thumb Code     0  startup_stm32f407xx.o(.text)
    I2C1_EV_IRQHandler                       0x08000243   Thumb Code     0  startup_stm32f407xx.o(.text)
    I2C2_ER_IRQHandler                       0x08000243   Thumb Code     0  startup_stm32f407xx.o(.text)
    I2C2_EV_IRQHandler                       0x08000243   Thumb Code     0  startup_stm32f407xx.o(.text)
    I2C3_ER_IRQHandler                       0x08000243   Thumb Code     0  startup_stm32f407xx.o(.text)
    I2C3_EV_IRQHandler                       0x08000243   Thumb Code     0  startup_stm32f407xx.o(.text)
    OTG_FS_IRQHandler                        0x08000243   Thumb Code     0  startup_stm32f407xx.o(.text)
    OTG_FS_WKUP_IRQHandler                   0x08000243   Thumb Code     0  startup_stm32f407xx.o(.text)
    OTG_HS_EP1_IN_IRQHandler                 0x08000243   Thumb Code     0  startup_stm32f407xx.o(.text)
    OTG_HS_EP1_OUT_IRQHandler                0x08000243   Thumb Code     0  startup_stm32f407xx.o(.text)
    OTG_HS_IRQHandler                        0x08000243   Thumb Code     0  startup_stm32f407xx.o(.text)
    OTG_HS_WKUP_IRQHandler                   0x08000243   Thumb Code     0  startup_stm32f407xx.o(.text)
    PVD_IRQHandler                           0x08000243   Thumb Code     0  startup_stm32f407xx.o(.text)
    RCC_IRQHandler                           0x08000243   Thumb Code     0  startup_stm32f407xx.o(.text)
    RTC_Alarm_IRQHandler                     0x08000243   Thumb Code     0  startup_stm32f407xx.o(.text)
    RTC_WKUP_IRQHandler                      0x08000243   Thumb Code     0  startup_stm32f407xx.o(.text)
    SDIO_IRQHandler                          0x08000243   Thumb Code     0  startup_stm32f407xx.o(.text)
    SPI1_IRQHandler                          0x08000243   Thumb Code     0  startup_stm32f407xx.o(.text)
    SPI2_IRQHandler                          0x08000243   Thumb Code     0  startup_stm32f407xx.o(.text)
    SPI3_IRQHandler                          0x08000243   Thumb Code     0  startup_stm32f407xx.o(.text)
    TAMP_STAMP_IRQHandler                    0x08000243   Thumb Code     0  startup_stm32f407xx.o(.text)
    TIM1_BRK_TIM9_IRQHandler                 0x08000243   Thumb Code     0  startup_stm32f407xx.o(.text)
    TIM1_CC_IRQHandler                       0x08000243   Thumb Code     0  startup_stm32f407xx.o(.text)
    TIM1_TRG_COM_TIM11_IRQHandler            0x08000243   Thumb Code     0  startup_stm32f407xx.o(.text)
    TIM1_UP_TIM10_IRQHandler                 0x08000243   Thumb Code     0  startup_stm32f407xx.o(.text)
    TIM2_IRQHandler                          0x08000243   Thumb Code     0  startup_stm32f407xx.o(.text)
    TIM3_IRQHandler                          0x08000243   Thumb Code     0  startup_stm32f407xx.o(.text)
    TIM4_IRQHandler                          0x08000243   Thumb Code     0  startup_stm32f407xx.o(.text)
    TIM5_IRQHandler                          0x08000243   Thumb Code     0  startup_stm32f407xx.o(.text)
    TIM8_BRK_TIM12_IRQHandler                0x08000243   Thumb Code     0  startup_stm32f407xx.o(.text)
    TIM8_CC_IRQHandler                       0x08000243   Thumb Code     0  startup_stm32f407xx.o(.text)
    TIM8_TRG_COM_TIM14_IRQHandler            0x08000243   Thumb Code     0  startup_stm32f407xx.o(.text)
    TIM8_UP_TIM13_IRQHandler                 0x08000243   Thumb Code     0  startup_stm32f407xx.o(.text)
    USART1_IRQHandler                        0x08000243   Thumb Code     0  startup_stm32f407xx.o(.text)
    USART3_IRQHandler                        0x08000243   Thumb Code     0  startup_stm32f407xx.o(.text)
    USART6_IRQHandler                        0x08000243   Thumb Code     0  startup_stm32f407xx.o(.text)
    WWDG_IRQHandler                          0x08000243   Thumb Code     0  startup_stm32f407xx.o(.text)
    __user_initial_stackheap                 0x08000245   Thumb Code     0  startup_stm32f407xx.o(.text)
    __aeabi_memcpy4                          0x08000269   Thumb Code     0  rt_memcpy_w.o(.text)
    __aeabi_memcpy8                          0x08000269   Thumb Code     0  rt_memcpy_w.o(.text)
    __rt_memcpy_w                            0x08000269   Thumb Code   100  rt_memcpy_w.o(.text)
    _memcpy_lastbytes_aligned                0x080002b1   Thumb Code     0  rt_memcpy_w.o(.text)
    __use_two_region_memory                  0x080002cd   Thumb Code     2  heapauxi.o(.text)
    __rt_heap_escrow$2region                 0x080002cf   Thumb Code     2  heapauxi.o(.text)
    __rt_heap_expand$2region                 0x080002d1   Thumb Code     2  heapauxi.o(.text)
    __user_setup_stackheap                   0x080002d3   Thumb Code    74  sys_stackheap_outer.o(.text)
    exit                                     0x0800031d   Thumb Code    18  exit.o(.text)
    __user_libspace                          0x08000331   Thumb Code     8  libspace.o(.text)
    __user_perproc_libspace                  0x08000331   Thumb Code     0  libspace.o(.text)
    __user_perthread_libspace                0x08000331   Thumb Code     0  libspace.o(.text)
    _sys_exit                                0x08000339   Thumb Code     8  sys_exit.o(.text)
    __I$use$semihosting                      0x08000345   Thumb Code     0  use_no_semi.o(.text)
    __use_no_semihosting_swi                 0x08000345   Thumb Code     2  use_no_semi.o(.text)
    __semihosting_library_function           0x08000347   Thumb Code     0  indicate_semi.o(.text)
    COM_Conf                                 0x08000349   Thumb Code   572  comunication.o(i.COM_Conf)
    ClearStr                                 0x08000bfd   Thumb Code    18  comunication.o(i.ClearStr)
    Control_Conf                             0x08000c11   Thumb Code    92  control.o(i.Control_Conf)
    Drive_Conf                               0x08001d39   Thumb Code    24  drive.o(i.Drive_Conf)
    Led_OnOff                                0x08005399   Thumb Code   334  control.o(i.Led_OnOff)
    SysTick_Handler                          0x080055c9   Thumb Code   160  control.o(i.SysTick_Handler)
    SystemInit                               0x08005675   Thumb Code    82  system_stm32f4xx.o(i.SystemInit)
    TIM6_DAC_IRQHandler                      0x080056d9   Thumb Code    30  comunication.o(i.TIM6_DAC_IRQHandler)
    TIM7_IRQHandler                          0x080056fd   Thumb Code    30  drive.o(i.TIM7_IRQHandler)
    UART4_IRQHandler                         0x08005721   Thumb Code    28  comunication.o(i.UART4_IRQHandler)
    UART5_IRQHandler                         0x08005741   Thumb Code    26  comunication.o(i.UART5_IRQHandler)
    USART2_IRQHandler                        0x08005761   Thumb Code    28  comunication.o(i.USART2_IRQHandler)
    __hardfp_fabs                            0x0800579b   Thumb Code    20  fabs.o(i.__hardfp_fabs)
    crc16                                    0x080057af   Thumb Code    64  comunication.o(i.crc16)
    delay_ms                                 0x080057f1   Thumb Code    22  control.o(i.delay_ms)
    main                                     0x0800580d   Thumb Code    22  main.o(i.main)
    __aeabi_dneg                             0x08005823   Thumb Code     0  basic.o(x$fpl$basic)
    _dneg                                    0x08005823   Thumb Code     6  basic.o(x$fpl$basic)
    __aeabi_fneg                             0x08005829   Thumb Code     0  basic.o(x$fpl$basic)
    _fneg                                    0x08005829   Thumb Code     6  basic.o(x$fpl$basic)
    _dabs                                    0x0800582f   Thumb Code     6  basic.o(x$fpl$basic)
    _fabs                                    0x08005835   Thumb Code     6  basic.o(x$fpl$basic)
    __aeabi_dadd                             0x0800583d   Thumb Code     0  daddsub_clz.o(x$fpl$dadd)
    _dadd                                    0x0800583d   Thumb Code   332  daddsub_clz.o(x$fpl$dadd)
    __fpl_dcmp_Inf                           0x0800598d   Thumb Code    24  dcmpi.o(x$fpl$dcmpinf)
    __aeabi_ddiv                             0x080059a5   Thumb Code     0  ddiv.o(x$fpl$ddiv)
    _ddiv                                    0x080059a5   Thumb Code   552  ddiv.o(x$fpl$ddiv)
    __aeabi_d2iz                             0x08005c55   Thumb Code     0  dfix.o(x$fpl$dfix)
    _dfix                                    0x08005c55   Thumb Code    94  dfix.o(x$fpl$dfix)
    __aeabi_d2uiz                            0x08005cb5   Thumb Code     0  dfixu.o(x$fpl$dfixu)
    _dfixu                                   0x08005cb5   Thumb Code    90  dfixu.o(x$fpl$dfixu)
    __aeabi_i2d                              0x08005d0f   Thumb Code     0  dflt_clz.o(x$fpl$dflt)
    _dflt                                    0x08005d0f   Thumb Code    46  dflt_clz.o(x$fpl$dflt)
    __aeabi_ui2d                             0x08005d3d   Thumb Code     0  dflt_clz.o(x$fpl$dfltu)
    _dfltu                                   0x08005d3d   Thumb Code    38  dflt_clz.o(x$fpl$dfltu)
    __aeabi_cdcmple                          0x08005d65   Thumb Code     0  dleqf.o(x$fpl$dleqf)
    _dcmple                                  0x08005d65   Thumb Code   120  dleqf.o(x$fpl$dleqf)
    __fpl_dcmple_InfNaN                      0x08005dc7   Thumb Code     0  dleqf.o(x$fpl$dleqf)
    __aeabi_dmul                             0x08005ddd   Thumb Code     0  dmul.o(x$fpl$dmul)
    _dmul                                    0x08005ddd   Thumb Code   332  dmul.o(x$fpl$dmul)
    __fpl_dnaninf                            0x08005f31   Thumb Code   156  dnaninf.o(x$fpl$dnaninf)
    __fpl_dretinf                            0x08005fcd   Thumb Code    12  dretinf.o(x$fpl$dretinf)
    __aeabi_cdrcmple                         0x08005fd9   Thumb Code     0  drleqf.o(x$fpl$drleqf)
    _drcmple                                 0x08005fd9   Thumb Code   108  drleqf.o(x$fpl$drleqf)
    __aeabi_drsub                            0x08006045   Thumb Code     0  daddsub_clz.o(x$fpl$drsb)
    _drsb                                    0x08006045   Thumb Code    22  daddsub_clz.o(x$fpl$drsb)
    __aeabi_dsub                             0x0800605d   Thumb Code     0  daddsub_clz.o(x$fpl$dsub)
    _dsub                                    0x0800605d   Thumb Code   464  daddsub_clz.o(x$fpl$dsub)
    _fp_init                                 0x08006231   Thumb Code    10  fpinit.o(x$fpl$fpinit)
    __fplib_config_fpu_vfp                   0x08006239   Thumb Code     0  fpinit.o(x$fpl$fpinit)
    __fplib_config_pureend_doubles           0x08006239   Thumb Code     0  fpinit.o(x$fpl$fpinit)
    __I$use$fp                               0x0800623a   Number         0  usenofp.o(x$fpl$usenofp)
    Region$$Table$$Base                      0x0800623c   Number         0  anon$$obj.o(Region$$Table)
    Region$$Table$$Limit                     0x0800625c   Number         0  anon$$obj.o(Region$$Table)
    pC                                       0x20000000   Data           4  main.o(.data)
    Control                                  0x20000008   Data       33816  main.o(.bss)
    __libspace_start                         0x20008420   Data          96  libspace.o(.bss)
    __temporary_stack_top$libspace           0x20008480   Data           0  libspace.o(.bss)



==============================================================================

Memory Map of the image

  Image Entry point : 0x08000189

  Load Region LR_IROM1 (Base: 0x08000000, Size: 0x00006260, Max: 0x00100000, ABSOLUTE)

    Execution Region ER_IROM1 (Exec base: 0x08000000, Load base: 0x08000000, Size: 0x0000625c, Max: 0x00100000, ABSOLUTE)

    Exec Addr    Load Addr    Size         Type   Attr      Idx    E Section Name        Object

    0x08000000   0x08000000   0x00000188   Data   RO          412    RESET               startup_stm32f407xx.o
    0x08000188   0x08000188   0x00000008   Code   RO          460  * !!!main             c_w.l(__main.o)
    0x08000190   0x08000190   0x00000034   Code   RO          662    !!!scatter          c_w.l(__scatter.o)
    0x080001c4   0x080001c4   0x0000001a   Code   RO          664    !!handler_copy      c_w.l(__scatter_copy.o)
    0x080001de   0x080001de   0x00000002   PAD
    0x080001e0   0x080001e0   0x0000001c   Code   RO          666    !!handler_zi        c_w.l(__scatter_zi.o)
    0x080001fc   0x080001fc   0x00000002   Code   RO          532    .ARM.Collect$$libinit$$00000000  c_w.l(libinit.o)
    0x080001fe   0x080001fe   0x00000004   Code   RO          538    .ARM.Collect$$libinit$$00000001  c_w.l(libinit2.o)
    0x08000202   0x08000202   0x00000000   Code   RO          541    .ARM.Collect$$libinit$$00000004  c_w.l(libinit2.o)
    0x08000202   0x08000202   0x00000000   Code   RO          544    .ARM.Collect$$libinit$$0000000A  c_w.l(libinit2.o)
    0x08000202   0x08000202   0x00000000   Code   RO          546    .ARM.Collect$$libinit$$0000000C  c_w.l(libinit2.o)
    0x08000202   0x08000202   0x00000000   Code   RO          548    .ARM.Collect$$libinit$$0000000E  c_w.l(libinit2.o)
    0x08000202   0x08000202   0x00000000   Code   RO          551    .ARM.Collect$$libinit$$00000011  c_w.l(libinit2.o)
    0x08000202   0x08000202   0x00000000   Code   RO          553    .ARM.Collect$$libinit$$00000013  c_w.l(libinit2.o)
    0x08000202   0x08000202   0x00000000   Code   RO          555    .ARM.Collect$$libinit$$00000015  c_w.l(libinit2.o)
    0x08000202   0x08000202   0x00000000   Code   RO          557    .ARM.Collect$$libinit$$00000017  c_w.l(libinit2.o)
    0x08000202   0x08000202   0x00000000   Code   RO          559    .ARM.Collect$$libinit$$00000019  c_w.l(libinit2.o)
    0x08000202   0x08000202   0x00000000   Code   RO          561    .ARM.Collect$$libinit$$0000001B  c_w.l(libinit2.o)
    0x08000202   0x08000202   0x00000000   Code   RO          563    .ARM.Collect$$libinit$$0000001D  c_w.l(libinit2.o)
    0x08000202   0x08000202   0x00000000   Code   RO          565    .ARM.Collect$$libinit$$0000001F  c_w.l(libinit2.o)
    0x08000202   0x08000202   0x00000000   Code   RO          567    .ARM.Collect$$libinit$$00000021  c_w.l(libinit2.o)
    0x08000202   0x08000202   0x00000000   Code   RO          569    .ARM.Collect$$libinit$$00000023  c_w.l(libinit2.o)
    0x08000202   0x08000202   0x00000000   Code   RO          571    .ARM.Collect$$libinit$$00000025  c_w.l(libinit2.o)
    0x08000202   0x08000202   0x00000000   Code   RO          575    .ARM.Collect$$libinit$$0000002C  c_w.l(libinit2.o)
    0x08000202   0x08000202   0x00000000   Code   RO          577    .ARM.Collect$$libinit$$0000002E  c_w.l(libinit2.o)
    0x08000202   0x08000202   0x00000000   Code   RO          579    .ARM.Collect$$libinit$$00000030  c_w.l(libinit2.o)
    0x08000202   0x08000202   0x00000000   Code   RO          581    .ARM.Collect$$libinit$$00000032  c_w.l(libinit2.o)
    0x08000202   0x08000202   0x00000002   Code   RO          582    .ARM.Collect$$libinit$$00000033  c_w.l(libinit2.o)
    0x08000204   0x08000204   0x00000002   Code   RO          602    .ARM.Collect$$libshutdown$$00000000  c_w.l(libshutdown.o)
    0x08000206   0x08000206   0x00000000   Code   RO          615    .ARM.Collect$$libshutdown$$00000002  c_w.l(libshutdown2.o)
    0x08000206   0x08000206   0x00000000   Code   RO          617    .ARM.Collect$$libshutdown$$00000004  c_w.l(libshutdown2.o)
    0x08000206   0x08000206   0x00000000   Code   RO          620    .ARM.Collect$$libshutdown$$00000007  c_w.l(libshutdown2.o)
    0x08000206   0x08000206   0x00000000   Code   RO          623    .ARM.Collect$$libshutdown$$0000000A  c_w.l(libshutdown2.o)
    0x08000206   0x08000206   0x00000000   Code   RO          625    .ARM.Collect$$libshutdown$$0000000C  c_w.l(libshutdown2.o)
    0x08000206   0x08000206   0x00000000   Code   RO          628    .ARM.Collect$$libshutdown$$0000000F  c_w.l(libshutdown2.o)
    0x08000206   0x08000206   0x00000002   Code   RO          629    .ARM.Collect$$libshutdown$$00000010  c_w.l(libshutdown2.o)
    0x08000208   0x08000208   0x00000000   Code   RO          500    .ARM.Collect$$rtentry$$00000000  c_w.l(__rtentry.o)
    0x08000208   0x08000208   0x00000000   Code   RO          509    .ARM.Collect$$rtentry$$00000002  c_w.l(__rtentry2.o)
    0x08000208   0x08000208   0x00000006   Code   RO          521    .ARM.Collect$$rtentry$$00000004  c_w.l(__rtentry4.o)
    0x0800020e   0x0800020e   0x00000000   Code   RO          511    .ARM.Collect$$rtentry$$00000009  c_w.l(__rtentry2.o)
    0x0800020e   0x0800020e   0x00000004   Code   RO          512    .ARM.Collect$$rtentry$$0000000A  c_w.l(__rtentry2.o)
    0x08000212   0x08000212   0x00000000   Code   RO          514    .ARM.Collect$$rtentry$$0000000C  c_w.l(__rtentry2.o)
    0x08000212   0x08000212   0x00000008   Code   RO          515    .ARM.Collect$$rtentry$$0000000D  c_w.l(__rtentry2.o)
    0x0800021a   0x0800021a   0x00000002   Code   RO          536    .ARM.Collect$$rtexit$$00000000  c_w.l(rtexit.o)
    0x0800021c   0x0800021c   0x00000000   Code   RO          584    .ARM.Collect$$rtexit$$00000002  c_w.l(rtexit2.o)
    0x0800021c   0x0800021c   0x00000004   Code   RO          585    .ARM.Collect$$rtexit$$00000003  c_w.l(rtexit2.o)
    0x08000220   0x08000220   0x00000006   Code   RO          586    .ARM.Collect$$rtexit$$00000004  c_w.l(rtexit2.o)
    0x08000226   0x08000226   0x00000002   PAD
    0x08000228   0x08000228   0x00000040   Code   RO          413    .text               startup_stm32f407xx.o
    0x08000268   0x08000268   0x00000064   Code   RO          456    .text               c_w.l(rt_memcpy_w.o)
    0x080002cc   0x080002cc   0x00000006   Code   RO          458    .text               c_w.l(heapauxi.o)
    0x080002d2   0x080002d2   0x0000004a   Code   RO          523    .text               c_w.l(sys_stackheap_outer.o)
    0x0800031c   0x0800031c   0x00000012   Code   RO          525    .text               c_w.l(exit.o)
    0x0800032e   0x0800032e   0x00000002   PAD
    0x08000330   0x08000330   0x00000008   Code   RO          533    .text               c_w.l(libspace.o)
    0x08000338   0x08000338   0x0000000c   Code   RO          594    .text               c_w.l(sys_exit.o)
    0x08000344   0x08000344   0x00000002   Code   RO          605    .text               c_w.l(use_no_semi.o)
    0x08000346   0x08000346   0x00000000   Code   RO          607    .text               c_w.l(indicate_semi.o)
    0x08000346   0x08000346   0x00000002   PAD
    0x08000348   0x08000348   0x00000260   Code   RO            4    i.COM_Conf          comunication.o
    0x080005a8   0x080005a8   0x0000011c   Code   RO            5    i.COM_PrepareFrameMotpos  comunication.o
    0x080006c4   0x080006c4   0x0000014c   Code   RO            6    i.COM_PrepareFrameTelemetry  comunication.o
    0x08000810   0x08000810   0x000000c4   Code   RO            7    i.COM_ReadEmergencyStopFrame  comunication.o
    0x080008d4   0x080008d4   0x000000c0   Code   RO            8    i.COM_ReadFromHost  comunication.o
    0x08000994   0x08000994   0x0000008c   Code   RO            9    i.COM_ReadLabFrameGeneral  comunication.o
    0x08000a20   0x08000a20   0x00000044   Code   RO           10    i.COM_ReadLabFrameOnlyCmd  comunication.o
    0x08000a64   0x08000a64   0x00000198   Code   RO           11    i.COM_SendToHost    comunication.o
    0x08000bfc   0x08000bfc   0x00000012   Code   RO           12    i.ClearStr          comunication.o
    0x08000c0e   0x08000c0e   0x00000002   PAD
    0x08000c10   0x08000c10   0x00000068   Code   RO          153    i.Control_Conf      control.o
    0x08000c78   0x08000c78   0x00000040   Code   RO          154    i.Control_IWDGConf  control.o
    0x08000cb8   0x08000cb8   0x000009bc   Code   RO          155    i.Control_StructConf  control.o
    0x08001674   0x08001674   0x000000c0   Code   RO          225    i.Drive_Act         drive.o
    0x08001734   0x08001734   0x000000b0   Code   RO          226    i.Drive_AdcConf     drive.o
    0x080017e4   0x080017e4   0x000000c4   Code   RO          227    i.Drive_AutoNextPoint  drive.o
    0x080018a8   0x080018a8   0x00000094   Code   RO          228    i.Drive_AutoPreviousPoint  drive.o
    0x0800193c   0x0800193c   0x000003dc   Code   RO          229    i.Drive_AutoSetPosref  drive.o
    0x08001d18   0x08001d18   0x00000020   Code   RO          230    i.Drive_BackupConf  drive.o
    0x08001d38   0x08001d38   0x00000018   Code   RO          231    i.Drive_Conf        drive.o
    0x08001d50   0x08001d50   0x00000100   Code   RO          232    i.Drive_GpioConf    drive.o
    0x08001e50   0x08001e50   0x00000440   Code   RO          233    i.Drive_MotManualAct  drive.o
    0x08002290   0x08002290   0x000003c4   Code   RO          234    i.Drive_MotPwmDirAct  drive.o
    0x08002654   0x08002654   0x00000108   Code   RO          235    i.Drive_MotReadCurrent  drive.o
    0x0800275c   0x0800275c   0x000004d4   Code   RO          236    i.Drive_MotReadPos  drive.o
    0x08002c30   0x08002c30   0x0000041e   Code   RO          237    i.Drive_MotRegulator  drive.o
    0x0800304e   0x0800304e   0x00000002   PAD
    0x08003050   0x08003050   0x000000cc   Code   RO          238    i.Drive_MotSetHomePosition  drive.o
    0x0800311c   0x0800311c   0x0000008c   Code   RO          239    i.Drive_MotSetPosref  drive.o
    0x080031a8   0x080031a8   0x00000016   Code   RO          240    i.Drive_MotStop     drive.o
    0x080031be   0x080031be   0x00000002   PAD
    0x080031c0   0x080031c0   0x00000064   Code   RO          241    i.Drive_MotStopOneMot  drive.o
    0x08003224   0x08003224   0x00000080   Code   RO          242    i.Drive_ReadBackup  drive.o
    0x080032a4   0x080032a4   0x00000134   Code   RO          243    i.Drive_ReadButtons  drive.o
    0x080033d8   0x080033d8   0x00001608   Code   RO          244    i.Drive_ReadCmd     drive.o
    0x080049e0   0x080049e0   0x00000224   Code   RO          245    i.Drive_ReadHardwareLimits  drive.o
    0x08004c04   0x08004c04   0x00000078   Code   RO          246    i.Drive_ReadMode    drive.o
    0x08004c7c   0x08004c7c   0x00000108   Code   RO          247    i.Drive_ReadSoftwareLimits  drive.o
    0x08004d84   0x08004d84   0x00000034   Code   RO          248    i.Drive_SerwAct     drive.o
    0x08004db8   0x08004db8   0x00000554   Code   RO          249    i.Drive_TimConf     drive.o
    0x0800530c   0x0800530c   0x00000068   Code   RO          250    i.Drive_WriteBackup  drive.o
    0x08005374   0x08005374   0x00000024   Code   RO          156    i.Led_Conf          control.o
    0x08005398   0x08005398   0x00000154   Code   RO          157    i.Led_OnOff         control.o
    0x080054ec   0x080054ec   0x0000003c   Code   RO          158    i.RCC_Conf          control.o
    0x08005528   0x08005528   0x000000a0   Code   RO          159    i.RCC_SystemInit    control.o
    0x080055c8   0x080055c8   0x000000ac   Code   RO          160    i.SysTick_Handler   control.o
    0x08005674   0x08005674   0x00000064   Code   RO          421    i.SystemInit        system_stm32f4xx.o
    0x080056d8   0x080056d8   0x00000024   Code   RO           13    i.TIM6_DAC_IRQHandler  comunication.o
    0x080056fc   0x080056fc   0x00000024   Code   RO          251    i.TIM7_IRQHandler   drive.o
    0x08005720   0x08005720   0x00000020   Code   RO           14    i.UART4_IRQHandler  comunication.o
    0x08005740   0x08005740   0x00000020   Code   RO           15    i.UART5_IRQHandler  comunication.o
    0x08005760   0x08005760   0x00000020   Code   RO           16    i.USART2_IRQHandler  comunication.o
    0x08005780   0x08005780   0x0000001a   Code   RO           17    i.__NVIC_EnableIRQ  comunication.o
    0x0800579a   0x0800579a   0x00000014   Code   RO          494    i.__hardfp_fabs     m_wm.l(fabs.o)
    0x080057ae   0x080057ae   0x00000040   Code   RO           18    i.crc16             comunication.o
    0x080057ee   0x080057ee   0x00000002   PAD
    0x080057f0   0x080057f0   0x0000001c   Code   RO          161    i.delay_ms          control.o
    0x0800580c   0x0800580c   0x00000016   Code   RO          381    i.main              main.o
    0x08005822   0x08005822   0x00000018   Code   RO          462    x$fpl$basic         fz_wm.l(basic.o)
    0x0800583a   0x0800583a   0x00000002   PAD
    0x0800583c   0x0800583c   0x00000150   Code   RO          464    x$fpl$dadd          fz_wm.l(daddsub_clz.o)
    0x0800598c   0x0800598c   0x00000018   Code   RO          501    x$fpl$dcmpinf       fz_wm.l(dcmpi.o)
    0x080059a4   0x080059a4   0x000002b0   Code   RO          471    x$fpl$ddiv          fz_wm.l(ddiv.o)
    0x08005c54   0x08005c54   0x0000005e   Code   RO          474    x$fpl$dfix          fz_wm.l(dfix.o)
    0x08005cb2   0x08005cb2   0x00000002   PAD
    0x08005cb4   0x08005cb4   0x0000005a   Code   RO          478    x$fpl$dfixu         fz_wm.l(dfixu.o)
    0x08005d0e   0x08005d0e   0x0000002e   Code   RO          483    x$fpl$dflt          fz_wm.l(dflt_clz.o)
    0x08005d3c   0x08005d3c   0x00000026   Code   RO          482    x$fpl$dfltu         fz_wm.l(dflt_clz.o)
    0x08005d62   0x08005d62   0x00000002   PAD
    0x08005d64   0x08005d64   0x00000078   Code   RO          488    x$fpl$dleqf         fz_wm.l(dleqf.o)
    0x08005ddc   0x08005ddc   0x00000154   Code   RO          490    x$fpl$dmul          fz_wm.l(dmul.o)
    0x08005f30   0x08005f30   0x0000009c   Code   RO          503    x$fpl$dnaninf       fz_wm.l(dnaninf.o)
    0x08005fcc   0x08005fcc   0x0000000c   Code   RO          505    x$fpl$dretinf       fz_wm.l(dretinf.o)
    0x08005fd8   0x08005fd8   0x0000006c   Code   RO          492    x$fpl$drleqf        fz_wm.l(drleqf.o)
    0x08006044   0x08006044   0x00000016   Code   RO          465    x$fpl$drsb          fz_wm.l(daddsub_clz.o)
    0x0800605a   0x0800605a   0x00000002   PAD
    0x0800605c   0x0800605c   0x000001d4   Code   RO          466    x$fpl$dsub          fz_wm.l(daddsub_clz.o)
    0x08006230   0x08006230   0x0000000a   Code   RO          592    x$fpl$fpinit        fz_wm.l(fpinit.o)
    0x0800623a   0x0800623a   0x00000000   Code   RO          507    x$fpl$usenofp       fz_wm.l(usenofp.o)
    0x0800623a   0x0800623a   0x00000002   PAD
    0x0800623c   0x0800623c   0x00000020   Data   RO          660    Region$$Table       anon$$obj.o


    Execution Region RW_IRAM1 (Exec base: 0x20000000, Load base: 0x0800625c, Size: 0x00008a80, Max: 0x00020000, ABSOLUTE)

    Exec Addr    Load Addr    Size         Type   Attr      Idx    E Section Name        Object

    0x20000000   0x0800625c   0x00000004   Data   RW          383    .data               main.o
    0x20000004   0x08006260   0x00000004   PAD
    0x20000008        -       0x00008418   Zero   RW          382    .bss                main.o
    0x20008420        -       0x00000060   Zero   RW          534    .bss                c_w.l(libspace.o)
    0x20008480        -       0x00000200   Zero   RW          411    HEAP                startup_stm32f407xx.o
    0x20008680        -       0x00000400   Zero   RW          410    STACK               startup_stm32f407xx.o


==============================================================================

Image component sizes


      Code (inc. data)   RO Data    RW Data    ZI Data      Debug   Object Name

      2468        118          0          0          0     601842   comunication.o
      3456        504          0          0          0      35859   control.o
     15648        622          0          0          0      19248   drive.o
        22          0          0          4      33816       1188   main.o
        64         26        392          0       1536        920   startup_stm32f407xx.o
       100         18          0          0          0        585   system_stm32f4xx.o

    ----------------------------------------------------------------------
     21766       1288        424          4      35356     659642   Object Totals
         0          0         32          0          0          0   (incl. Generated)
         8          0          0          0          4          0   (incl. Padding)

    ----------------------------------------------------------------------

      Code (inc. data)   RO Data    RW Data    ZI Data      Debug   Library Member Name

         8          0          0          0          0         68   __main.o
         0          0          0          0          0          0   __rtentry.o
        12          0          0          0          0          0   __rtentry2.o
         6          0          0          0          0          0   __rtentry4.o
        52          8          0          0          0          0   __scatter.o
        26          0          0          0          0          0   __scatter_copy.o
        28          0          0          0          0          0   __scatter_zi.o
        18          0          0          0          0         80   exit.o
         6          0          0          0          0        152   heapauxi.o
         0          0          0          0          0          0   indicate_semi.o
         2          0          0          0          0          0   libinit.o
         6          0          0          0          0          0   libinit2.o
         2          0          0          0          0          0   libshutdown.o
         2          0          0          0          0          0   libshutdown2.o
         8          4          0          0         96         68   libspace.o
       100          0          0          0          0         80   rt_memcpy_w.o
         2          0          0          0          0          0   rtexit.o
        10          0          0          0          0          0   rtexit2.o
        12          4          0          0          0         68   sys_exit.o
        74          0          0          0          0         80   sys_stackheap_outer.o
         2          0          0          0          0         68   use_no_semi.o
        24          0          0          0          0        164   basic.o
       826         16          0          0          0        492   daddsub_clz.o
        24          0          0          0          0        116   dcmpi.o
       688        140          0          0          0        256   ddiv.o
        94          4          0          0          0        140   dfix.o
        90          4          0          0          0        140   dfixu.o
        84          0          0          0          0        232   dflt_clz.o
       120          4          0          0          0        140   dleqf.o
       340         12          0          0          0        152   dmul.o
       156          4          0          0          0        140   dnaninf.o
        12          0          0          0          0        116   dretinf.o
       108          0          0          0          0        128   drleqf.o
        10          0          0          0          0        116   fpinit.o
         0          0          0          0          0          0   usenofp.o
        20          0          0          0          0        124   fabs.o

    ----------------------------------------------------------------------
      2990        200          0          0         96       3120   Library Totals
        18          0          0          0          0          0   (incl. Padding)

    ----------------------------------------------------------------------

      Code (inc. data)   RO Data    RW Data    ZI Data      Debug   Library Name

       376         16          0          0         96        664   c_w.l
      2576        184          0          0          0       2332   fz_wm.l
        20          0          0          0          0        124   m_wm.l

    ----------------------------------------------------------------------
      2990        200          0          0         96       3120   Library Totals

    ----------------------------------------------------------------------

==============================================================================


      Code (inc. data)   RO Data    RW Data    ZI Data      Debug   

     24756       1488        424          4      35452     656054   Grand Totals
     24756       1488        424          4      35452     656054   ELF Image Totals
     24756       1488        424          4          0          0   ROM Totals

==============================================================================

    Total RO  Size (Code + RO Data)                25180 (  24.59kB)
    Total RW  Size (RW Data + ZI Data)             35456 (  34.63kB)
    Total ROM Size (Code + RO Data + RW Data)      25184 (  24.59kB)

==============================================================================

