Component: ARM Compiler 5.06 update 6 (build 750) Tool: armlink [4d35ed]

==============================================================================

Section Cross References

    main.o(i.main) refers to control.o(i.Control_Conf) for Control_Conf
    main.o(i.main) refers to case.o(i.Case_Conf) for Case_Conf
    main.o(i.main) refers to comunication.o(i.COM_Conf) for COM_Conf
    main.o(i.main) refers to lcd_dwin.o(i.LCD_Dwin_Conf) for LCD_Dwin_Conf
    main.o(i.main) refers to control.o(i.delay_ms) for delay_ms
    main.o(.data) refers to main.o(.bss) for Control
    control.o(i.Control_Conf) refers to control.o(i.RCC_SystemInit) for RCC_SystemInit
    control.o(i.Control_Conf) refers to control.o(i.RCC_Conf) for RCC_Conf
    control.o(i.Control_Conf) refers to control.o(i.Control_StructConf) for Control_StructConf
    control.o(i.Control_Conf) refers to control.o(i.Control_IWDGConf) for Control_IWDGConf
    control.o(i.Control_StructConf) refers to main.o(.data) for pC
    control.o(i.Control_StructConf) refers to daddsub_clz.o(x$fpl$dsub) for __aeabi_dsub
    control.o(i.Control_StructConf) refers to ddiv.o(x$fpl$ddiv) for __aeabi_ddiv
    control.o(i.SysTick_Handler) refers to main.o(.data) for pC
    control.o(i.delay_ms) refers to main.o(.data) for pC
    comunication.o(i.COM_Conf) refers to comunication.o(i.__NVIC_EnableIRQ) for __NVIC_EnableIRQ
    comunication.o(i.COM_Conf) refers to main.o(.data) for pC
    comunication.o(i.COM_LEDRefresh) refers to main.o(.data) for pC
    comunication.o(i.COM_PreapareFrameStationPos) refers to dmul.o(x$fpl$dmul) for __aeabi_dmul
    comunication.o(i.COM_PreapareFrameStationPos) refers to dfix.o(x$fpl$dfix) for __aeabi_d2iz
    comunication.o(i.COM_PreapareFrameStationPos) refers to comunication.o(i.ClearStr) for ClearStr
    comunication.o(i.COM_PreapareFrameStationPos) refers to comunication.o(i.crc16) for crc16
    comunication.o(i.COM_PreapareFrameStationPos) refers to main.o(.data) for pC
    comunication.o(i.COM_PrepareFrameToDrive) refers to comunication.o(i.ClearStr) for ClearStr
    comunication.o(i.COM_PrepareFrameToDrive) refers to dfix.o(x$fpl$dfix) for __aeabi_d2iz
    comunication.o(i.COM_PrepareFrameToDrive) refers to basic.o(x$fpl$basic) for __aeabi_dneg
    comunication.o(i.COM_PrepareFrameToDrive) refers to comunication.o(i.crc16) for crc16
    comunication.o(i.COM_PrepareFrameToDrive) refers to main.o(.data) for pC
    comunication.o(i.COM_PrepareFrameToLab) refers to comunication.o(i.ClearStr) for ClearStr
    comunication.o(i.COM_PrepareFrameToLab) refers to comunication.o(i.crc16) for crc16
    comunication.o(i.COM_PrepareFrameToLab) refers to main.o(.data) for pC
    comunication.o(i.COM_PrepareFrameToManip) refers to comunication.o(i.ClearStr) for ClearStr
    comunication.o(i.COM_PrepareFrameToManip) refers to basic.o(x$fpl$basic) for __aeabi_dneg
    comunication.o(i.COM_PrepareFrameToManip) refers to dfix.o(x$fpl$dfix) for __aeabi_d2iz
    comunication.o(i.COM_PrepareFrameToManip) refers to comunication.o(i.crc16) for crc16
    comunication.o(i.COM_PrepareFrameToManip) refers to main.o(.data) for pC
    comunication.o(i.COM_ReadFromEth) refers to comunication.o(i.ClearStr) for ClearStr
    comunication.o(i.COM_ReadFromEth) refers to main.o(.data) for pC
    comunication.o(i.COM_ReadFromSatel) refers to comunication.o(i.ClearStr) for ClearStr
    comunication.o(i.COM_ReadFromSatel) refers to main.o(.data) for pC
    comunication.o(i.COM_ReadFromUSART1) refers to main.o(.data) for pC
    comunication.o(i.COM_ReadFromUSART2) refers to main.o(.data) for pC
    comunication.o(i.COM_ReadFromUSART6) refers to main.o(.data) for pC
    comunication.o(i.COM_ReadTelemetryFrame) refers to comunication.o(i.crc16) for crc16
    comunication.o(i.COM_ReadTelemetryFrame) refers to dflt_clz.o(x$fpl$dfltu) for __aeabi_ui2d
    comunication.o(i.COM_ReadTelemetryFrame) refers to ddiv.o(x$fpl$ddiv) for __aeabi_ddiv
    comunication.o(i.COM_ReadTelemetryFrame) refers to dmul.o(x$fpl$dmul) for __aeabi_dmul
    comunication.o(i.COM_ReadTelemetryFrame) refers to dflt_clz.o(x$fpl$dflt) for __aeabi_i2d
    comunication.o(i.COM_ReadTelemetryFrame) refers to dfltll_clz.o(x$fpl$dfltll) for __aeabi_l2d
    comunication.o(i.COM_ReadTelemetryFrame) refers to dfltll_clz.o(x$fpl$dfltull) for __aeabi_ul2d
    comunication.o(i.COM_ReadTelemetryFrame) refers to fabs.o(i.__hardfp_fabs) for __hardfp_fabs
    comunication.o(i.COM_ReadTelemetryFrame) refers to drleqf.o(x$fpl$drleqf) for __aeabi_cdrcmple
    comunication.o(i.COM_ReadTelemetryFrame) refers to main.o(.data) for pC
    comunication.o(i.COM_ReadTelemetryFrame) refers to case.o(i.buzzer_on) for buzzer_on
    comunication.o(i.COM_SendToHost) refers to comunication.o(i.COM_PrepareFrameToDrive) for COM_PrepareFrameToDrive
    comunication.o(i.COM_SendToHost) refers to comunication.o(i.COM_PrepareFrameToManip) for COM_PrepareFrameToManip
[...]
    startup_stm32f407xx.o(RESET) refers to comunication.o(i.UART4_IRQHandler) for UART4_IRQHandler
    startup_stm32f407xx.o(RESET) refers to comunication.o(i.UART5_IRQHandler) for UART5_IRQHandler
    startup_stm32f407xx.o(RESET) refers to comunication.o(i.TIM6_DAC_IRQHandler) for TIM6_DAC_IRQHandler
    startup_stm32f407xx.o(RESET) refers to case.o(i.TIM7_IRQHandler) for TIM7_IRQHandler
    startup_stm32f407xx.o(RESET) refers to comunication.o(i.USART6_IRQHandler) for USART6_IRQHandler
    startup_stm32f407xx.o(.text) refers (Special) to heapauxi.o(.text) for __use_two_region_memory
    startup_stm32f407xx.o(.text) refers to system_stm32f4xx.o(i.SystemInit) for SystemInit
    startup_stm32f407xx.o(.text) refers to __main.o(!!!main) for __main
    startup_stm32f407xx.o(.text) refers to startup_stm32f407xx.o(HEAP) for Heap_Mem
    startup_stm32f407xx.o(.text) refers to startup_stm32f407xx.o(STACK) for Stack_Mem
    system_stm32f4xx.o(i.SystemCoreClockUpdate) refers to system_stm32f4xx.o(.data) for SystemCoreClock
    system_stm32f4xx.o(i.SystemCoreClockUpdate) refers to system_stm32f4xx.o(.constdata) for AHBPrescTable
    __main.o(!!!main) refers to __rtentry.o(.ARM.Collect$$rtentry$$00000000) for __rt_entry
    basic.o(x$fpl$basic) refers (Special) to usenofp.o(x$fpl$usenofp) for __I$use$fp
    daddsub_clz.o(x$fpl$dadd) refers (Special) to usenofp.o(x$fpl$usenofp) for __I$use$fp
    daddsub_clz.o(x$fpl$dadd) refers to daddsub_clz.o(x$fpl$dsub) for _dsub1
    daddsub_clz.o(x$fpl$dadd) refers to dretinf.o(x$fpl$dretinf) for __fpl_dretinf
    daddsub_clz.o(x$fpl$dadd) refers to dnaninf.o(x$fpl$dnaninf) for __fpl_dnaninf
    daddsub_clz.o(x$fpl$drsb) refers (Special) to usenofp.o(x$fpl$usenofp) for __I$use$fp
    daddsub_clz.o(x$fpl$drsb) refers to daddsub_clz.o(x$fpl$dadd) for _dadd1
    daddsub_clz.o(x$fpl$drsb) refers to daddsub_clz.o(x$fpl$dsub) for _dsub1
    daddsub_clz.o(x$fpl$dsub) refers (Special) to usenofp.o(x$fpl$usenofp) for __I$use$fp
    daddsub_clz.o(x$fpl$dsub) refers to daddsub_clz.o(x$fpl$dadd) for _dadd1
    daddsub_clz.o(x$fpl$dsub) refers to dnaninf.o(x$fpl$dnaninf) for __fpl_dnaninf
    ddiv.o(x$fpl$drdiv) refers (Special) to usenofp.o(x$fpl$usenofp) for __I$use$fp
    ddiv.o(x$fpl$drdiv) refers to ddiv.o(x$fpl$ddiv) for ddiv_entry
    ddiv.o(x$fpl$ddiv) refers (Special) to usenofp.o(x$fpl$usenofp) for __I$use$fp
    ddiv.o(x$fpl$ddiv) refers to dretinf.o(x$fpl$dretinf) for __fpl_dretinf
    ddiv.o(x$fpl$ddiv) refers to dnaninf.o(x$fpl$dnaninf) for __fpl_dnaninf
    deqf.o(x$fpl$deqf) refers (Special) to usenofp.o(x$fpl$usenofp) for __I$use$fp
    deqf.o(x$fpl$deqf) refers to dnaninf.o(x$fpl$dnaninf) for __fpl_dnaninf
    deqf.o(x$fpl$deqf) refers to dcmpi.o(x$fpl$dcmpinf) for __fpl_dcmp_Inf
    dfix.o(x$fpl$dfix) refers (Special) to usenofp.o(x$fpl$usenofp) for __I$use$fp
    dfix.o(x$fpl$dfix) refers to dnaninf.o(x$fpl$dnaninf) for __fpl_dnaninf
    dfix.o(x$fpl$dfixr) refers (Special) to usenofp.o(x$fpl$usenofp) for __I$use$fp
    dfix.o(x$fpl$dfixr) refers to dnaninf.o(x$fpl$dnaninf) for __fpl_dnaninf
    dfixu.o(x$fpl$dfixu) refers (Special) to usenofp.o(x$fpl$usenofp) for __I$use$fp
    dfixu.o(x$fpl$dfixu) refers to dnaninf.o(x$fpl$dnaninf) for __fpl_dnaninf
    dfixu.o(x$fpl$dfixur) refers (Special) to usenofp.o(x$fpl$usenofp) for __I$use$fp
    dfixu.o(x$fpl$dfixur) refers to dnaninf.o(x$fpl$dnaninf) for __fpl_dnaninf
    dflt_clz.o(x$fpl$dfltu) refers (Special) to usenofp.o(x$fpl$usenofp) for __I$use$fp
    dflt_clz.o(x$fpl$dflt) refers (Special) to usenofp.o(x$fpl$usenofp) for __I$use$fp
    dflt_clz.o(x$fpl$dfltn) refers (Special) to usenofp.o(x$fpl$usenofp) for __I$use$fp
    dfltll_clz.o(x$fpl$dfltll) refers (Special) to usenofp.o(x$fpl$usenofp) for __I$use$fp
    dfltll_clz.o(x$fpl$dfltull) refers (Special) to usenofp.o(x$fpl$usenofp) for __I$use$fp
    dleqf.o(x$fpl$dleqf) refers (Special) to usenofp.o(x$fpl$usenofp) for __I$use$fp
    dleqf.o(x$fpl$dleqf) refers to dnaninf.o(x$fpl$dnaninf) for __fpl_dnaninf
    dleqf.o(x$fpl$dleqf) refers to dcmpi.o(x$fpl$dcmpinf) for __fpl_dcmp_Inf
    dmul.o(x$fpl$dmul) refers (Special) to usenofp.o(x$fpl$usenofp) for __I$use$fp
    dmul.o(x$fpl$dmul) refers to dretinf.o(x$fpl$dretinf) for __fpl_dretinf
    dmul.o(x$fpl$dmul) refers to dnaninf.o(x$fpl$dnaninf) for __fpl_dnaninf
    drleqf.o(x$fpl$drleqf) refers (Special) to usenofp.o(x$fpl$usenofp) for __I$use$fp
    drleqf.o(x$fpl$drleqf) refers to dleqf.o(x$fpl$dleqf) for __fpl_dcmple_InfNaN
    fabs.o(i.__hardfp_fabs) refers (Special) to usenofp.o(x$fpl$usenofp) for __I$use$fp
    fabs.o(i.__softfp_fabs) refers (Special) to usenofp.o(x$fpl$usenofp) for __I$use$fp
    fabs.o(i.fabs) refers (Special) to usenofp.o(x$fpl$usenofp) for __I$use$fp
    __rtentry.o(.ARM.Collect$$rtentry$$00000000) refers (Special) to __rtentry2.o(.ARM.Collect$$rtentry$$0000000A) for __rt_entry_li
    __rtentry.o(.ARM.Collect$$rtentry$$00000000) refers (Special) to __rtentry2.o(.ARM.Collect$$rtentry$$0000000D) for __rt_entry_main
    __rtentry.o(.ARM.Collect$$rtentry$$00000000) refers (Special) to __rtentry2.o(.ARM.Collect$$rtentry$$0000000C) for __rt_entry_postli_1
    __rtentry.o(.ARM.Collect$$rtentry$$00000000) refers (Special) to __rtentry2.o(.ARM.Collect$$rtentry$$00000009) for __rt_entry_postsh_1
    __rtentry.o(.ARM.Collect$$rtentry$$00000000) refers (Special) to __rtentry2.o(.ARM.Collect$$rtentry$$00000002) for __rt_entry_presh_1
    __rtentry.o(.ARM.Collect$$rtentry$$00000000) refers (Special) to __rtentry4.o(.ARM.Collect$$rtentry$$00000004) for __rt_entry_sh
    dcmpi.o(x$fpl$dcmpinf) refers (Special) to usenofp.o(x$fpl$usenofp) for __I$use$fp
    dnaninf.o(x$fpl$dnaninf) refers (Special) to usenofp.o(x$fpl$usenofp) for __I$use$fp
    dretinf.o(x$fpl$dretinf) refers (Special) to usenofp.o(x$fpl$usenofp) for __I$use$fp
    __rtentry2.o(.ARM.Collect$$rtentry$$00000008) refers to boardinit2.o(.text) for _platform_post_stackheap_init
    __rtentry2.o(.ARM.Collect$$rtentry$$0000000A) refers to libinit.o(.ARM.Collect$$libinit$$00000000) for __rt_lib_init
    __rtentry2.o(.ARM.Collect$$rtentry$$0000000B) refers to boardinit3.o(.text) for _platform_post_lib_init
    __rtentry2.o(.ARM.Collect$$rtentry$$0000000D) refers to main.o(i.main) for main
    __rtentry2.o(.ARM.Collect$$rtentry$$0000000D) refers to exit.o(.text) for exit
    __rtentry2.o(.ARM.exidx) refers to __rtentry2.o(.ARM.Collect$$rtentry$$00000001) for .ARM.Collect$$rtentry$$00000001
    __rtentry2.o(.ARM.exidx) refers to __rtentry2.o(.ARM.Collect$$rtentry$$00000008) for .ARM.Collect$$rtentry$$00000008
    __rtentry2.o(.ARM.exidx) refers to __rtentry2.o(.ARM.Collect$$rtentry$$0000000A) for .ARM.Collect$$rtentry$$0000000A
    __rtentry2.o(.ARM.exidx) refers to __rtentry2.o(.ARM.Collect$$rtentry$$0000000B) for .ARM.Collect$$rtentry$$0000000B
    __rtentry2.o(.ARM.exidx) refers to __rtentry2.o(.ARM.Collect$$rtentry$$0000000D) for .ARM.Collect$$rtentry$$0000000D
    __rtentry4.o(.ARM.Collect$$rtentry$$00000004) refers to sys_stackheap_outer.o(.text) for __user_setup_stackheap
    __rtentry4.o(.ARM.exidx) refers to __rtentry4.o(.ARM.Collect$$rtentry$$00000004) for .ARM.Collect$$rtentry$$00000004
    sys_stackheap_outer.o(.text) refers to libspace.o(.text) for __user_perproc_libspace
    sys_stackheap_outer.o(.text) refers to startup_stm32f407xx.o(.text) for __user_initial_stackheap
    exit.o(.text) refers to rtexit.o(.ARM.Collect$$rtexit$$00000000) for __rt_exit
    libinit.o(.ARM.Collect$$libinit$$00000000) refers (Special) to libinit2.o(.ARM.Collect$$libinit$$0000002E) for __rt_lib_init_alloca_1
    libinit.o(.ARM.Collect$$libinit$$00000000) refers (Special) to libinit2.o(.ARM.Collect$$libinit$$0000002C) for __rt_lib_init_argv_1
    libinit.o(.ARM.Collect$$libinit$$00000000) refers (Special) to libinit2.o(.ARM.Collect$$libinit$$0000001B) for __rt_lib_init_atexit_1
    libinit.o(.ARM.Collect$$libinit$$00000000) refers (Special) to libinit2.o(.ARM.Collect$$libinit$$00000021) for __rt_lib_init_clock_1
    libinit.o(.ARM.Collect$$libinit$$00000000) refers (Special) to libinit2.o(.ARM.Collect$$libinit$$00000032) for __rt_lib_init_cpp_1
    libinit.o(.ARM.Collect$$libinit$$00000000) refers (Special) to libinit2.o(.ARM.Collect$$libinit$$00000030) for __rt_lib_init_exceptions_1
    libinit.o(.ARM.Collect$$libinit$$00000000) refers (Special) to libinit2.o(.ARM.Collect$$libinit$$00000001) for __rt_lib_init_fp_1
    libinit.o(.ARM.Collect$$libinit$$00000000) refers (Special) to libinit2.o(.ARM.Collect$$libinit$$0000001F) for __rt_lib_init_fp_trap_1
    libinit.o(.ARM.Collect$$libinit$$00000000) refers (Special) to libinit2.o(.ARM.Collect$$libinit$$00000023) for __rt_lib_init_getenv_1
    libinit.o(.ARM.Collect$$libinit$$00000000) refers (Special) to libinit2.o(.ARM.Collect$$libinit$$0000000A) for __rt_lib_init_heap_1
    libinit.o(.ARM.Collect$$libinit$$00000000) refers (Special) to libinit2.o(.ARM.Collect$$libinit$$00000011) for __rt_lib_init_lc_collate_1
    libinit.o(.ARM.Collect$$libinit$$00000000) refers (Special) to libinit2.o(.ARM.Collect$$libinit$$00000013) for __rt_lib_init_lc_ctype_1
    libinit.o(.ARM.Collect$$libinit$$00000000) refers (Special) to libinit2.o(.ARM.Collect$$libinit$$00000015) for __rt_lib_init_lc_monetary_1
    libinit.o(.ARM.Collect$$libinit$$00000000) refers (Special) to libinit2.o(.ARM.Collect$$libinit$$00000017) for __rt_lib_init_lc_numeric_1
    libinit.o(.ARM.Collect$$libinit$$00000000) refers (Special) to libinit2.o(.ARM.Collect$$libinit$$00000019) for __rt_lib_init_lc_time_1
    libinit.o(.ARM.Collect$$libinit$$00000000) refers (Special) to libinit2.o(.ARM.Collect$$libinit$$00000004) for __rt_lib_init_preinit_1
    libinit.o(.ARM.Collect$$libinit$$00000000) refers (Special) to libinit2.o(.ARM.Collect$$libinit$$0000000E) for __rt_lib_init_rand_1
    libinit.o(.ARM.Collect$$libinit$$00000000) refers (Special) to libinit2.o(.ARM.Collect$$libinit$$00000033) for __rt_lib_init_return
    libinit.o(.ARM.Collect$$libinit$$00000000) refers (Special) to libinit2.o(.ARM.Collect$$libinit$$0000001D) for __rt_lib_init_signal_1
    libinit.o(.ARM.Collect$$libinit$$00000000) refers (Special) to libinit2.o(.ARM.Collect$$libinit$$00000025) for __rt_lib_init_stdio_1
    libinit.o(.ARM.Collect$$libinit$$00000000) refers (Special) to libinit2.o(.ARM.Collect$$libinit$$0000000C) for __rt_lib_init_user_alloc_1
    libspace.o(.text) refers to libspace.o(.bss) for __libspace_start
    rtexit.o(.ARM.Collect$$rtexit$$00000000) refers (Special) to rtexit2.o(.ARM.Collect$$rtexit$$00000004) for __rt_exit_exit
    rtexit.o(.ARM.Collect$$rtexit$$00000000) refers (Special) to rtexit2.o(.ARM.Collect$$rtexit$$00000003) for __rt_exit_ls
    rtexit.o(.ARM.Collect$$rtexit$$00000000) refers (Special) to rtexit2.o(.ARM.Collect$$rtexit$$00000002) for __rt_exit_prels_1
    rtexit.o(.ARM.exidx) refers (Special) to rtexit2.o(.ARM.Collect$$rtexit$$00000004) for __rt_exit_exit
    rtexit.o(.ARM.exidx) refers (Special) to rtexit2.o(.ARM.Collect$$rtexit$$00000003) for __rt_exit_ls
    rtexit.o(.ARM.exidx) refers (Special) to rtexit2.o(.ARM.Collect$$rtexit$$00000002) for __rt_exit_prels_1
    rtexit.o(.ARM.exidx) refers to rtexit.o(.ARM.Collect$$rtexit$$00000000) for .ARM.Collect$$rtexit$$00000000
    libinit2.o(.ARM.Collect$$libinit$$00000001) refers to fpinit.o(x$fpl$fpinit) for _fp_init
    libinit2.o(.ARM.Collect$$libinit$$00000010) refers to libinit2.o(.ARM.Collect$$libinit$$0000000F) for .ARM.Collect$$libinit$$0000000F
    libinit2.o(.ARM.Collect$$libinit$$00000012) refers to libinit2.o(.ARM.Collect$$libinit$$0000000F) for .ARM.Collect$$libinit$$0000000F
    libinit2.o(.ARM.Collect$$libinit$$00000014) refers to libinit2.o(.ARM.Collect$$libinit$$0000000F) for .ARM.Collect$$libinit$$0000000F
    libinit2.o(.ARM.Collect$$libinit$$00000016) refers to libinit2.o(.ARM.Collect$$libinit$$0000000F) for .ARM.Collect$$libinit$$0000000F
    libinit2.o(.ARM.Collect$$libinit$$00000018) refers to libinit2.o(.ARM.Collect$$libinit$$0000000F) for .ARM.Collect$$libinit$$0000000F
    libinit2.o(.ARM.Collect$$libinit$$00000026) refers to argv_veneer.o(.emb_text) for __ARM_argv_veneer
    libinit2.o(.ARM.Collect$$libinit$$00000027) refers to argv_veneer.o(.emb_text) for __ARM_argv_veneer
    rtexit2.o(.ARM.Collect$$rtexit$$00000003) refers to libshutdown.o(.ARM.Collect$$libshutdown$$00000000) for __rt_lib_shutdown
    rtexit2.o(.ARM.Collect$$rtexit$$00000004) refers to sys_exit.o(.text) for _sys_exit
    rtexit2.o(.ARM.exidx) refers to rtexit2.o(.ARM.Collect$$rtexit$$00000001) for .ARM.Collect$$rtexit$$00000001
    rtexit2.o(.ARM.exidx) refers to rtexit2.o(.ARM.Collect$$rtexit$$00000003) for .ARM.Collect$$rtexit$$00000003
    rtexit2.o(.ARM.exidx) refers to rtexit2.o(.ARM.Collect$$rtexit$$00000004) for .ARM.Collect$$rtexit$$00000004
    argv_veneer.o(.emb_text) refers to no_argv.o(.text) for __ARM_get_argv
    sys_exit.o(.text) refers (Special) to use_no_semi.o(.text) for __I$use$semihosting
    sys_exit.o(.text) refers (Special) to indicate_semi.o(.text) for __semihosting_library_function
    _get_argv_nomalloc.o(.text) refers (Special) to hrguard.o(.text) for __heap_region$guard
    _get_argv_nomalloc.o(.text) refers to defsig_rtmem_outer.o(.text) for __rt_SIGRTMEM
    _get_argv_nomalloc.o(.text) refers to sys_command.o(.text) for _sys_command_string
    libshutdown.o(.ARM.Collect$$libshutdown$$00000000) refers (Special) to libshutdown2.o(.ARM.Collect$$libshutdown$$00000002) for __rt_lib_shutdown_cpp_1
    libshutdown.o(.ARM.Collect$$libshutdown$$00000000) refers (Special) to libshutdown2.o(.ARM.Collect$$libshutdown$$00000007) for __rt_lib_shutdown_fp_trap_1
    libshutdown.o(.ARM.Collect$$libshutdown$$00000000) refers (Special) to libshutdown2.o(.ARM.Collect$$libshutdown$$0000000F) for __rt_lib_shutdown_heap_1
    libshutdown.o(.ARM.Collect$$libshutdown$$00000000) refers (Special) to libshutdown2.o(.ARM.Collect$$libshutdown$$00000010) for __rt_lib_shutdown_return
    libshutdown.o(.ARM.Collect$$libshutdown$$00000000) refers (Special) to libshutdown2.o(.ARM.Collect$$libshutdown$$0000000A) for __rt_lib_shutdown_signal_1
    libshutdown.o(.ARM.Collect$$libshutdown$$00000000) refers (Special) to libshutdown2.o(.ARM.Collect$$libshutdown$$00000004) for __rt_lib_shutdown_stdio_1
    libshutdown.o(.ARM.Collect$$libshutdown$$00000000) refers (Special) to libshutdown2.o(.ARM.Collect$$libshutdown$$0000000C) for __rt_lib_shutdown_user_alloc_1
    sys_command.o(.text) refers (Special) to use_no_semi.o(.text) for __I$use$semihosting
    sys_command.o(.text) refers (Special) to indicate_semi.o(.text) for __semihosting_library_function
    defsig_rtmem_outer.o(.text) refers to defsig_rtmem_inner.o(.text) for __rt_SIGRTMEM_inner
    defsig_rtmem_outer.o(.text) refers to defsig_exit.o(.text) for __sig_exit
    defsig_rtmem_formal.o(.text) refers to rt_raise.o(.text) for __rt_raise
    rt_raise.o(.text) refers to __raise.o(.text) for __raise
    rt_raise.o(.text) refers to sys_exit.o(.text) for _sys_exit
    defsig_exit.o(.text) refers to sys_exit.o(.text) for _sys_exit
    defsig_rtmem_inner.o(.text) refers to defsig_general.o(.text) for __default_signal_display
    __raise.o(.text) refers to defsig.o(CL$$defsig) for __default_signal_handler
    defsig_general.o(.text) refers to sys_wrch.o(.text) for _ttywrch
    sys_wrch.o(.text) refers (Special) to use_no_semi.o(.text) for __I$use$semihosting
    sys_wrch.o(.text) refers (Special) to indicate_semi.o(.text) for __semihosting_library_function
    defsig.o(CL$$defsig) refers to defsig_rtmem_inner.o(.text) for __rt_SIGRTMEM_inner
    defsig_abrt_inner.o(.text) refers to defsig_general.o(.text) for __default_signal_display
    defsig_fpe_inner.o(.text) refers to defsig_general.o(.text) for __default_signal_display
    defsig_rtred_inner.o(.text) refers to defsig_general.o(.text) for __default_signal_display
    defsig_stak_inner.o(.text) refers to defsig_general.o(.text) for __default_signal_display
    defsig_pvfn_inner.o(.text) refers to defsig_general.o(.text) for __default_signal_display
    defsig_cppl_inner.o(.text) refers to defsig_general.o(.text) for __default_signal_display
    defsig_segv_inner.o(.text) refers to defsig_general.o(.text) for __default_signal_display
    defsig_other.o(.text) refers to defsig_general.o(.text) for __default_signal_display


==============================================================================

Removing Unused input sections from the image.

    Removing main.o(.rev16_text), (4 bytes).
    Removing main.o(.revsh_text), (4 bytes).
    Removing main.o(.rrx_text), (6 bytes).
    Removing control.o(.rev16_text), (4 bytes).
    Removing control.o(.revsh_text), (4 bytes).
    Removing control.o(.rrx_text), (6 bytes).
    Removing comunication.o(.rev16_text), (4 bytes).
    Removing comunication.o(.revsh_text), (4 bytes).
    Removing comunication.o(.rrx_text), (6 bytes).
    Removing comunication.o(i.COM_PrepareFrameToLab), (296 bytes).
    Removing case.o(.rev16_text), (4 bytes).
    Removing case.o(.revsh_text), (4 bytes).
    Removing case.o(.rrx_text), (6 bytes).
    Removing case.o(i.Button_ReadDebouncing), (3092 bytes).
    Removing case.o(i.Button_SetDebouncing), (4132 bytes).
    Removing lcd_dwin.o(.rev16_text), (4 bytes).
    Removing lcd_dwin.o(.revsh_text), (4 bytes).
    Removing lcd_dwin.o(.rrx_text), (6 bytes).
    Removing system_stm32f4xx.o(.rev16_text), (4 bytes).
    Removing system_stm32f4xx.o(.revsh_text), (4 bytes).
    Removing system_stm32f4xx.o(.rrx_text), (6 bytes).
    Removing system_stm32f4xx.o(i.SystemCoreClockUpdate), (192 bytes).
    Removing system_stm32f4xx.o(.constdata), (24 bytes).
    Removing system_stm32f4xx.o(.data), (4 bytes).

24 unused section(s) (total 7824 bytes) removed from the image.

==============================================================================

Image Symbol Table

    Local Symbols

    Symbol Name                              Value     Ov Type        Size  Object(Section)

    ../clib/angel/boardlib.s                 0x00000000   Number         0  boardinit2.o ABSOLUTE
    ../clib/angel/boardlib.s                 0x00000000   Number         0  boardinit3.o ABSOLUTE
    ../clib/angel/boardlib.s                 0x00000000   Number         0  boardshut.o ABSOLUTE
    ../clib/angel/boardlib.s                 0x00000000   Number         0  boardinit1.o ABSOLUTE
    ../clib/angel/handlers.s                 0x00000000   Number         0  __scatter_zi.o ABSOLUTE
    ../clib/angel/handlers.s                 0x00000000   Number         0  __scatter_copy.o ABSOLUTE
    ../clib/angel/kernel.s                   0x00000000   Number         0  __rtentry4.o ABSOLUTE
    ../clib/angel/kernel.s                   0x00000000   Number         0  rtexit2.o ABSOLUTE
    ../clib/angel/kernel.s                   0x00000000   Number         0  rtexit.o ABSOLUTE
    ../clib/angel/kernel.s                   0x00000000   Number         0  __rtentry.o ABSOLUTE
    ../clib/angel/kernel.s                   0x00000000   Number         0  __rtentry2.o ABSOLUTE
    ../clib/angel/rt.s                       0x00000000   Number         0  rt_raise.o ABSOLUTE
    ../clib/angel/scatter.s                  0x00000000   Number         0  __scatter.o ABSOLUTE
    ../clib/angel/startup.s                  0x00000000   Number         0  __main.o ABSOLUTE
    ../clib/angel/sys.s                      0x00000000   Number         0  sys_stackheap_outer.o ABSOLUTE
    ../clib/angel/sys.s                      0x00000000   Number         0  libspace.o ABSOLUTE
    ../clib/angel/sys.s                      0x00000000   Number         0  use_no_semi.o ABSOLUTE
    ../clib/angel/sys.s                      0x00000000   Number         0  indicate_semi.o ABSOLUTE
    ../clib/angel/sysapp.c                   0x00000000   Number         0  sys_wrch.o ABSOLUTE
    ../clib/angel/sysapp.c                   0x00000000   Number         0  sys_command.o ABSOLUTE
    ../clib/angel/sysapp.c                   0x00000000   Number         0  sys_exit.o ABSOLUTE
    ../clib/armsys.c                         0x00000000   Number         0  _get_argv_nomalloc.o ABSOLUTE
    ../clib/armsys.c                         0x00000000   Number         0  no_argv.o ABSOLUTE
    ../clib/armsys.c                         0x00000000   Number         0  argv_veneer.o ABSOLUTE
    ../clib/armsys.c                         0x00000000   Number         0  argv_veneer.o ABSOLUTE
    ../clib/heapalloc.c                      0x00000000   Number         0  hrguard.o ABSOLUTE
    ../clib/heapaux.c                        0x00000000   Number         0  heapauxi.o ABSOLUTE
    ../clib/libinit.s                        0x00000000   Number         0  libinit2.o ABSOLUTE
    ../clib/libinit.s                        0x00000000   Number         0  libshutdown2.o ABSOLUTE
    ../clib/libinit.s                        0x00000000   Number         0  libinit.o ABSOLUTE
    ../clib/libinit.s                        0x00000000   Number         0  libshutdown.o ABSOLUTE
    ../clib/signal.c                         0x00000000   Number         0  defsig_abrt_inner.o ABSOLUTE
    ../clib/signal.c                         0x00000000   Number         0  defsig_rtmem_outer.o ABSOLUTE
    ../clib/signal.c                         0x00000000   Number         0  defsig_rtmem_formal.o ABSOLUTE
    ../clib/signal.c                         0x00000000   Number         0  defsig_general.o ABSOLUTE
    ../clib/signal.c                         0x00000000   Number         0  __raise.o ABSOLUTE
    ../clib/signal.c                         0x00000000   Number         0  defsig_exit.o ABSOLUTE
    ../clib/signal.c                         0x00000000   Number         0  defsig_rtmem_inner.o ABSOLUTE
    ../clib/signal.c                         0x00000000   Number         0  defsig_other.o ABSOLUTE
    ../clib/signal.c                         0x00000000   Number         0  defsig_pvfn_inner.o ABSOLUTE
    ../clib/signal.c                         0x00000000   Number         0  defsig_segv_inner.o ABSOLUTE
    ../clib/signal.c                         0x00000000   Number         0  defsig_cppl_inner.o ABSOLUTE
    ../clib/signal.c                         0x00000000   Number         0  defsig_stak_inner.o ABSOLUTE
    ../clib/signal.c                         0x00000000   Number         0  defsig_rtred_inner.o ABSOLUTE
    ../clib/signal.c                         0x00000000   Number         0  defsig_fpe_inner.o ABSOLUTE
    ../clib/signal.s                         0x00000000   Number         0  defsig.o ABSOLUTE
    ../clib/stdlib.c                         0x00000000   Number         0  exit.o ABSOLUTE
    ../fplib/basic.s                         0x00000000   Number         0  basic.o ABSOLUTE
    ../fplib/daddsub.s                       0x00000000   Number         0  daddsub_clz.o ABSOLUTE
    ../fplib/dcmpi.s                         0x00000000   Number         0  dcmpi.o ABSOLUTE
    ../fplib/ddiv.s                          0x00000000   Number         0  ddiv.o ABSOLUTE
    ../fplib/deqf.s                          0x00000000   Number         0  deqf.o ABSOLUTE
    ../fplib/dfix.s                          0x00000000   Number         0  dfix.o ABSOLUTE
    ../fplib/dfixu.s                         0x00000000   Number         0  dfixu.o ABSOLUTE
    ../fplib/dflt.s                          0x00000000   Number         0  dflt_clz.o ABSOLUTE
    ../fplib/dfltll.s                        0x00000000   Number         0  dfltll_clz.o ABSOLUTE
    ../fplib/dleqf.s                         0x00000000   Number         0  dleqf.o ABSOLUTE
    ../fplib/dmul.s                          0x00000000   Number         0  dmul.o ABSOLUTE
    ../fplib/dnaninf.s                       0x00000000   Number         0  dnaninf.o ABSOLUTE
    ../fplib/dretinf.s                       0x00000000   Number         0  dretinf.o ABSOLUTE
    ../fplib/drleqf.s                        0x00000000   Number         0  drleqf.o ABSOLUTE
    ../fplib/fpinit.s                        0x00000000   Number         0  fpinit.o ABSOLUTE
    ../fplib/usenofp.s                       0x00000000   Number         0  usenofp.o ABSOLUTE
    ../mathlib/fabs.c                        0x00000000   Number         0  fabs.o ABSOLUTE
    Case.c                                   0x00000000   Number         0  case.o ABSOLUTE
    Case.c                                   0x00000000   Number         0  case.o ABSOLUTE
    Comunication.c                           0x00000000   Number         0  comunication.o ABSOLUTE
    Comunication.c                           0x00000000   Number         0  comunication.o ABSOLUTE
    Control.c                                0x00000000   Number         0  control.o ABSOLUTE
    Control.c                                0x00000000   Number         0  control.o ABSOLUTE
    LCD_Dwin.c                               0x00000000   Number         0  lcd_dwin.o ABSOLUTE
    LCD_Dwin.c                               0x00000000   Number         0  lcd_dwin.o ABSOLUTE
    RTE\Device\STM32F407IGTx\startup_stm32f407xx.s 0x00000000   Number         0  startup_stm32f407xx.o ABSOLUTE
    RTE\Device\STM32F407IGTx\system_stm32f4xx.c 0x00000000   Number         0  system_stm32f4xx.o ABSOLUTE
    RTE\\Device\\STM32F407IGTx\\system_stm32f4xx.c 0x00000000   Number         0  system_stm32f4xx.o ABSOLUTE
    dc.s                                     0x00000000   Number         0  dc.o ABSOLUTE
    main.c                                   0x00000000   Number         0  main.o ABSOLUTE
    main.c                                   0x00000000   Number         0  main.o ABSOLUTE
    RESET                                    0x08000000   Section      392  startup_stm32f407xx.o(RESET)
    !!!main                                  0x08000188   Section        8  __main.o(!!!main)
    !!!scatter                               0x08000190   Section       52  __scatter.o(!!!scatter)
    !!handler_copy                           0x080001c4   Section       26  __scatter_copy.o(!!handler_copy)
    !!handler_zi                             0x080001e0   Section       28  __scatter_zi.o(!!handler_zi)
    .ARM.Collect$$libinit$$00000000          0x080001fc   Section        2  libinit.o(.ARM.Collect$$libinit$$00000000)
    .ARM.Collect$$libinit$$00000001          0x080001fe   Section        4  libinit2.o(.ARM.Collect$$libinit$$00000001)
    .ARM.Collect$$libinit$$00000004          0x08000202   Section        0  libinit2.o(.ARM.Collect$$libinit$$00000004)
    .ARM.Collect$$libinit$$0000000A          0x08000202   Section        0  libinit2.o(.ARM.Collect$$libinit$$0000000A)
    .ARM.Collect$$libinit$$0000000C          0x08000202   Section        0  libinit2.o(.ARM.Collect$$libinit$$0000000C)
    .ARM.Collect$$libinit$$0000000E          0x08000202   Section        0  libinit2.o(.ARM.Collect$$libinit$$0000000E)
    .ARM.Collect$$libinit$$00000011          0x08000202   Section        0  libinit2.o(.ARM.Collect$$libinit$$00000011)
    .ARM.Collect$$libinit$$00000013          0x08000202   Section        0  libinit2.o(.ARM.Collect$$libinit$$00000013)
    .ARM.Collect$$libinit$$00000015          0x08000202   Section        0  libinit2.o(.ARM.Collect$$libinit$$00000015)
    .ARM.Collect$$libinit$$00000017          0x08000202   Section        0  libinit2.o(.ARM.Collect$$libinit$$00000017)
    .ARM.Collect$$libinit$$00000019          0x08000202   Section        0  libinit2.o(.ARM.Collect$$libinit$$00000019)
    .ARM.Collect$$libinit$$0000001B          0x08000202   Section        0  libinit2.o(.ARM.Collect$$libinit$$0000001B)
    .ARM.Collect$$libinit$$0000001D          0x08000202   Section        0  libinit2.o(.ARM.Collect$$libinit$$0000001D)
    .ARM.Collect$$libinit$$0000001F          0x08000202   Section        0  libinit2.o(.ARM.Collect$$libinit$$0000001F)
    .ARM.Collect$$libinit$$00000021          0x08000202   Section        0  libinit2.o(.ARM.Collect$$libinit$$00000021)
    .ARM.Collect$$libinit$$00000023          0x08000202   Section        0  libinit2.o(.ARM.Collect$$libinit$$00000023)
    .ARM.Collect$$libinit$$00000025          0x08000202   Section        0  libinit2.o(.ARM.Collect$$libinit$$00000025)
    .ARM.Collect$$libinit$$0000002C          0x08000202   Section        0  libinit2.o(.ARM.Collect$$libinit$$0000002C)
    .ARM.Collect$$libinit$$0000002E          0x08000202   Section        0  libinit2.o(.ARM.Collect$$libinit$$0000002E)
    .ARM.Collect$$libinit$$00000030          0x08000202   Section        0  libinit2.o(.ARM.Collect$$libinit$$00000030)
    .ARM.Collect$$libinit$$00000032          0x08000202   Section        0  libinit2.o(.ARM.Collect$$libinit$$00000032)
    .ARM.Collect$$libinit$$00000033          0x08000202   Section        2  libinit2.o(.ARM.Collect$$libinit$$00000033)
    .ARM.Collect$$libshutdown$$00000000      0x08000204   Section        2  libshutdown.o(.ARM.Collect$$libshutdown$$00000000)
    .ARM.Collect$$libshutdown$$00000002      0x08000206   Section        0  libshutdown2.o(.ARM.Collect$$libshutdown$$00000002)
    .ARM.Collect$$libshutdown$$00000004      0x08000206   Section        0  libshutdown2.o(.ARM.Collect$$libshutdown$$00000004)
    .ARM.Collect$$libshutdown$$00000007      0x08000206   Section        0  libshutdown2.o(.ARM.Collect$$libshutdown$$00000007)
    .ARM.Collect$$libshutdown$$0000000A      0x08000206   Section        0  libshutdown2.o(.ARM.Collect$$libshutdown$$0000000A)
    .ARM.Collect$$libshutdown$$0000000C      0x08000206   Section        0  libshutdown2.o(.ARM.Collect$$libshutdown$$0000000C)
    .ARM.Collect$$libshutdown$$0000000F      0x08000206   Section        0  libshutdown2.o(.ARM.Collect$$libshutdown$$0000000F)
    .ARM.Collect$$libshutdown$$00000010      0x08000206   Section        2  libshutdown2.o(.ARM.Collect$$libshutdown$$00000010)
    .ARM.Collect$$rtentry$$00000000          0x08000208   Section        0  __rtentry.o(.ARM.Collect$$rtentry$$00000000)
    .ARM.Collect$$rtentry$$00000002          0x08000208   Section        0  __rtentry2.o(.ARM.Collect$$rtentry$$00000002)
    .ARM.Collect$$rtentry$$00000004          0x08000208   Section        6  __rtentry4.o(.ARM.Collect$$rtentry$$00000004)
    .ARM.Collect$$rtentry$$00000009          0x0800020e   Section        0  __rtentry2.o(.ARM.Collect$$rtentry$$00000009)
    .ARM.Collect$$rtentry$$0000000A          0x0800020e   Section        4  __rtentry2.o(.ARM.Collect$$rtentry$$0000000A)
    .ARM.Collect$$rtentry$$0000000C          0x08000212   Section        0  __rtentry2.o(.ARM.Collect$$rtentry$$0000000C)
    .ARM.Collect$$rtentry$$0000000D          0x08000212   Section        8  __rtentry2.o(.ARM.Collect$$rtentry$$0000000D)
    .ARM.Collect$$rtexit$$00000000           0x0800021a   Section        2  rtexit.o(.ARM.Collect$$rtexit$$00000000)
    .ARM.Collect$$rtexit$$00000002           0x0800021c   Section        0  rtexit2.o(.ARM.Collect$$rtexit$$00000002)
    .ARM.Collect$$rtexit$$00000003           0x0800021c   Section        4  rtexit2.o(.ARM.Collect$$rtexit$$00000003)
    .ARM.Collect$$rtexit$$00000004           0x08000220   Section        6  rtexit2.o(.ARM.Collect$$rtexit$$00000004)
    .text                                    0x08000228   Section       64  startup_stm32f407xx.o(.text)
    $v0                                      0x08000228   Number         0  startup_stm32f407xx.o(.text)
    .text                                    0x08000268   Section        0  heapauxi.o(.text)
    .text                                    0x0800026e   Section       74  sys_stackheap_outer.o(.text)
    .text                                    0x080002b8   Section        0  exit.o(.text)
    .text                                    0x080002cc   Section        8  libspace.o(.text)
    .text                                    0x080002d4   Section        0  sys_exit.o(.text)
    .text                                    0x080002e0   Section        2  use_no_semi.o(.text)
    .text                                    0x080002e2   Section        0  indicate_semi.o(.text)
    i.Button_Set                             0x080002e4   Section        0  case.o(i.Button_Set)
    Button_Set                               0x080002e5   Thumb Code  3022  case.o(i.Button_Set)
    i.COM_Conf                               0x08000ec4   Section        0  comunication.o(i.COM_Conf)
    i.COM_LEDRefresh                         0x080012e8   Section        0  comunication.o(i.COM_LEDRefresh)
    COM_LEDRefresh                           0x080012e9   Thumb Code  1126  comunication.o(i.COM_LEDRefresh)
    i.COM_PreapareFrameStationPos            0x0800175c   Section        0  comunication.o(i.COM_PreapareFrameStationPos)
    COM_PreapareFrameStationPos              0x0800175d   Thumb Code   200  comunication.o(i.COM_PreapareFrameStationPos)
    i.COM_PrepareFrameToDrive                0x08001830   Section        0  comunication.o(i.COM_PrepareFrameToDrive)
    i.COM_PrepareFrameToManip                0x08001960   Section        0  comunication.o(i.COM_PrepareFrameToManip)
    i.COM_ReadFromEth                        0x08001c98   Section        0  comunication.o(i.COM_ReadFromEth)
    COM_ReadFromEth                          0x08001c99   Thumb Code   350  comunication.o(i.COM_ReadFromEth)
    i.COM_ReadFromSatel                      0x08001e04   Section        0  comunication.o(i.COM_ReadFromSatel)
    COM_ReadFromSatel                        0x08001e05   Thumb Code   334  comunication.o(i.COM_ReadFromSatel)
    i.COM_ReadFromUSART1                     0x08001f60   Section        0  comunication.o(i.COM_ReadFromUSART1)
    COM_ReadFromUSART1                       0x08001f61   Thumb Code    78  comunication.o(i.COM_ReadFromUSART1)
    i.COM_ReadFromUSART2                     0x08001fb8   Section        0  comunication.o(i.COM_ReadFromUSART2)
    COM_ReadFromUSART2                       0x08001fb9   Thumb Code    76  comunication.o(i.COM_ReadFromUSART2)
    i.COM_ReadFromUSART6                     0x0800200c   Section        0  comunication.o(i.COM_ReadFromUSART6)
    COM_ReadFromUSART6                       0x0800200d   Thumb Code    78  comunication.o(i.COM_ReadFromUSART6)
    i.COM_ReadTelemetryFrame                 0x08002064   Section        0  comunication.o(i.COM_ReadTelemetryFrame)
    COM_ReadTelemetryFrame                   0x08002065   Thumb Code  2364  comunication.o(i.COM_ReadTelemetryFrame)
    i.COM_SendToHost                         0x080029a4   Section        0  comunication.o(i.COM_SendToHost)
    COM_SendToHost                           0x080029a5   Thumb Code   324  comunication.o(i.COM_SendToHost)
    i.Case_ADC_value                         0x08002aec   Section        0  case.o(i.Case_ADC_value)
    Case_ADC_value                           0x08002aed   Thumb Code  9536  case.o(i.Case_ADC_value)
    i.Case_AdcConf_1                         0x08005038   Section        0  case.o(i.Case_AdcConf_1)
    Case_AdcConf_1                           0x08005039   Thumb Code   182  case.o(i.Case_AdcConf_1)
    i.Case_AdcConf_2                         0x08005110   Section        0  case.o(i.Case_AdcConf_2)
    Case_AdcConf_2                           0x08005111   Thumb Code   206  case.o(i.Case_AdcConf_2)
    i.Case_AdcConf_3                         0x08005200   Section        0  case.o(i.Case_AdcConf_3)
    Case_AdcConf_3                           0x08005201   Thumb Code   188  case.o(i.Case_AdcConf_3)
    i.Case_Conf                              0x080052e0   Section        0  case.o(i.Case_Conf)
    i.Case_GpioConf                          0x080052f8   Section        0  case.o(i.Case_GpioConf)
    Case_GpioConf                            0x080052f9   Thumb Code   628  case.o(i.Case_GpioConf)
    i.Case_TimConf                           0x080055b0   Section        0  case.o(i.Case_TimConf)
    Case_TimConf                             0x080055b1   Thumb Code   150  case.o(i.Case_TimConf)
    i.ClearStr                               0x08005654   Section        0  comunication.o(i.ClearStr)
    i.CmdDrive_Set                           0x08005668   Section        0  case.o(i.CmdDrive_Set)
    CmdDrive_Set                             0x08005669   Thumb Code   576  case.o(i.CmdDrive_Set)
    i.CmdLab_Set                             0x080058ac   Section        0  case.o(i.CmdLab_Set)
    CmdLab_Set                               0x080058ad   Thumb Code   188  case.o(i.CmdLab_Set)
    i.CmdManip_Set                           0x0800596c   Section        0  case.o(i.CmdManip_Set)
    CmdManip_Set                             0x0800596d   Thumb Code   482  case.o(i.CmdManip_Set)
    i.Com_SendToEth                          0x08005b54   Section        0  comunication.o(i.Com_SendToEth)
    Com_SendToEth                            0x08005b55   Thumb Code   100  comunication.o(i.Com_SendToEth)
    i.Com_SendToSatel                        0x08005bc0   Section        0  comunication.o(i.Com_SendToSatel)
    Com_SendToSatel                          0x08005bc1   Thumb Code    82  comunication.o(i.Com_SendToSatel)
    i.Control_Conf                           0x08005c1c   Section        0  control.o(i.Control_Conf)
    i.Control_IWDGConf                       0x08005c80   Section        0  control.o(i.Control_IWDGConf)
    Control_IWDGConf                         0x08005c81   Thumb Code    56  control.o(i.Control_IWDGConf)
    i.Control_StructConf                     0x08005cc0   Section        0  control.o(i.Control_StructConf)
    Control_StructConf                       0x08005cc1   Thumb Code  3538  control.o(i.Control_StructConf)
    i.LCD_Dwin_ClearStr                      0x08006aa8   Section        0  lcd_dwin.o(i.LCD_Dwin_ClearStr)
    LCD_Dwin_ClearStr                        0x08006aa9   Thumb Code    18  lcd_dwin.o(i.LCD_Dwin_ClearStr)
    i.LCD_Dwin_Conf                          0x08006abc   Section        0  lcd_dwin.o(i.LCD_Dwin_Conf)
    i.LCD_Dwin_SendToLcd                     0x08006b18   Section        0  lcd_dwin.o(i.LCD_Dwin_SendToLcd)
    i.PrepareToFrame                         0x08006fac   Section        0  case.o(i.PrepareToFrame)
    PrepareToFrame                           0x08006fad   Thumb Code    28  case.o(i.PrepareToFrame)
    i.RCC_Conf                               0x08006fc8   Section        0  control.o(i.RCC_Conf)
    RCC_Conf                                 0x08006fc9   Thumb Code    86  control.o(i.RCC_Conf)
    i.RCC_SystemInit                         0x0800702c   Section        0  control.o(i.RCC_SystemInit)
    RCC_SystemInit                           0x0800702d   Thumb Code   118  control.o(i.RCC_SystemInit)
    i.SysTick_Handler                        0x080070ac   Section        0  control.o(i.SysTick_Handler)
    i.SystemInit                             0x080070dc   Section        0  system_stm32f4xx.o(i.SystemInit)
    i.TIM2_IRQHandler                        0x08007140   Section        0  comunication.o(i.TIM2_IRQHandler)
    i.TIM3_IRQHandler                        0x08007168   Section        0  case.o(i.TIM3_IRQHandler)
    i.TIM4_IRQHandler                        0x08007184   Section        0  case.o(i.TIM4_IRQHandler)
    i.TIM6_DAC_IRQHandler                    0x080071a8   Section        0  comunication.o(i.TIM6_DAC_IRQHandler)
    i.TIM7_IRQHandler                        0x080071cc   Section        0  case.o(i.TIM7_IRQHandler)
    i.UART4_IRQHandler                       0x080071f0   Section        0  comunication.o(i.UART4_IRQHandler)
    i.UART5_IRQHandler                       0x08007214   Section        0  comunication.o(i.UART5_IRQHandler)
    i.USART1_IRQHandler                      0x08007238   Section        0  comunication.o(i.USART1_IRQHandler)
    i.USART2_IRQHandler                      0x08007258   Section        0  comunication.o(i.USART2_IRQHandler)
    i.USART6_IRQHandler                      0x08007278   Section        0  comunication.o(i.USART6_IRQHandler)
    i.__NVIC_EnableIRQ                       0x08007298   Section        0  comunication.o(i.__NVIC_EnableIRQ)
    __NVIC_EnableIRQ                         0x08007299   Thumb Code    26  comunication.o(i.__NVIC_EnableIRQ)
    i.__NVIC_EnableIRQ                       0x080072b2   Section        0  case.o(i.__NVIC_EnableIRQ)
    __NVIC_EnableIRQ                         0x080072b3   Thumb Code    26  case.o(i.__NVIC_EnableIRQ)
    i.__hardfp_fabs                          0x080072cc   Section        0  fabs.o(i.__hardfp_fabs)
    i.buzzer_off                             0x080072e0   Section        0  case.o(i.buzzer_off)
    i.buzzer_on                              0x0800730c   Section        0  case.o(i.buzzer_on)
    i.crc16                                  0x08007330   Section        0  comunication.o(i.crc16)
    i.delay_ms                               0x08007370   Section        0  control.o(i.delay_ms)
    i.direction_motor                        0x0800738c   Section        0  case.o(i.direction_motor)
    direction_motor                          0x0800738d   Thumb Code  1206  case.o(i.direction_motor)
    i.main                                   0x08007848   Section        0  main.o(i.main)
    x$fpl$basic                              0x08007862   Section       24  basic.o(x$fpl$basic)
    $v0                                      0x08007862   Number         0  basic.o(x$fpl$basic)
    x$fpl$dadd                               0x0800787c   Section      336  daddsub_clz.o(x$fpl$dadd)
    $v0                                      0x0800787c   Number         0  daddsub_clz.o(x$fpl$dadd)
    _dadd1                                   0x0800788d   Thumb Code     0  daddsub_clz.o(x$fpl$dadd)
    x$fpl$dcmpinf                            0x080079cc   Section       24  dcmpi.o(x$fpl$dcmpinf)
    $v0                                      0x080079cc   Number         0  dcmpi.o(x$fpl$dcmpinf)
    x$fpl$ddiv                               0x080079e4   Section      688  ddiv.o(x$fpl$ddiv)
    $v0                                      0x080079e4   Number         0  ddiv.o(x$fpl$ddiv)
    ddiv_entry                               0x080079eb   Thumb Code     0  ddiv.o(x$fpl$ddiv)
    x$fpl$deqf                               0x08007c94   Section      120  deqf.o(x$fpl$deqf)
    $v0                                      0x08007c94   Number         0  deqf.o(x$fpl$deqf)
    x$fpl$dfix                               0x08007d0c   Section       94  dfix.o(x$fpl$dfix)
    $v0                                      0x08007d0c   Number         0  dfix.o(x$fpl$dfix)
    x$fpl$dfixu                              0x08007d6c   Section       90  dfixu.o(x$fpl$dfixu)
    $v0                                      0x08007d6c   Number         0  dfixu.o(x$fpl$dfixu)
    x$fpl$dflt                               0x08007dc6   Section       46  dflt_clz.o(x$fpl$dflt)
    $v0                                      0x08007dc6   Number         0  dflt_clz.o(x$fpl$dflt)
    x$fpl$dfltll                             0x08007df4   Section      162  dfltll_clz.o(x$fpl$dfltll)
    $v0                                      0x08007df4   Number         0  dfltll_clz.o(x$fpl$dfltll)
    x$fpl$dfltu                              0x08007e96   Section       38  dflt_clz.o(x$fpl$dfltu)
    $v0                                      0x08007e96   Number         0  dflt_clz.o(x$fpl$dfltu)
    x$fpl$dfltull                            0x08007ebc   Section      138  dfltll_clz.o(x$fpl$dfltull)
    $v0                                      0x08007ebc   Number         0  dfltll_clz.o(x$fpl$dfltull)
    x$fpl$dleqf                              0x08007f48   Section      120  dleqf.o(x$fpl$dleqf)
    $v0                                      0x08007f48   Number         0  dleqf.o(x$fpl$dleqf)
    x$fpl$dmul                               0x08007fc0   Section      340  dmul.o(x$fpl$dmul)
    $v0                                      0x08007fc0   Number         0  dmul.o(x$fpl$dmul)
    x$fpl$dnaninf                            0x08008114   Section      156  dnaninf.o(x$fpl$dnaninf)
    $v0                                      0x08008114   Number         0  dnaninf.o(x$fpl$dnaninf)
    x$fpl$dretinf                            0x080081b0   Section       12  dretinf.o(x$fpl$dretinf)
    $v0                                      0x080081b0   Number         0  dretinf.o(x$fpl$dretinf)
    x$fpl$drleqf                             0x080081bc   Section      108  drleqf.o(x$fpl$drleqf)
    $v0                                      0x080081bc   Number         0  drleqf.o(x$fpl$drleqf)
    x$fpl$dsub                               0x08008228   Section      468  daddsub_clz.o(x$fpl$dsub)
    $v0                                      0x08008228   Number         0  daddsub_clz.o(x$fpl$dsub)
    _dsub1                                   0x08008239   Thumb Code     0  daddsub_clz.o(x$fpl$dsub)
    x$fpl$fpinit                             0x080083fc   Section       10  fpinit.o(x$fpl$fpinit)
    $v0                                      0x080083fc   Number         0  fpinit.o(x$fpl$fpinit)
    x$fpl$usenofp                            0x08008406   Section        0  usenofp.o(x$fpl$usenofp)
    .data                                    0x20000000   Section        4  main.o(.data)
    .data                                    0x20000004   Section        1  lcd_dwin.o(.data)
    .bss                                     0x20000008   Section    35248  main.o(.bss)
    .bss                                     0x200089b8   Section      750  lcd_dwin.o(.bss)
    .bss                                     0x20008ca8   Section       96  libspace.o(.bss)
    HEAP                                     0x20008d08   Section      512  startup_stm32f407xx.o(HEAP)
    Heap_Mem                                 0x20008d08   Data         512  startup_stm32f407xx.o(HEAP)
    STACK                                    0x20008f08   Section     1024  startup_stm32f407xx.o(STACK)
    Stack_Mem                                0x20008f08   Data        1024  startup_stm32f407xx.o(STACK)
    __initial_sp                             0x20009308   Data           0  startup_stm32f407xx.o(STACK)

    Global Symbols

    Symbol Name                              Value     Ov Type        Size  Object(Section)

    BuildAttributes$$THM_ISAv4$E$P$D$K$B$S$7EM$VFPi3$EXTD16$VFPS$VFMA$PE$A:L22UL41UL21$X:L11$S22US41US21$IEEE1$IW$USESV6$~STKCKD$USESV7$~SHL$OTIME$ROPI$IEEEJ$EBA8$UX$STANDARDLIB$REQ8$PRES8$EABIv2 0x00000000   Number         0  anon$$obj.o ABSOLUTE
    __ARM_use_no_argv                        0x00000000   Number         0  main.o ABSOLUTE
    __ARM_exceptions_init                     - Undefined Weak Reference
    __alloca_initialize                       - Undefined Weak Reference
    __arm_preinit_                            - Undefined Weak Reference
    __cpp_initialize__aeabi_                  - Undefined Weak Reference
    __cxa_finalize                            - Undefined Weak Reference
    __rt_locale                               - Undefined Weak Reference
    __sigvec_lookup                           - Undefined Weak Reference
    _atexit_init                              - Undefined Weak Reference
    _call_atexit_fns                          - Undefined Weak Reference
    _clock_init                               - Undefined Weak Reference
    _fp_trap_init                             - Undefined Weak Reference
    _fp_trap_shutdown                         - Undefined Weak Reference
    _get_lc_collate                           - Undefined Weak Reference
    _get_lc_ctype                             - Undefined Weak Reference
    _get_lc_monetary                          - Undefined Weak Reference
    _get_lc_numeric                           - Undefined Weak Reference
    _get_lc_time                              - Undefined Weak Reference
    _getenv_init                              - Undefined Weak Reference
    _handle_redirection                       - Undefined Weak Reference
    _init_alloc                               - Undefined Weak Reference
    _init_user_alloc                          - Undefined Weak Reference
    _initio                                   - Undefined Weak Reference
    _rand_init                                - Undefined Weak Reference
    _signal_finish                            - Undefined Weak Reference
    _signal_init                              - Undefined Weak Reference
    _terminate_alloc                          - Undefined Weak Reference
    _terminate_user_alloc                     - Undefined Weak Reference
    _terminateio                              - Undefined Weak Reference
    __Vectors_Size                           0x00000188   Number         0  startup_stm32f407xx.o ABSOLUTE
    __Vectors                                0x08000000   Data           4  startup_stm32f407xx.o(RESET)
    __Vectors_End                            0x08000188   Data           0  startup_stm32f407xx.o(RESET)
    __main                                   0x08000189   Thumb Code     8  __main.o(!!!main)
    __scatterload                            0x08000191   Thumb Code     0  __scatter.o(!!!scatter)
    __scatterload_rt2                        0x08000191   Thumb Code    44  __scatter.o(!!!scatter)
    __scatterload_rt2_thumb_only             0x08000191   Thumb Code     0  __scatter.o(!!!scatter)
    __scatterload_null                       0x0800019f   Thumb Code     0  __scatter.o(!!!scatter)
    __scatterload_copy                       0x080001c5   Thumb Code    26  __scatter_copy.o(!!handler_copy)
    __scatterload_zeroinit                   0x080001e1   Thumb Code    28  __scatter_zi.o(!!handler_zi)
    __rt_lib_init                            0x080001fd   Thumb Code     0  libinit.o(.ARM.Collect$$libinit$$00000000)
    __rt_lib_init_fp_1                       0x080001ff   Thumb Code     0  libinit2.o(.ARM.Collect$$libinit$$00000001)
    __rt_lib_init_alloca_1                   0x08000203   Thumb Code     0  libinit2.o(.ARM.Collect$$libinit$$0000002E)
    __rt_lib_init_argv_1                     0x08000203   Thumb Code     0  libinit2.o(.ARM.Collect$$libinit$$0000002C)
    __rt_lib_init_atexit_1                   0x08000203   Thumb Code     0  libinit2.o(.ARM.Collect$$libinit$$0000001B)
    __rt_lib_init_clock_1                    0x08000203   Thumb Code     0  libinit2.o(.ARM.Collect$$libinit$$00000021)
    __rt_lib_init_cpp_1                      0x08000203   Thumb Code     0  libinit2.o(.ARM.Collect$$libinit$$00000032)
    __rt_lib_init_exceptions_1               0x08000203   Thumb Code     0  libinit2.o(.ARM.Collect$$libinit$$00000030)
    __rt_lib_init_fp_trap_1                  0x08000203   Thumb Code     0  libinit2.o(.ARM.Collect$$libinit$$0000001F)
    __rt_lib_init_getenv_1                   0x08000203   Thumb Code     0  libinit2.o(.ARM.Collect$$libinit$$00000023)
    __rt_lib_init_heap_1                     0x08000203   Thumb Code     0  libinit2.o(.ARM.Collect$$libinit$$0000000A)
    __rt_lib_init_lc_collate_1               0x08000203   Thumb Code     0  libinit2.o(.ARM.Collect$$libinit$$00000011)
    __rt_lib_init_lc_ctype_1                 0x08000203   Thumb Code     0  libinit2.o(.ARM.Collect$$libinit$$00000013)
    __rt_lib_init_lc_monetary_1              0x08000203   Thumb Code     0  libinit2.o(.ARM.Collect$$libinit$$00000015)
    __rt_lib_init_lc_numeric_1               0x08000203   Thumb Code     0  libinit2.o(.ARM.Collect$$libinit$$00000017)
    __rt_lib_init_lc_time_1                  0x08000203   Thumb Code     0  libinit2.o(.ARM.Collect$$libinit$$00000019)
    __rt_lib_init_preinit_1                  0x08000203   Thumb Code     0  libinit2.o(.ARM.Collect$$libinit$$00000004)
    __rt_lib_init_rand_1                     0x08000203   Thumb Code     0  libinit2.o(.ARM.Collect$$libinit$$0000000E)
    __rt_lib_init_return                     0x08000203   Thumb Code     0  libinit2.o(.ARM.Collect$$libinit$$00000033)
    __rt_lib_init_signal_1                   0x08000203   Thumb Code     0  libinit2.o(.ARM.Collect$$libinit$$0000001D)
    __rt_lib_init_stdio_1                    0x08000203   Thumb Code     0  libinit2.o(.ARM.Collect$$libinit$$00000025)
    __rt_lib_init_user_alloc_1               0x08000203   Thumb Code     0  libinit2.o(.ARM.Collect$$libinit$$0000000C)
    __rt_lib_shutdown                        0x08000205   Thumb Code     0  libshutdown.o(.ARM.Collect$$libshutdown$$00000000)
    __rt_lib_shutdown_cpp_1                  0x08000207   Thumb Code     0  libshutdown2.o(.ARM.Collect$$libshutdown$$00000002)
    __rt_lib_shutdown_fp_trap_1              0x08000207   Thumb Code     0  libshutdown2.o(.ARM.Collect$$libshutdown$$00000007)
    __rt_lib_shutdown_heap_1                 0x08000207   Thumb Code     0  libshutdown2.o(.ARM.Collect$$libshutdown$$0000000F)
    __rt_lib_shutdown_return                 0x08000207   Thumb Code     0  libshutdown2.o(.ARM.Collect$$libshutdown$$00000010)
    __rt_lib_shutdown_signal_1               0x08000207   Thumb Code     0  libshutdown2.o(.ARM.Collect$$libshutdown$$0000000A)
    __rt_lib_shutdown_stdio_1                0x08000207   Thumb Code     0  libshutdown2.o(.ARM.Collect$$libshutdown$$00000004)
    __rt_lib_shutdown_user_alloc_1           0x08000207   Thumb Code     0  libshutdown2.o(.ARM.Collect$$libshutdown$$0000000C)
    __rt_entry                               0x08000209   Thumb Code     0  __rtentry.o(.ARM.Collect$$rtentry$$00000000)
    __rt_entry_presh_1                       0x08000209   Thumb Code     0  __rtentry2.o(.ARM.Collect$$rtentry$$00000002)
    __rt_entry_sh                            0x08000209   Thumb Code     0  __rtentry4.o(.ARM.Collect$$rtentry$$00000004)
    __rt_entry_li                            0x0800020f   Thumb Code     0  __rtentry2.o(.ARM.Collect$$rtentry$$0000000A)
    __rt_entry_postsh_1                      0x0800020f   Thumb Code     0  __rtentry2.o(.ARM.Collect$$rtentry$$00000009)
    __rt_entry_main                          0x08000213   Thumb Code     0  __rtentry2.o(.ARM.Collect$$rtentry$$0000000D)
    __rt_entry_postli_1                      0x08000213   Thumb Code     0  __rtentry2.o(.ARM.Collect$$rtentry$$0000000C)
    __rt_exit                                0x0800021b   Thumb Code     0  rtexit.o(.ARM.Collect$$rtexit$$00000000)
    __rt_exit_ls                             0x0800021d   Thumb Code     0  rtexit2.o(.ARM.Collect$$rtexit$$00000003)
    __rt_exit_prels_1                        0x0800021d   Thumb Code     0  rtexit2.o(.ARM.Collect$$rtexit$$00000002)
    __rt_exit_exit                           0x08000221   Thumb Code     0  rtexit2.o(.ARM.Collect$$rtexit$$00000004)
    Reset_Handler                            0x08000229   Thumb Code     8  startup_stm32f407xx.o(.text)
    NMI_Handler                              0x08000231   Thumb Code     2  startup_stm32f407xx.o(.text)
    HardFault_Handler                        0x08000233   Thumb Code     2  startup_stm32f407xx.o(.text)
    MemManage_Handler                        0x08000235   Thumb Code     2  startup_stm32f407xx.o(.text)
    BusFault_Handler                         0x08000237   Thumb Code     2  startup_stm32f407xx.o(.text)
    UsageFault_Handler                       0x08000239   Thumb Code     2  startup_stm32f407xx.o(.text)
    SVC_Handler                              0x0800023b   Thumb Code     2  startup_stm32f407xx.o(.text)
    DebugMon_Handler                         0x0800023d   Thumb Code     2  startup_stm32f407xx.o(.text)
    PendSV_Handler                           0x0800023f   Thumb Code     2  startup_stm32f407xx.o(.text)
    ADC_IRQHandler                           0x08000243   Thumb Code     0  startup_stm32f407xx.o(.text)
    CAN1_RX0_IRQHandler                      0x08000243   Thumb Code     0  startup_stm32f407xx.o(.text)
    CAN1_RX1_IRQHandler                      0x08000243   Thumb Code     0  startup_stm32f407xx.o(.text)
    CAN1_SCE_IRQHandler                      0x08000243   Thumb Code     0  startup_stm32f407xx.o(.text)
    CAN1_TX_IRQHandler                       0x08000243   Thumb Code     0  startup_stm32f407xx.o(.text)
    CAN2_RX0_IRQHandler                      0x08000243   Thumb Code     0  startup_stm32f407xx.o(.text)
    CAN2_RX1_IRQHandler                      0x08000243   Thumb Code     0  startup_stm32f407xx.o(.text)
    CAN2_SCE_IRQHandler                      0x08000243   Thumb Code     0  startup_stm32f407xx.o(.text)
    CAN2_TX_IRQHandler                       0x08000243   Thumb Code     0  startup_stm32f407xx.o(.text)
    DCMI_IRQHandler                          0x08000243   Thumb Code     0  startup_stm32f407xx.o(.text)
    DMA1_Stream0_IRQHandler                  0x08000243   Thumb Code     0  startup_stm32f407xx.o(.text)
    DMA1_Stream1_IRQHandler                  0x08000243   Thumb Code     0  startup_stm32f407xx.o(.text)
    DMA1_Stream2_IRQHandler                  0x08000243   Thumb Code     0  startup_stm32f407xx.o(.text)
    DMA1_Stream3_IRQHandler                  0x08000243   Thumb Code     0  startup_stm32f407xx.o(.text)
    DMA1_Stream4_IRQHandler                  0x08000243   Thumb Code     0  startup_stm32f407xx.o(.text)
    DMA1_Stream5_IRQHandler                  0x08000243   Thumb Code     0  startup_stm32f407xx.o(.text)
    DMA1_Stream6_IRQHandler                  0x08000243   Thumb Code     0  startup_stm32f407xx.o(.text)
    DMA1_Stream7_IRQHandler                  0x08000243   Thumb Code     0  startup_stm32f407xx.o(.text)
    DMA2_Stream0_IRQHandler                  0x08000243   Thumb Code     0  startup_stm32f407xx.o(.text)
    DMA2_Stream1_IRQHandler                  0x08000243   Thumb Code     0  startup_stm32f407xx.o(.text)
    DMA2_Stream2_IRQHandler                  0x08000243   Thumb Code     0  startup_stm32f407xx.o(.text)
    DMA2_Stream3_IRQHandler                  0x08000243   Thumb Code     0  startup_stm32f407xx.o(.text)
    DMA2_Stream4_IRQHandler                  0x08000243   Thumb Code     0  startup_stm32f407xx.o(.text)
    DMA2_Stream5_IRQHandler                  0x08000243   Thumb Code     0  startup_stm32f407xx.o(.text)
    DMA2_Stream6_IRQHandler                  0x08000243   Thumb Code     0  startup_stm32f407xx.o(.text)
    DMA2_Stream7_IRQHandler                  0x08000243   Thumb Code     0  startup_stm32f407xx.o(.text)
    ETH_IRQHandler                           0x08000243   Thumb Code     0  startup_stm32f407xx.o(.text)
    ETH_WKUP_IRQHandler                      0x08000243   Thumb Code     0  startup_stm32f407xx.o(.text)
    EXTI0_IRQHandler                         0x08000243   Thumb Code     0  startup_stm32f407xx.o(.text)
    EXTI15_10_IRQHandler                     0x08000243   Thumb Code     0  startup_stm32f407xx.o(.text)
    EXTI1_IRQHandler                         0x08000243   Thumb Code     0  startup_stm32f407xx.o(.text)
    EXTI2_IRQHandler                         0x08000243   Thumb Code     0  startup_stm32f407xx.o(.text)
    EXTI3_IRQHandler                         0x08000243   Thumb Code     0  startup_stm32f407xx.o(.text)
    EXTI4_IRQHandler                         0x08000243   Thumb Code     0  startup_stm32f407xx.o(.text)
    EXTI9_5_IRQHandler                       0x08000243   Thumb Code     0  startup_stm32f407xx.o(.text)
    FLASH_IRQHandler                         0x08000243   Thumb Code     0  startup_stm32f407xx.o(.text)
    FMC_IRQHandler                           0x08000243   Thumb Code     0  startup_stm32f407xx.o(.text)
    FPU_IRQHandler                           0x08000243   Thumb Code     0  startup_stm32f407xx.o(.text)
    HASH_RNG_IRQHandler                      0x08000243   Thumb Code     0  startup_stm32f407xx.o(.text)
    I2C1_ER_IRQHandler                       0x08000243   Thumb Code     0  startup_stm32f407xx.o(.text)
    I2C1_EV_IRQHandler                       0x08000243   Thumb Code     0  startup_stm32f407xx.o(.text)
    I2C2_ER_IRQHandler                       0x08000243   Thumb Code     0  startup_stm32f407xx.o(.text)
    I2C2_EV_IRQHandler                       0x08000243   Thumb Code     0  startup_stm32f407xx.o(.text)
    I2C3_ER_IRQHandler                       0x08000243   Thumb Code     0  startup_stm32f407xx.o(.text)
    I2C3_EV_IRQHandler                       0x08000243   Thumb Code     0  startup_stm32f407xx.o(.text)
    OTG_FS_IRQHandler                        0x08000243   Thumb Code     0  startup_stm32f407xx.o(.text)
    OTG_FS_WKUP_IRQHandler                   0x08000243   Thumb Code     0  startup_stm32f407xx.o(.text)
    OTG_HS_EP1_IN_IRQHandler                 0x08000243   Thumb Code     0  startup_stm32f407xx.o(.text)
    OTG_HS_EP1_OUT_IRQHandler                0x08000243   Thumb Code     0  startup_stm32f407xx.o(.text)
    OTG_HS_IRQHandler                        0x08000243   Thumb Code     0  startup_stm32f407xx.o(.text)
    OTG_HS_WKUP_IRQHandler                   0x08000243   Thumb Code     0  startup_stm32f407xx.o(.text)
    PVD_IRQHandler                           0x08000243   Thumb Code     0  startup_stm32f407xx.o(.text)
    RCC_IRQHandler                           0x08000243   Thumb Code     0  startup_stm32f407xx.o(.text)
    RTC_Alarm_IRQHandler                     0x08000243   Thumb Code     0  startup_stm32f407xx.o(.text)
    RTC_WKUP_IRQHandler                      0x08000243   Thumb Code     0  startup_stm32f407xx.o(.text)
    SDIO_IRQHandler                          0x08000243   Thumb Code     0  startup_stm32f407xx.o(.text)
    SPI1_IRQHandler                          0x08000243   Thumb Code     0  startup_stm32f407xx.o(.text)
    SPI2_IRQHandler                          0x08000243   Thumb Code     0  startup_stm32f407xx.o(.text)
    SPI3_IRQHandler                          0x08000243   Thumb Code     0  startup_stm32f407xx.o(.text)
    TAMP_STAMP_IRQHandler                    0x08000243   Thumb Code     0  startup_stm32f407xx.o(.text)
    TIM1_BRK_TIM9_IRQHandler                 0x08000243   Thumb Code     0  startup_stm32f407xx.o(.text)
    TIM1_CC_IRQHandler                       0x08000243   Thumb Code     0  startup_stm32f407xx.o(.text)
    TIM1_TRG_COM_TIM11_IRQHandler            0x08000243   Thumb Code     0  startup_stm32f407xx.o(.text)
    TIM1_UP_TIM10_IRQHandler                 0x08000243   Thumb Code     0  startup_stm32f407xx.o(.text)
    TIM5_IRQHandler                          0x08000243   Thumb Code     0  startup_stm32f407xx.o(.text)
    TIM8_BRK_TIM12_IRQHandler                0x08000243   Thumb Code     0  startup_stm32f407xx.o(.text)
    TIM8_CC_IRQHandler                       0x08000243   Thumb Code     0  startup_stm32f407xx.o(.text)
    TIM8_TRG_COM_TIM14_IRQHandler            0x08000243   Thumb Code     0  startup_stm32f407xx.o(.text)
    TIM8_UP_TIM13_IRQHandler                 0x08000243   Thumb Code     0  startup_stm32f407xx.o(.text)
    USART3_IRQHandler                        0x08000243   Thumb Code     0  startup_stm32f407xx.o(.text)
    WWDG_IRQHandler                          0x08000243   Thumb Code     0  startup_stm32f407xx.o(.text)
    __user_initial_stackheap                 0x08000245   Thumb Code     0  startup_stm32f407xx.o(.text)
    __use_two_region_memory                  0x08000269   Thumb Code     2  heapauxi.o(.text)
    __rt_heap_escrow$2region                 0x0800026b   Thumb Code     2  heapauxi.o(.text)
    __rt_heap_expand$2region                 0x0800026d   Thumb Code     2  heapauxi.o(.text)
    __user_setup_stackheap                   0x0800026f   Thumb Code    74  sys_stackheap_outer.o(.text)
    exit                                     0x080002b9   Thumb Code    18  exit.o(.text)
    __user_libspace                          0x080002cd   Thumb Code     8  libspace.o(.text)
    __user_perproc_libspace                  0x080002cd   Thumb Code     0  libspace.o(.text)
    __user_perthread_libspace                0x080002cd   Thumb Code     0  libspace.o(.text)
    _sys_exit                                0x080002d5   Thumb Code     8  sys_exit.o(.text)
    __I$use$semihosting                      0x080002e1   Thumb Code     0  use_no_semi.o(.text)
    __use_no_semihosting_swi                 0x080002e1   Thumb Code     2  use_no_semi.o(.text)
    __semihosting_library_function           0x080002e3   Thumb Code     0  indicate_semi.o(.text)
    COM_Conf                                 0x08000ec5   Thumb Code  1060  comunication.o(i.COM_Conf)
    COM_PrepareFrameToDrive                  0x08001831   Thumb Code   298  comunication.o(i.COM_PrepareFrameToDrive)
    COM_PrepareFrameToManip                  0x08001961   Thumb Code   820  comunication.o(i.COM_PrepareFrameToManip)
    Case_Conf                                0x080052e1   Thumb Code    24  case.o(i.Case_Conf)
    ClearStr                                 0x08005655   Thumb Code    18  comunication.o(i.ClearStr)
    Control_Conf                             0x08005c1d   Thumb Code    88  control.o(i.Control_Conf)
    LCD_Dwin_Conf                            0x08006abd   Thumb Code    84  lcd_dwin.o(i.LCD_Dwin_Conf)
    LCD_Dwin_SendToLcd                       0x08006b19   Thumb Code  1154  lcd_dwin.o(i.LCD_Dwin_SendToLcd)
    SysTick_Handler                          0x080070ad   Thumb Code    38  control.o(i.SysTick_Handler)
    SystemInit                               0x080070dd   Thumb Code    82  system_stm32f4xx.o(i.SystemInit)
    TIM2_IRQHandler                          0x08007141   Thumb Code    40  comunication.o(i.TIM2_IRQHandler)
    TIM3_IRQHandler                          0x08007169   Thumb Code    24  case.o(i.TIM3_IRQHandler)
    TIM4_IRQHandler                          0x08007185   Thumb Code    30  case.o(i.TIM4_IRQHandler)
    TIM6_DAC_IRQHandler                      0x080071a9   Thumb Code    30  comunication.o(i.TIM6_DAC_IRQHandler)
    TIM7_IRQHandler                          0x080071cd   Thumb Code    30  case.o(i.TIM7_IRQHandler)
    UART4_IRQHandler                         0x080071f1   Thumb Code    32  comunication.o(i.UART4_IRQHandler)
    UART5_IRQHandler                         0x08007215   Thumb Code    30  comunication.o(i.UART5_IRQHandler)
    USART1_IRQHandler                        0x08007239   Thumb Code    26  comunication.o(i.USART1_IRQHandler)
    USART2_IRQHandler                        0x08007259   Thumb Code    28  comunication.o(i.USART2_IRQHandler)
    USART6_IRQHandler                        0x08007279   Thumb Code    28  comunication.o(i.USART6_IRQHandler)
    __hardfp_fabs                            0x080072cd   Thumb Code    20  fabs.o(i.__hardfp_fabs)
    buzzer_off                               0x080072e1   Thumb Code    34  case.o(i.buzzer_off)
    buzzer_on                                0x0800730d   Thumb Code    26  case.o(i.buzzer_on)
    crc16                                    0x08007331   Thumb Code    64  comunication.o(i.crc16)
    delay_ms                                 0x08007371   Thumb Code    22  control.o(i.delay_ms)
    main                                     0x08007849   Thumb Code    26  main.o(i.main)
    __aeabi_dneg                             0x08007863   Thumb Code     0  basic.o(x$fpl$basic)
    _dneg                                    0x08007863   Thumb Code     6  basic.o(x$fpl$basic)
    __aeabi_fneg                             0x08007869   Thumb Code     0  basic.o(x$fpl$basic)
    _fneg                                    0x08007869   Thumb Code     6  basic.o(x$fpl$basic)
    _dabs                                    0x0800786f   Thumb Code     6  basic.o(x$fpl$basic)
    _fabs                                    0x08007875   Thumb Code     6  basic.o(x$fpl$basic)
    __aeabi_dadd                             0x0800787d   Thumb Code     0  daddsub_clz.o(x$fpl$dadd)
    _dadd                                    0x0800787d   Thumb Code   332  daddsub_clz.o(x$fpl$dadd)
    __fpl_dcmp_Inf                           0x080079cd   Thumb Code    24  dcmpi.o(x$fpl$dcmpinf)
    __aeabi_ddiv                             0x080079e5   Thumb Code     0  ddiv.o(x$fpl$ddiv)
    _ddiv                                    0x080079e5   Thumb Code   552  ddiv.o(x$fpl$ddiv)
    __aeabi_cdcmpeq                          0x08007c95   Thumb Code     0  deqf.o(x$fpl$deqf)
    _dcmpeq                                  0x08007c95   Thumb Code   120  deqf.o(x$fpl$deqf)
    __aeabi_d2iz                             0x08007d0d   Thumb Code     0  dfix.o(x$fpl$dfix)
    _dfix                                    0x08007d0d   Thumb Code    94  dfix.o(x$fpl$dfix)
    __aeabi_d2uiz                            0x08007d6d   Thumb Code     0  dfixu.o(x$fpl$dfixu)
    _dfixu                                   0x08007d6d   Thumb Code    90  dfixu.o(x$fpl$dfixu)
    __aeabi_i2d                              0x08007dc7   Thumb Code     0  dflt_clz.o(x$fpl$dflt)
    _dflt                                    0x08007dc7   Thumb Code    46  dflt_clz.o(x$fpl$dflt)
    __aeabi_l2d                              0x08007df5   Thumb Code     0  dfltll_clz.o(x$fpl$dfltll)
    _ll_sto_d                                0x08007df5   Thumb Code   162  dfltll_clz.o(x$fpl$dfltll)
    __aeabi_ui2d                             0x08007e97   Thumb Code     0  dflt_clz.o(x$fpl$dfltu)
    _dfltu                                   0x08007e97   Thumb Code    38  dflt_clz.o(x$fpl$dfltu)
    __aeabi_ul2d                             0x08007ebd   Thumb Code     0  dfltll_clz.o(x$fpl$dfltull)
    _ll_uto_d                                0x08007ebd   Thumb Code   138  dfltll_clz.o(x$fpl$dfltull)
    __aeabi_cdcmple                          0x08007f49   Thumb Code     0  dleqf.o(x$fpl$dleqf)
    _dcmple                                  0x08007f49   Thumb Code   120  dleqf.o(x$fpl$dleqf)
    __fpl_dcmple_InfNaN                      0x08007fab   Thumb Code     0  dleqf.o(x$fpl$dleqf)
    __aeabi_dmul                             0x08007fc1   Thumb Code     0  dmul.o(x$fpl$dmul)
    _dmul                                    0x08007fc1   Thumb Code   332  dmul.o(x$fpl$dmul)
    __fpl_dnaninf                            0x08008115   Thumb Code   156  dnaninf.o(x$fpl$dnaninf)
    __fpl_dretinf                            0x080081b1   Thumb Code    12  dretinf.o(x$fpl$dretinf)
    __aeabi_cdrcmple                         0x080081bd   Thumb Code     0  drleqf.o(x$fpl$drleqf)
    _drcmple                                 0x080081bd   Thumb Code   108  drleqf.o(x$fpl$drleqf)
    __aeabi_dsub                             0x08008229   Thumb Code     0  daddsub_clz.o(x$fpl$dsub)
    _dsub                                    0x08008229   Thumb Code   464  daddsub_clz.o(x$fpl$dsub)
    _fp_init                                 0x080083fd   Thumb Code    10  fpinit.o(x$fpl$fpinit)
    __fplib_config_fpu_vfp                   0x08008405   Thumb Code     0  fpinit.o(x$fpl$fpinit)
    __fplib_config_pureend_doubles           0x08008405   Thumb Code     0  fpinit.o(x$fpl$fpinit)
    __I$use$fp                               0x08008406   Number         0  usenofp.o(x$fpl$usenofp)
    Region$$Table$$Base                      0x08008408   Number         0  anon$$obj.o(Region$$Table)
    Region$$Table$$Limit                     0x08008428   Number         0  anon$$obj.o(Region$$Table)
    pC                                       0x20000000   Data           4  main.o(.data)
    tick                                     0x20000004   Data           1  lcd_dwin.o(.data)
    Control                                  0x20000008   Data       35248  main.o(.bss)
    bufread                                  0x200089b8   Data         250  lcd_dwin.o(.bss)
    bufwrite                                 0x20008ab2   Data         250  lcd_dwin.o(.bss)
    bufchar                                  0x20008bac   Data         250  lcd_dwin.o(.bss)
    __libspace_start                         0x20008ca8   Data          96  libspace.o(.bss)
    __temporary_stack_top$libspace           0x20008d08   Data           0  libspace.o(.bss)



==============================================================================

Memory Map of the image

  Image Entry point : 0x08000229

  Load Region LR_1 (Base: 0x08000000, Size: 0x00008430, Max: 0xffffffff, ABSOLUTE)

    Execution Region ER_RO (Exec base: 0x08000000, Load base: 0x08000000, Size: 0x00008428, Max: 0xffffffff, ABSOLUTE)

    Exec Addr    Load Addr    Size         Type   Attr      Idx    E Section Name        Object

    0x08000000   0x08000000   0x00000188   Data   RO          477    RESET               startup_stm32f407xx.o
    0x08000188   0x08000188   0x00000008   Code   RO          523  * !!!main             c_w.l(__main.o)
    0x08000190   0x08000190   0x00000034   Code   RO          731    !!!scatter          c_w.l(__scatter.o)
    0x080001c4   0x080001c4   0x0000001a   Code   RO          733    !!handler_copy      c_w.l(__scatter_copy.o)
    0x080001de   0x080001de   0x00000002   PAD
    0x080001e0   0x080001e0   0x0000001c   Code   RO          735    !!handler_zi        c_w.l(__scatter_zi.o)
    0x080001fc   0x080001fc   0x00000002   Code   RO          601    .ARM.Collect$$libinit$$00000000  c_w.l(libinit.o)
    0x080001fe   0x080001fe   0x00000004   Code   RO          607    .ARM.Collect$$libinit$$00000001  c_w.l(libinit2.o)
    0x08000202   0x08000202   0x00000000   Code   RO          610    .ARM.Collect$$libinit$$00000004  c_w.l(libinit2.o)
    0x08000202   0x08000202   0x00000000   Code   RO          613    .ARM.Collect$$libinit$$0000000A  c_w.l(libinit2.o)
    0x08000202   0x08000202   0x00000000   Code   RO          615    .ARM.Collect$$libinit$$0000000C  c_w.l(libinit2.o)
    0x08000202   0x08000202   0x00000000   Code   RO          617    .ARM.Collect$$libinit$$0000000E  c_w.l(libinit2.o)
    0x08000202   0x08000202   0x00000000   Code   RO          620    .ARM.Collect$$libinit$$00000011  c_w.l(libinit2.o)
    0x08000202   0x08000202   0x00000000   Code   RO          622    .ARM.Collect$$libinit$$00000013  c_w.l(libinit2.o)
    0x08000202   0x08000202   0x00000000   Code   RO          624    .ARM.Collect$$libinit$$00000015  c_w.l(libinit2.o)
    0x08000202   0x08000202   0x00000000   Code   RO          626    .ARM.Collect$$libinit$$00000017  c_w.l(libinit2.o)
    0x08000202   0x08000202   0x00000000   Code   RO          628    .ARM.Collect$$libinit$$00000019  c_w.l(libinit2.o)
    0x08000202   0x08000202   0x00000000   Code   RO          630    .ARM.Collect$$libinit$$0000001B  c_w.l(libinit2.o)
    0x08000202   0x08000202   0x00000000   Code   RO          632    .ARM.Collect$$libinit$$0000001D  c_w.l(libinit2.o)
    0x08000202   0x08000202   0x00000000   Code   RO          634    .ARM.Collect$$libinit$$0000001F  c_w.l(libinit2.o)
    0x08000202   0x08000202   0x00000000   Code   RO          636    .ARM.Collect$$libinit$$00000021  c_w.l(libinit2.o)
    0x08000202   0x08000202   0x00000000   Code   RO          638    .ARM.Collect$$libinit$$00000023  c_w.l(libinit2.o)
    0x08000202   0x08000202   0x00000000   Code   RO          640    .ARM.Collect$$libinit$$00000025  c_w.l(libinit2.o)
    0x08000202   0x08000202   0x00000000   Code   RO          644    .ARM.Collect$$libinit$$0000002C  c_w.l(libinit2.o)
    0x08000202   0x08000202   0x00000000   Code   RO          646    .ARM.Collect$$libinit$$0000002E  c_w.l(libinit2.o)
    0x08000202   0x08000202   0x00000000   Code   RO          648    .ARM.Collect$$libinit$$00000030  c_w.l(libinit2.o)
    0x08000202   0x08000202   0x00000000   Code   RO          650    .ARM.Collect$$libinit$$00000032  c_w.l(libinit2.o)
    0x08000202   0x08000202   0x00000002   Code   RO          651    .ARM.Collect$$libinit$$00000033  c_w.l(libinit2.o)
    0x08000204   0x08000204   0x00000002   Code   RO          671    .ARM.Collect$$libshutdown$$00000000  c_w.l(libshutdown.o)
    0x08000206   0x08000206   0x00000000   Code   RO          684    .ARM.Collect$$libshutdown$$00000002  c_w.l(libshutdown2.o)
    0x08000206   0x08000206   0x00000000   Code   RO          686    .ARM.Collect$$libshutdown$$00000004  c_w.l(libshutdown2.o)
    0x08000206   0x08000206   0x00000000   Code   RO          689    .ARM.Collect$$libshutdown$$00000007  c_w.l(libshutdown2.o)
    0x08000206   0x08000206   0x00000000   Code   RO          692    .ARM.Collect$$libshutdown$$0000000A  c_w.l(libshutdown2.o)
    0x08000206   0x08000206   0x00000000   Code   RO          694    .ARM.Collect$$libshutdown$$0000000C  c_w.l(libshutdown2.o)
    0x08000206   0x08000206   0x00000000   Code   RO          697    .ARM.Collect$$libshutdown$$0000000F  c_w.l(libshutdown2.o)
    0x08000206   0x08000206   0x00000002   Code   RO          698    .ARM.Collect$$libshutdown$$00000010  c_w.l(libshutdown2.o)
    0x08000208   0x08000208   0x00000000   Code   RO          569    .ARM.Collect$$rtentry$$00000000  c_w.l(__rtentry.o)
    0x08000208   0x08000208   0x00000000   Code   RO          578    .ARM.Collect$$rtentry$$00000002  c_w.l(__rtentry2.o)
    0x08000208   0x08000208   0x00000006   Code   RO          590    .ARM.Collect$$rtentry$$00000004  c_w.l(__rtentry4.o)
    0x0800020e   0x0800020e   0x00000000   Code   RO          580    .ARM.Collect$$rtentry$$00000009  c_w.l(__rtentry2.o)
    0x0800020e   0x0800020e   0x00000004   Code   RO          581    .ARM.Collect$$rtentry$$0000000A  c_w.l(__rtentry2.o)
    0x08000212   0x08000212   0x00000000   Code   RO          583    .ARM.Collect$$rtentry$$0000000C  c_w.l(__rtentry2.o)
    0x08000212   0x08000212   0x00000008   Code   RO          584    .ARM.Collect$$rtentry$$0000000D  c_w.l(__rtentry2.o)
    0x0800021a   0x0800021a   0x00000002   Code   RO          605    .ARM.Collect$$rtexit$$00000000  c_w.l(rtexit.o)
    0x0800021c   0x0800021c   0x00000000   Code   RO          653    .ARM.Collect$$rtexit$$00000002  c_w.l(rtexit2.o)
    0x0800021c   0x0800021c   0x00000004   Code   RO          654    .ARM.Collect$$rtexit$$00000003  c_w.l(rtexit2.o)
    0x08000220   0x08000220   0x00000006   Code   RO          655    .ARM.Collect$$rtexit$$00000004  c_w.l(rtexit2.o)
    0x08000226   0x08000226   0x00000002   PAD
    0x08000228   0x08000228   0x00000040   Code   RO          478  * .text               startup_stm32f407xx.o
    0x08000268   0x08000268   0x00000006   Code   RO          521    .text               c_w.l(heapauxi.o)
    0x0800026e   0x0800026e   0x0000004a   Code   RO          592    .text               c_w.l(sys_stackheap_outer.o)
    0x080002b8   0x080002b8   0x00000012   Code   RO          594    .text               c_w.l(exit.o)
    0x080002ca   0x080002ca   0x00000002   PAD
    0x080002cc   0x080002cc   0x00000008   Code   RO          602    .text               c_w.l(libspace.o)
    0x080002d4   0x080002d4   0x0000000c   Code   RO          663    .text               c_w.l(sys_exit.o)
    0x080002e0   0x080002e0   0x00000002   Code   RO          674    .text               c_w.l(use_no_semi.o)
    0x080002e2   0x080002e2   0x00000000   Code   RO          676    .text               c_w.l(indicate_semi.o)
    0x080002e2   0x080002e2   0x00000002   PAD
    0x080002e4   0x080002e4   0x00000be0   Code   RO          309    i.Button_Set        case.o
    0x08000ec4   0x08000ec4   0x00000424   Code   RO          147    i.COM_Conf          comunication.o
    0x080012e8   0x080012e8   0x00000474   Code   RO          148    i.COM_LEDRefresh    comunication.o
    0x0800175c   0x0800175c   0x000000d4   Code   RO          149    i.COM_PreapareFrameStationPos  comunication.o
    0x08001830   0x08001830   0x00000130   Code   RO          150    i.COM_PrepareFrameToDrive  comunication.o
    0x08001960   0x08001960   0x00000338   Code   RO          152    i.COM_PrepareFrameToManip  comunication.o
    0x08001c98   0x08001c98   0x0000016c   Code   RO          153    i.COM_ReadFromEth   comunication.o
    0x08001e04   0x08001e04   0x0000015c   Code   RO          154    i.COM_ReadFromSatel  comunication.o
    0x08001f60   0x08001f60   0x00000058   Code   RO          155    i.COM_ReadFromUSART1  comunication.o
    0x08001fb8   0x08001fb8   0x00000054   Code   RO          156    i.COM_ReadFromUSART2  comunication.o
    0x0800200c   0x0800200c   0x00000058   Code   RO          157    i.COM_ReadFromUSART6  comunication.o
    0x08002064   0x08002064   0x00000940   Code   RO          158    i.COM_ReadTelemetryFrame  comunication.o
    0x080029a4   0x080029a4   0x00000148   Code   RO          159    i.COM_SendToHost    comunication.o
    0x08002aec   0x08002aec   0x0000254c   Code   RO          311    i.Case_ADC_value    case.o
    0x08005038   0x08005038   0x000000d8   Code   RO          312    i.Case_AdcConf_1    case.o
    0x08005110   0x08005110   0x000000f0   Code   RO          313    i.Case_AdcConf_2    case.o
    0x08005200   0x08005200   0x000000e0   Code   RO          314    i.Case_AdcConf_3    case.o
    0x080052e0   0x080052e0   0x00000018   Code   RO          315    i.Case_Conf         case.o
    0x080052f8   0x080052f8   0x000002b8   Code   RO          316    i.Case_GpioConf     case.o
    0x080055b0   0x080055b0   0x000000a4   Code   RO          317    i.Case_TimConf      case.o
    0x08005654   0x08005654   0x00000012   Code   RO          160    i.ClearStr          comunication.o
    0x08005666   0x08005666   0x00000002   PAD
    0x08005668   0x08005668   0x00000244   Code   RO          318    i.CmdDrive_Set      case.o
    0x080058ac   0x080058ac   0x000000c0   Code   RO          319    i.CmdLab_Set        case.o
    0x0800596c   0x0800596c   0x000001e8   Code   RO          320    i.CmdManip_Set      case.o
    0x08005b54   0x08005b54   0x0000006c   Code   RO          161    i.Com_SendToEth     comunication.o
    0x08005bc0   0x08005bc0   0x0000005c   Code   RO          162    i.Com_SendToSatel   comunication.o
    0x08005c1c   0x08005c1c   0x00000064   Code   RO           86    i.Control_Conf      control.o
    0x08005c80   0x08005c80   0x00000040   Code   RO           87    i.Control_IWDGConf  control.o
    0x08005cc0   0x08005cc0   0x00000de8   Code   RO           88    i.Control_StructConf  control.o
    0x08006aa8   0x08006aa8   0x00000012   Code   RO          438    i.LCD_Dwin_ClearStr  lcd_dwin.o
    0x08006aba   0x08006aba   0x00000002   PAD
    0x08006abc   0x08006abc   0x0000005c   Code   RO          439    i.LCD_Dwin_Conf     lcd_dwin.o
    0x08006b18   0x08006b18   0x00000494   Code   RO          440    i.LCD_Dwin_SendToLcd  lcd_dwin.o
    0x08006fac   0x08006fac   0x0000001c   Code   RO          321    i.PrepareToFrame    case.o
    0x08006fc8   0x08006fc8   0x00000064   Code   RO           89    i.RCC_Conf          control.o
    0x0800702c   0x0800702c   0x00000080   Code   RO           90    i.RCC_SystemInit    control.o
    0x080070ac   0x080070ac   0x00000030   Code   RO           91    i.SysTick_Handler   control.o
    0x080070dc   0x080070dc   0x00000064   Code   RO          486    i.SystemInit        system_stm32f4xx.o
    0x08007140   0x08007140   0x00000028   Code   RO          163    i.TIM2_IRQHandler   comunication.o
    0x08007168   0x08007168   0x0000001c   Code   RO          322    i.TIM3_IRQHandler   case.o
    0x08007184   0x08007184   0x00000024   Code   RO          323    i.TIM4_IRQHandler   case.o
    0x080071a8   0x080071a8   0x00000024   Code   RO          164    i.TIM6_DAC_IRQHandler  comunication.o
    0x080071cc   0x080071cc   0x00000024   Code   RO          324    i.TIM7_IRQHandler   case.o
    0x080071f0   0x080071f0   0x00000024   Code   RO          165    i.UART4_IRQHandler  comunication.o
    0x08007214   0x08007214   0x00000024   Code   RO          166    i.UART5_IRQHandler  comunication.o
    0x08007238   0x08007238   0x00000020   Code   RO          167    i.USART1_IRQHandler  comunication.o
    0x08007258   0x08007258   0x00000020   Code   RO          168    i.USART2_IRQHandler  comunication.o
    0x08007278   0x08007278   0x00000020   Code   RO          169    i.USART6_IRQHandler  comunication.o
    0x08007298   0x08007298   0x0000001a   Code   RO          170    i.__NVIC_EnableIRQ  comunication.o
    0x080072b2   0x080072b2   0x0000001a   Code   RO          325    i.__NVIC_EnableIRQ  case.o
    0x080072cc   0x080072cc   0x00000014   Code   RO          563    i.__hardfp_fabs     m_wm.l(fabs.o)
    0x080072e0   0x080072e0   0x0000002c   Code   RO          326    i.buzzer_off        case.o
    0x0800730c   0x0800730c   0x00000024   Code   RO          327    i.buzzer_on         case.o
    0x08007330   0x08007330   0x00000040   Code   RO          171    i.crc16             comunication.o
    0x08007370   0x08007370   0x0000001c   Code   RO           92    i.delay_ms          control.o
    0x0800738c   0x0800738c   0x000004bc   Code   RO          328    i.direction_motor   case.o
    0x08007848   0x08007848   0x0000001a   Code   RO            4    i.main              main.o
    0x08007862   0x08007862   0x00000018   Code   RO          525    x$fpl$basic         fz_wm.l(basic.o)
    0x0800787a   0x0800787a   0x00000002   PAD
    0x0800787c   0x0800787c   0x00000150   Code   RO          527    x$fpl$dadd          fz_wm.l(daddsub_clz.o)
    0x080079cc   0x080079cc   0x00000018   Code   RO          570    x$fpl$dcmpinf       fz_wm.l(dcmpi.o)
    0x080079e4   0x080079e4   0x000002b0   Code   RO          534    x$fpl$ddiv          fz_wm.l(ddiv.o)
    0x08007c94   0x08007c94   0x00000078   Code   RO          537    x$fpl$deqf          fz_wm.l(deqf.o)
    0x08007d0c   0x08007d0c   0x0000005e   Code   RO          539    x$fpl$dfix          fz_wm.l(dfix.o)
    0x08007d6a   0x08007d6a   0x00000002   PAD
    0x08007d6c   0x08007d6c   0x0000005a   Code   RO          543    x$fpl$dfixu         fz_wm.l(dfixu.o)
    0x08007dc6   0x08007dc6   0x0000002e   Code   RO          548    x$fpl$dflt          fz_wm.l(dflt_clz.o)
    0x08007df4   0x08007df4   0x000000a2   Code   RO          553    x$fpl$dfltll        fz_wm.l(dfltll_clz.o)
    0x08007e96   0x08007e96   0x00000026   Code   RO          547    x$fpl$dfltu         fz_wm.l(dflt_clz.o)
    0x08007ebc   0x08007ebc   0x0000008a   Code   RO          554    x$fpl$dfltull       fz_wm.l(dfltll_clz.o)
    0x08007f46   0x08007f46   0x00000002   PAD
    0x08007f48   0x08007f48   0x00000078   Code   RO          557    x$fpl$dleqf         fz_wm.l(dleqf.o)
    0x08007fc0   0x08007fc0   0x00000154   Code   RO          559    x$fpl$dmul          fz_wm.l(dmul.o)
    0x08008114   0x08008114   0x0000009c   Code   RO          572    x$fpl$dnaninf       fz_wm.l(dnaninf.o)
    0x080081b0   0x080081b0   0x0000000c   Code   RO          574    x$fpl$dretinf       fz_wm.l(dretinf.o)
    0x080081bc   0x080081bc   0x0000006c   Code   RO          561    x$fpl$drleqf        fz_wm.l(drleqf.o)
    0x08008228   0x08008228   0x000001d4   Code   RO          529    x$fpl$dsub          fz_wm.l(daddsub_clz.o)
    0x080083fc   0x080083fc   0x0000000a   Code   RO          661    x$fpl$fpinit        fz_wm.l(fpinit.o)
    0x08008406   0x08008406   0x00000000   Code   RO          576    x$fpl$usenofp       fz_wm.l(usenofp.o)
    0x08008406   0x08008406   0x00000002   PAD
    0x08008408   0x08008408   0x00000020   Data   RO          729    Region$$Table       anon$$obj.o


    Execution Region ER_RW (Exec base: 0x20000000, Load base: 0x08008428, Size: 0x00000008, Max: 0xffffffff, ABSOLUTE)

    Exec Addr    Load Addr    Size         Type   Attr      Idx    E Section Name        Object

    0x20000000   0x08008428   0x00000004   Data   RW            6    .data               main.o
    0x20000004   0x0800842c   0x00000001   Data   RW          442    .data               lcd_dwin.o


    Execution Region ER_ZI (Exec base: 0x20000008, Load base: 0x08008430, Size: 0x00009300, Max: 0xffffffff, ABSOLUTE)

    Exec Addr    Load Addr    Size         Type   Attr      Idx    E Section Name        Object

    0x20000008        -       0x000089b0   Zero   RW            5    .bss                main.o
    0x200089b8        -       0x000002ee   Zero   RW          441    .bss                lcd_dwin.o
    0x20008ca6   0x08008430   0x00000002   PAD
    0x20008ca8        -       0x00000060   Zero   RW          603    .bss                c_w.l(libspace.o)
    0x20008d08        -       0x00000200   Zero   RW          476    HEAP                startup_stm32f407xx.o
    0x20008f08        -       0x00000400   Zero   RW          475    STACK               startup_stm32f407xx.o


==============================================================================

Image component sizes


      Code (inc. data)   RO Data    RW Data    ZI Data      Debug   Object Name

     16858        488          0          0          0      13860   case.o
      7760        270          0          0          0      46772   comunication.o
      4028        350          0          0          0      34923   control.o
      1282         90          0          1        750       3154   lcd_dwin.o
        26          0          0          4      35248     572800   main.o
        64         26        392          0       1536        920   startup_stm32f407xx.o
       100         18          0          0          0        585   system_stm32f4xx.o

    ----------------------------------------------------------------------
     30122       1242        424          8      37536     673014   Object Totals
         0          0         32          0          0          0   (incl. Generated)
         4          0          0          3          2          0   (incl. Padding)

    ----------------------------------------------------------------------

      Code (inc. data)   RO Data    RW Data    ZI Data      Debug   Library Member Name

         8          0          0          0          0         68   __main.o
         0          0          0          0          0          0   __rtentry.o
        12          0          0          0          0          0   __rtentry2.o
         6          0          0          0          0          0   __rtentry4.o
        52          8          0          0          0          0   __scatter.o
        26          0          0          0          0          0   __scatter_copy.o
        28          0          0          0          0          0   __scatter_zi.o
        18          0          0          0          0         80   exit.o
         6          0          0          0          0        152   heapauxi.o
         0          0          0          0          0          0   indicate_semi.o
         2          0          0          0          0          0   libinit.o
         6          0          0          0          0          0   libinit2.o
         2          0          0          0          0          0   libshutdown.o
         2          0          0          0          0          0   libshutdown2.o
         8          4          0          0         96         68   libspace.o
         2          0          0          0          0          0   rtexit.o
        10          0          0          0          0          0   rtexit2.o
        12          4          0          0          0         68   sys_exit.o
        74          0          0          0          0         80   sys_stackheap_outer.o
         2          0          0          0          0         68   use_no_semi.o
        24          0          0          0          0        164   basic.o
       804         16          0          0          0        368   daddsub_clz.o
        24          0          0          0          0        116   dcmpi.o
       688        140          0          0          0        256   ddiv.o
       120          4          0          0          0        140   deqf.o
        94          4          0          0          0        140   dfix.o
        90          4          0          0          0        140   dfixu.o
        84          0          0          0          0        232   dflt_clz.o
       300          0          0          0          0        264   dfltll_clz.o
       120          4          0          0          0        140   dleqf.o
       340         12          0          0          0        152   dmul.o
       156          4          0          0          0        140   dnaninf.o
        12          0          0          0          0        116   dretinf.o
       108          0          0          0          0        128   drleqf.o
        10          0          0          0          0        116   fpinit.o
         0          0          0          0          0          0   usenofp.o
        20          0          0          0          0        124   fabs.o

    ----------------------------------------------------------------------
      3286        204          0          0         96       3320   Library Totals
        16          0          0          0          0          0   (incl. Padding)

    ----------------------------------------------------------------------

      Code (inc. data)   RO Data    RW Data    ZI Data      Debug   Library Name

       276         16          0          0         96        584   c_w.l
      2974        188          0          0          0       2612   fz_wm.l
        20          0          0          0          0        124   m_wm.l

    ----------------------------------------------------------------------
      3286        204          0          0         96       3320   Library Totals

    ----------------------------------------------------------------------

==============================================================================


      Code (inc. data)   RO Data    RW Data    ZI Data      Debug   

     33408       1446        424          8      37632     669278   Grand Totals
     33408       1446        424          8      37632     669278   ELF Image Totals
     33408       1446        424          8          0          0   ROM Totals

==============================================================================

    Total RO  Size (Code + RO Data)                33832 (  33.04kB)
    Total RW  Size (RW Data + ZI Data)             37640 (  36.76kB)
    Total ROM Size (Code + RO Data + RW Data)      33840 (  33.05kB)

==============================================================================

